make[1]: Entering directory '/home/ray/workplace/git_download/HiSTB_origin/HiSTBLinux'
make[1]: Entering directory '/home/ray/workplace/git_download/HiSTB_origin/HiSTBLinux/source/boot'
make[1]: Entering directory '/home/ray/workplace/git_download/HiSTB_origin/HiSTBLinux/source/kernel'
[DEBUG] kernel MAKE = make
[DEBUG] MAKELEVEL=1
[DEBUG] JOBSERVER = 
[DEBUG] kernel MAKEFLAGS = w
make[1]: Entering directory '/home/ray/workplace/git_download/HiSTB_origin/HiSTBLinux/tools/linux/utils'
make[1]: Entering directory '/home/ray/workplace/git_download/HiSTB_origin/HiSTBLinux/source/rootfs'
make[1]: Entering directory '/home/ray/workplace/git_download/HiSTB_origin/HiSTBLinux/source/msp/api'
make[1]: Entering directory '/home/ray/workplace/git_download/HiSTB_origin/HiSTBLinux/source/msp/api/higo'
make[1]: Entering directory '/home/ray/workplace/git_download/HiSTB_origin/HiSTBLinux/source/common/api'
make[2]: Entering directory '/home/ray/workplace/git_download/HiSTB_origin/HiSTBLinux/tools/linux/utils'
make[2]: warning: -j1 forced in submake: resetting jobserver mode.
-e [35mBuild scripts ...[00m
make -C scripts PREFIX=/home/ray/workplace/git_download/HiSTB_origin/HiSTBLinux/out/hi3798mv100/hi3798mv100_out/obj/rootfs CROSS_COMPILE=arm-histbv310-linux- CONFIG_LIBCPP_SUPPORT=y CONFIG_ETH_SUPPORT=y CONFIG_ADVCA_TYPE=n
make[2]: Entering directory '/home/ray/workplace/git_download/HiSTB_origin/HiSTBLinux/source/rootfs/scripts'
gcc -o /home/ray/workplace/git_download/HiSTB_origin/HiSTBLinux/out/hi3798mv100/hi3798mv100_out/tools/linux/utils/mkloaderdb-tool/mkloaderdb mkloaderdb.c -lz
make[1]: Leaving directory '/home/ray/workplace/git_download/HiSTB_origin/HiSTBLinux'
make prebuilts over
make[2]: Entering directory '/home/ray/workplace/git_download/HiSTB_origin/HiSTBLinux/source/kernel/linux-4.4.y'
make[3]: Entering directory '/home/ray/workplace/git_download/HiSTB_origin/HiSTBLinux/out/hi3798mv100/hi3798mv100_out/obj/source/kernel/linux-4.4.y'
make[1]: Leaving directory '/home/ray/workplace/git_download/HiSTB_origin/HiSTBLinux/source/msp/api/higo'
-e [35mBuild busybox ...[00m
make -C busybox PREFIX=/home/ray/workplace/git_download/HiSTB_origin/HiSTBLinux/out/hi3798mv100/hi3798mv100_out/obj/rootfs CROSS_COMPILE=arm-histbv310-linux- CONFIG_LIBCPP_SUPPORT=y CONFIG_ETH_SUPPORT=y CONFIG_ADVCA_TYPE=n
make[2]: Entering directory '/home/ray/workplace/git_download/HiSTB_origin/HiSTBLinux/source/rootfs/busybox'
make[2]: Leaving directory '/home/ray/workplace/git_download/HiSTB_origin/HiSTBLinux/tools/linux/utils/mkloaderdb-tool'
make[2]: Entering directory '/home/ray/workplace/git_download/HiSTB_origin/HiSTBLinux/tools/linux/utils'
make[2]: warning: -j1 forced in submake: resetting jobserver mode.
gcc -o /home/ray/workplace/git_download/HiSTB_origin/HiSTBLinux/out/hi3798mv100/hi3798mv100_out/tools/linux/utils/mkdeviceinfo-tool/mkdeviceinfo  mkdeviceinfo.c -lz
make[2]: Leaving directory '/home/ray/workplace/git_download/HiSTB_origin/HiSTBLinux/tools/linux/utils/mkdeviceinfo-tool'
-e [35mBuild udev ...[00m
make -C udev PREFIX=/home/ray/workplace/git_download/HiSTB_origin/HiSTBLinux/out/hi3798mv100/hi3798mv100_out/obj/rootfs CROSS_COMPILE=arm-histbv310-linux- CONFIG_LIBCPP_SUPPORT=y CONFIG_ETH_SUPPORT=y CONFIG_ADVCA_TYPE=n
make[2]: Entering directory '/home/ray/workplace/git_download/HiSTB_origin/HiSTBLinux/source/rootfs/udev'
make[1]: Leaving directory '/home/ray/workplace/git_download/HiSTB_origin/HiSTBLinux/tools/linux/utils'
-e [35mBuild dosfstools ...[00m
make -C dosfstools PREFIX=/home/ray/workplace/git_download/HiSTB_origin/HiSTBLinux/out/hi3798mv100/hi3798mv100_out/obj/rootfs CROSS_COMPILE=arm-histbv310-linux- CONFIG_LIBCPP_SUPPORT=y CONFIG_ETH_SUPPORT=y CONFIG_ADVCA_TYPE=n
make[2]: Entering directory '/home/ray/workplace/git_download/HiSTB_origin/HiSTBLinux/source/rootfs/dosfstools'
  HOSTCC  scripts/basic/fixdep
make[3]: Entering directory '/home/ray/workplace/git_download/HiSTB_origin/HiSTBLinux/out/hi3798mv100/hi3798mv100_out/obj/source/rootfs/dosfstools/dosfstools-3.0.25'
make[3]: warning: jobserver unavailable: using -j1.  Add '+' to parent make rule.
arm-histbv310-linux-gcc -O2 -fomit-frame-pointer -D_GNU_SOURCE  -Wall -Wextra -Wno-sign-compare -Wno-missing-field-initializers -Wmissing-prototypes -Wstrict-prototypes -g   -c -o fatlabel.o src/fatlabel.c
arm-histbv310-linux-gcc -O2 -fomit-frame-pointer -D_GNU_SOURCE  -Wall -Wextra -Wno-sign-compare -Wno-missing-field-initializers -Wmissing-prototypes -Wstrict-prototypes -g   -c -o boot.o src/boot.c
  GEN     ./Makefile
arm-histbv310-linux-gcc -O2 -fomit-frame-pointer -D_GNU_SOURCE  -Wall -Wextra -Wno-sign-compare -Wno-missing-field-initializers -Wmissing-prototypes -Wstrict-prototypes -g   -c -o check.o src/check.c
configure: WARNING: if you wanted to set the --build type, don't use --host.
    If a cross compiler is detected then cross compile mode will be used
src/check.c: In function 'check_file':
src/check.c:557:4: warning: format '%lu' expects argument of type 'long unsigned int', but argument 4 has type 'long long unsigned int' [-Wformat=]
    le32toh(file->dir_ent.size));
    ^
checking for a BSD-compatible install... /usr/bin/install -c
checking whether build environment is sane...   HOSTCC  scripts/kconfig/conf.o
make[3]: Entering directory '/home/ray/workplace/git_download/HiSTB_origin/HiSTBLinux/out/hi3798mv100/hi3798mv100_out/obj/source/rootfs/busybox/busybox-1_26_2'
make[3]: warning: jobserver unavailable: using -j1.  Add '+' to parent make rule.
  SHIPPED scripts/kconfig/zconf.tab.c
  SHIPPED scripts/kconfig/zconf.lex.c
  SHIPPED scripts/kconfig/zconf.hash.c
arm-histbv310-linux-gcc -O2 -fomit-frame-pointer -D_GNU_SOURCE  -Wall -Wextra -Wno-sign-compare -Wno-missing-field-initializers -Wmissing-prototypes -Wstrict-prototypes -g   -c -o common.o src/common.c
removed '/home/ray/workplace/git_download/HiSTB_origin/HiSTBLinux/out/hi3798mv100/hi3798mv100_out/obj/source/boot/fastboot/include/configs/hi3798mx_config.h'
chmod 0755 /home/ray/workplace/git_download/HiSTB_origin/HiSTBLinux/out/hi3798mv100/hi3798mv100_out/obj/source/boot/fastboot/include/configs/export.sh
arm-histbv310-linux-gcc -O2 -fomit-frame-pointer -D_GNU_SOURCE  -Wall -Wextra -Wno-sign-compare -Wno-missing-field-initializers -Wmissing-prototypes -Wstrict-prototypes -g   -c -o fat.o src/fat.c
  HOSTCC  scripts/kconfig/zconf.tab.o
arm-histbv310-linux-gcc -O2 -fomit-frame-pointer -D_GNU_SOURCE  -Wall -Wextra -Wno-sign-compare -Wno-missing-field-initializers -Wmissing-prototypes -Wstrict-prototypes -g   -c -o file.o src/file.c
  GEN     include/applets.h
  GEN     include/usage.h
  GEN     runit/Kbuild
  GEN     runit/Config.in
yes
arm-histbv310-linux-gcc -O2 -fomit-frame-pointer -D_GNU_SOURCE  -Wall -Wextra -Wno-sign-compare -Wno-missing-field-initializers -Wmissing-prototypes -Wstrict-prototypes -g   -c -o io.o src/io.c
checking for arm-histbv310-linux-strip... arm-histbv310-linux-strip
checking for a thread-safe mkdir -p...   GEN     libpwdgrp/Kbuild
/usr/bin/mkdir -p
checking for gawk... gawk
checking whether make sets $(MAKE)...   GEN     e2fsprogs/Kbuild
yes
  GEN     e2fsprogs/Config.in
checking for style of include used by make... GNU
checking for arm-histbv310-linux-gcc... arm-histbv310-linux-gcc
  GEN     init/Kbuild
  GEN     init/Config.in
make -C /home/ray/workplace/git_download/HiSTB_origin/HiSTBLinux/out/hi3798mv100/hi3798mv100_out/obj/source/boot/fastboot ARCH=arm CROSS_COMPILE=arm-histbv310-linux- LIBSPRODUCT=/home/ray/workplace/git_download/HiSTB_origin/HiSTBLinux/out/hi3798mv100/hi3798mv100_out/obj/source/boot/product/libproduct.a CONFIG_COMPRESS_BOOT= O= CONFIG_MERGE_IMAGE= CHIP_TYPE=hi3798mv100 hi3798mx_config
  GEN     printutils/Kbuild
make[2]: Entering directory '/home/ray/workplace/git_download/HiSTB_origin/HiSTBLinux/source/boot'
make[2]: warning: jobserver unavailable: using -j1.  Add '+' to parent make rule.
checking whether the C compiler works...   GEN     printutils/Config.in
  GEN     util-linux/Kbuild
Configuring for hi3798mx board...
  GEN     util-linux/Config.in
make[2]: Leaving directory '/home/ray/workplace/git_download/HiSTB_origin/HiSTBLinux/out/hi3798mv100/hi3798mv100_out/obj/source/boot/fastboot'
make -C /home/ray/workplace/git_download/HiSTB_origin/HiSTBLinux/out/hi3798mv100/hi3798mv100_out/obj/source/boot/product ARCH=arm CROSS_COMPILE=arm-histbv310-linux- LIBSPRODUCT=/home/ray/workplace/git_download/HiSTB_origin/HiSTBLinux/out/hi3798mv100/hi3798mv100_out/obj/source/boot/product/libproduct.a CONFIG_COMPRESS_BOOT= O= CONFIG_MERGE_IMAGE= CHIP_TYPE=hi3798mv100 O=/home/ray/workplace/git_download/HiSTB_origin/HiSTBLinux/out/hi3798mv100/hi3798mv100_out/obj/source/boot
make[2]: Entering directory '/home/ray/workplace/git_download/HiSTB_origin/HiSTBLinux/source/boot'
make[2]: warning: jobserver unavailable: using -j1.  Add '+' to parent make rule.
arm-histbv310-linux-gcc -O2 -fomit-frame-pointer -D_GNU_SOURCE  -Wall -Wextra -Wno-sign-compare -Wno-missing-field-initializers -Wmissing-prototypes -Wstrict-prototypes -g   -c -o lfn.o src/lfn.c
make -C adp all
make[3]: Entering directory '/home/ray/workplace/git_download/HiSTB_origin/HiSTBLinux/out/hi3798mv100/hi3798mv100_out/obj/source/boot/product/adp'
arm-histbv310-linux-gcc -g -Os -D__KERNEL__ -fno-strict-aliasing -fno-common -ffixed-r8 -nostdinc -isystem /home/ray/workplace/git_download/HiSTB_origin/HiSTBLinux/tools/linux/toolchains/arm-histbv310-linux/bin/../lib/gcc/arm-gcc492_glibc224-linux-gnueabi/4.9.2/include  -fno-builtin -ffreestanding  -pipe -marm  -mabi=aapcs-linux -mfloat-abi=soft -mno-thumb-interwork -Wall -Wstrict-prototypes -fno-stack-protector -I/home/ray/workplace/git_download/HiSTB_origin/HiSTBLinux/out/hi3798mv100/hi3798mv100_out/obj/source/boot/fastboot/include -mcpu=cortex-a7 -Werror -Wall -D_GNU_SOURCE -D_XOPEN_SOURCE=600 -O2 -fPIC -DCHIP_TYPE_hi3798mv100 -DSDK_VERSION="HiSTBLinuxV100R005C00SPC050_20170731" -DHI_LOG_SUPPORT=1 -DHI_LOG_LEVEL=4 -DLOG_NETWORK_SUPPORT -DLOG_UDISK_SUPPORT -DHI_PROC_SUPPORT=1 -DHI_HDMI_SUPPORT_1_4 -DHI_PVR_SUPPORT -DHI_VI_SUPPORT -DHI_VENC_SUPPORT -DHI_PQ_V3_0  -I/home/ray/workplace/git_download/HiSTB_origin/HiSTBLinux/out/hi3798mv100/hi3798mv100_out/obj/source/boot/product/driver/include -I/home/ray/workplace/git_download/HiSTB_origin/HiSTBLinux/out/hi3798mv100/hi3798mv100_out/obj/source/boot/product/driver/include_inc -I/home/ray/workplace/git_download/HiSTB_origin/HiSTBLinux/out/hi3798mv100/hi3798mv100_out/obj/source/boot/product/loader/schedule -I/home/ray/workplace/git_download/HiSTB_origin/HiSTBLinux/out/hi3798mv100/hi3798mv100_out/obj/source/boot/product/logo/include -I/home/ray/workplace/git_download/HiSTB_origin/HiSTBLinux/out/hi3798mv100/hi3798mv100_out/obj/source/boot/product/driver/graphic/include -I/home/ray/workplace/git_download/HiSTB_origin/HiSTBLinux/out/hi3798mv100/hi3798mv100_out/obj/source/boot/product/adp/include -I/home/ray/workplace/git_download/HiSTB_origin/HiSTBLinux/out/hi3798mv100/hi3798mv100_out/obj/source/boot/product/pdm/include -I/home/ray/workplace/git_download/HiSTB_origin/HiSTBLinux/source/common/include -I/home/ray/workplace/git_download/HiSTB_origin/HiSTBLinux/source/common/drv/include -I/home/ray/workplace/git_download/HiSTB_origin/HiSTBLinux/out/hi3798mv100/hi3798mv100_out/obj/source/boot/miniboot/app -DCONFIG_ARM -D__ARM__ -DHI_PM_POWERUP_MODE1_SUPPORT -DHI_AVS_SUPPORT -I/home/ray/workplace/git_download/HiSTB_origin/HiSTBLinux/out/hi3798mv100/hi3798mv100_out/obj/source/boot/product/driver/include -I/home/ray/workplace/git_download/HiSTB_origin/HiSTBLinux/out/hi3798mv100/hi3798mv100_out/obj/source/boot/product/driver/include_inc -I/home/ray/workplace/git_download/HiSTB_origin/HiSTBLinux/source/boot/fastboot/arch/arm/include -I/home/ray/workplace/git_download/HiSTB_origin/HiSTBLinux/source/boot/fastboot/include -I/home/ray/workplace/git_download/HiSTB_origin/HiSTBLinux/source/common/include -I/home/ray/workplace/git_download/HiSTB_origin/HiSTBLinux/out/hi3798mv100/hi3798mv100_out/obj/source/boot/product/driver/graphic/include -I/home/ray/workplace/git_download/HiSTB_origin/HiSTBLinux/out/hi3798mv100/hi3798mv100_out/obj/source/boot/product/logo/include -I/home/ray/workplace/git_download/HiSTB_origin/HiSTBLinux/out/hi3798mv100/hi3798mv100_out/obj/source/boot/product/adp/include   -c -o boot_adp.o boot_adp.c
  GEN     util-linux/volume_id/Kbuild
  GEN     util-linux/volume_id/Config.in
yes
checking for C compiler default output file name... a.out
  GEN     mailutils/Kbuild
checking for suffix of executables...   GEN     mailutils/Config.in
  GEN     libbb/Kbuild
make[3]: Leaving directory '/home/ray/workplace/git_download/HiSTB_origin/HiSTBLinux/out/hi3798mv100/hi3798mv100_out/obj/source/boot/product/adp'
make -C driver all
make[3]: Entering directory '/home/ray/workplace/git_download/HiSTB_origin/HiSTBLinux/out/hi3798mv100/hi3798mv100_out/obj/source/boot/product/driver'
make -C graphic prepare
make[4]: Entering directory '/home/ray/workplace/git_download/HiSTB_origin/HiSTBLinux/out/hi3798mv100/hi3798mv100_out/obj/source/boot/product/driver/graphic'
  GEN     libbb/Config.in
  GEN     networking/Kbuild

checking whether we are cross compiling...   GEN     networking/Config.in
  GEN     networking/libiproute/Kbuild
make[2]: Leaving directory '/home/ray/workplace/git_download/HiSTB_origin/HiSTBLinux/source/rootfs/scripts'
  GEN     networking/udhcp/Kbuild
  GEN     networking/udhcp/Config.in
make[4]: Leaving directory '/home/ray/workplace/git_download/HiSTB_origin/HiSTBLinux/out/hi3798mv100/hi3798mv100_out/obj/source/boot/product/driver/graphic'
make -C disp prepare
make[4]: Entering directory '/home/ray/workplace/git_download/HiSTB_origin/HiSTBLinux/out/hi3798mv100/hi3798mv100_out/obj/source/boot/product/driver/disp'
echo "hahahaha"
hahahaha
cp -rf /home/ray/workplace/git_download/HiSTB_origin/HiSTBLinux/source/msp/drv/vo/vdp_v2_0  /home/ray/workplace/git_download/HiSTB_origin/HiSTBLinux/out/hi3798mv100/hi3798mv100_out/obj/source/boot/product/driver/disp/
  GEN     loginutils/Kbuild
  GEN     loginutils/Config.in
  GEN     editors/Kbuild
arm-histbv310-linux-gcc -O2 -fomit-frame-pointer -D_GNU_SOURCE  -Wall -Wextra -Wno-sign-compare -Wno-missing-field-initializers -Wmissing-prototypes -Wstrict-prototypes -g   -c -o charconv.o src/charconv.c
-e [35mBuild gdb ...[00m
make -C gdb PREFIX=/home/ray/workplace/git_download/HiSTB_origin/HiSTBLinux/out/hi3798mv100/hi3798mv100_out/obj/rootfs CROSS_COMPILE=arm-histbv310-linux- CONFIG_LIBCPP_SUPPORT=y CONFIG_ETH_SUPPORT=y CONFIG_ADVCA_TYPE=n
  GEN     editors/Config.in
make[2]: Entering directory '/home/ray/workplace/git_download/HiSTB_origin/HiSTBLinux/source/rootfs/gdb'
yes
checking for suffix of object files...   GEN     debianutils/Kbuild
  GEN     debianutils/Config.in
o
checking whether we are using the GNU C compiler... find . -name "*.o" -o -name "*.so" -o -name "*.a" |xargs rm -fr
  GEN     selinux/Kbuild
make[4]: Leaving directory '/home/ray/workplace/git_download/HiSTB_origin/HiSTBLinux/out/hi3798mv100/hi3798mv100_out/obj/source/boot/product/driver/disp'
make -C pq prepare
arm-histbv310-linux-gcc   fatlabel.o boot.o check.o common.o fat.o file.o io.o lfn.o charconv.o   -o fatlabel
make[4]: Entering directory '/home/ray/workplace/git_download/HiSTB_origin/HiSTBLinux/out/hi3798mv100/hi3798mv100_out/obj/source/boot/product/driver/pq'
make[4]: Nothing to be done for 'prepare'.
make[4]: Leaving directory '/home/ray/workplace/git_download/HiSTB_origin/HiSTBLinux/out/hi3798mv100/hi3798mv100_out/obj/source/boot/product/driver/pq'
make -C common all
make[4]: Entering directory '/home/ray/workplace/git_download/HiSTB_origin/HiSTBLinux/out/hi3798mv100/hi3798mv100_out/obj/source/boot/product/driver/common'
arm-histbv310-linux-gcc -g -Os -D__KERNEL__ -fno-strict-aliasing -fno-common -ffixed-r8 -nostdinc -isystem /home/ray/workplace/git_download/HiSTB_origin/HiSTBLinux/tools/linux/toolchains/arm-histbv310-linux/bin/../lib/gcc/arm-gcc492_glibc224-linux-gnueabi/4.9.2/include  -fno-builtin -ffreestanding  -pipe -marm  -mabi=aapcs-linux -mfloat-abi=soft -mno-thumb-interwork -Wall -Wstrict-prototypes -fno-stack-protector -I/home/ray/workplace/git_download/HiSTB_origin/HiSTBLinux/out/hi3798mv100/hi3798mv100_out/obj/source/boot/fastboot/include -mcpu=cortex-a7 -Werror -Wall -D_GNU_SOURCE -D_XOPEN_SOURCE=600 -O2 -fPIC -DCHIP_TYPE_hi3798mv100 -DSDK_VERSION="HiSTBLinuxV100R005C00SPC050_20170731" -DHI_LOG_SUPPORT=1 -DHI_LOG_LEVEL=4 -DLOG_NETWORK_SUPPORT -DLOG_UDISK_SUPPORT -DHI_PROC_SUPPORT=1 -DHI_HDMI_SUPPORT_1_4 -DHI_PVR_SUPPORT -DHI_VI_SUPPORT -DHI_VENC_SUPPORT -DHI_PQ_V3_0  -I/home/ray/workplace/git_download/HiSTB_origin/HiSTBLinux/out/hi3798mv100/hi3798mv100_out/obj/source/boot/product/driver/include -I/home/ray/workplace/git_download/HiSTB_origin/HiSTBLinux/out/hi3798mv100/hi3798mv100_out/obj/source/boot/product/driver/include_inc -I/home/ray/workplace/git_download/HiSTB_origin/HiSTBLinux/out/hi3798mv100/hi3798mv100_out/obj/source/boot/product/loader/schedule -I/home/ray/workplace/git_download/HiSTB_origin/HiSTBLinux/out/hi3798mv100/hi3798mv100_out/obj/source/boot/product/logo/include -I/home/ray/workplace/git_download/HiSTB_origin/HiSTBLinux/out/hi3798mv100/hi3798mv100_out/obj/source/boot/product/driver/graphic/include -I/home/ray/workplace/git_download/HiSTB_origin/HiSTBLinux/out/hi3798mv100/hi3798mv100_out/obj/source/boot/product/adp/include -I/home/ray/workplace/git_download/HiSTB_origin/HiSTBLinux/out/hi3798mv100/hi3798mv100_out/obj/source/boot/product/pdm/include -I/home/ray/workplace/git_download/HiSTB_origin/HiSTBLinux/source/common/include -I/home/ray/workplace/git_download/HiSTB_origin/HiSTBLinux/source/common/drv/include -I/home/ray/workplace/git_download/HiSTB_origin/HiSTBLinux/out/hi3798mv100/hi3798mv100_out/obj/source/boot/miniboot/app -DCONFIG_ARM -D__ARM__ -DHI_PM_POWERUP_MODE1_SUPPORT -DHI_AVS_SUPPORT -I/home/ray/workplace/git_download/HiSTB_origin/HiSTBLinux/out/hi3798mv100/hi3798mv100_out/obj/source/boot/product/driver/include -I/home/ray/workplace/git_download/HiSTB_origin/HiSTBLinux/out/hi3798mv100/hi3798mv100_out/obj/source/boot/product/driver/include_inc -I/home/ray/workplace/git_download/HiSTB_origin/HiSTBLinux/source/boot/fastboot/arch/arm/include -I/home/ray/workplace/git_download/HiSTB_origin/HiSTBLinux/source/boot/fastboot/include -I/home/ray/workplace/git_download/HiSTB_origin/HiSTBLinux/source/common/include -DHI_BOOT_LOG_SUPPORT   -c -o boot_debug.o boot_debug.c
  GEN     selinux/Config.in
yes
checking whether arm-histbv310-linux-gcc accepts -g...   GEN     shell/Kbuild
  GEN     shell/Config.in
yes
checking for arm-histbv310-linux-gcc option to accept ISO C89...   GEN     modutils/Kbuild
  GEN     modutils/Config.in
arm-histbv310-linux-gcc -O2 -fomit-frame-pointer -D_GNU_SOURCE  -Wall -Wextra -Wno-sign-compare -Wno-missing-field-initializers -Wmissing-prototypes -Wstrict-prototypes -g   -c -o fsck.fat.o src/fsck.fat.c
  GEN     miscutils/Kbuild
arm-histbv310-linux-gcc -g -Os -D__KERNEL__ -fno-strict-aliasing -fno-common -ffixed-r8 -nostdinc -isystem /home/ray/workplace/git_download/HiSTB_origin/HiSTBLinux/tools/linux/toolchains/arm-histbv310-linux/bin/../lib/gcc/arm-gcc492_glibc224-linux-gnueabi/4.9.2/include  -fno-builtin -ffreestanding  -pipe -marm  -mabi=aapcs-linux -mfloat-abi=soft -mno-thumb-interwork -Wall -Wstrict-prototypes -fno-stack-protector -I/home/ray/workplace/git_download/HiSTB_origin/HiSTBLinux/out/hi3798mv100/hi3798mv100_out/obj/source/boot/fastboot/include -mcpu=cortex-a7 -Werror -Wall -D_GNU_SOURCE -D_XOPEN_SOURCE=600 -O2 -fPIC -DCHIP_TYPE_hi3798mv100 -DSDK_VERSION="HiSTBLinuxV100R005C00SPC050_20170731" -DHI_LOG_SUPPORT=1 -DHI_LOG_LEVEL=4 -DLOG_NETWORK_SUPPORT -DLOG_UDISK_SUPPORT -DHI_PROC_SUPPORT=1 -DHI_HDMI_SUPPORT_1_4 -DHI_PVR_SUPPORT -DHI_VI_SUPPORT -DHI_VENC_SUPPORT -DHI_PQ_V3_0  -I/home/ray/workplace/git_download/HiSTB_origin/HiSTBLinux/out/hi3798mv100/hi3798mv100_out/obj/source/boot/product/driver/include -I/home/ray/workplace/git_download/HiSTB_origin/HiSTBLinux/out/hi3798mv100/hi3798mv100_out/obj/source/boot/product/driver/include_inc -I/home/ray/workplace/git_download/HiSTB_origin/HiSTBLinux/out/hi3798mv100/hi3798mv100_out/obj/source/boot/product/loader/schedule -I/home/ray/workplace/git_download/HiSTB_origin/HiSTBLinux/out/hi3798mv100/hi3798mv100_out/obj/source/boot/product/logo/include -I/home/ray/workplace/git_download/HiSTB_origin/HiSTBLinux/out/hi3798mv100/hi3798mv100_out/obj/source/boot/product/driver/graphic/include -I/home/ray/workplace/git_download/HiSTB_origin/HiSTBLinux/out/hi3798mv100/hi3798mv100_out/obj/source/boot/product/adp/include -I/home/ray/workplace/git_download/HiSTB_origin/HiSTBLinux/out/hi3798mv100/hi3798mv100_out/obj/source/boot/product/pdm/include -I/home/ray/workplace/git_download/HiSTB_origin/HiSTBLinux/source/common/include -I/home/ray/workplace/git_download/HiSTB_origin/HiSTBLinux/source/common/drv/include -I/home/ray/workplace/git_download/HiSTB_origin/HiSTBLinux/out/hi3798mv100/hi3798mv100_out/obj/source/boot/miniboot/app -DCONFIG_ARM -D__ARM__ -DHI_PM_POWERUP_MODE1_SUPPORT -DHI_AVS_SUPPORT -I/home/ray/workplace/git_download/HiSTB_origin/HiSTBLinux/out/hi3798mv100/hi3798mv100_out/obj/source/boot/product/driver/include -I/home/ray/workplace/git_download/HiSTB_origin/HiSTBLinux/out/hi3798mv100/hi3798mv100_out/obj/source/boot/product/driver/include_inc -I/home/ray/workplace/git_download/HiSTB_origin/HiSTBLinux/source/boot/fastboot/arch/arm/include -I/home/ray/workplace/git_download/HiSTB_origin/HiSTBLinux/source/boot/fastboot/include -I/home/ray/workplace/git_download/HiSTB_origin/HiSTBLinux/source/common/include -DHI_BOOT_LOG_SUPPORT   -c -o boot_mem.o boot_mem.c
  GEN     miscutils/Config.in
none needed
checking dependency style of arm-histbv310-linux-gcc...   GEN     archival/Kbuild
  GEN     archival/Config.in
  GEN     archival/libarchive/Kbuild
arm-histbv310-linux-gcc -g -Os -D__KERNEL__ -fno-strict-aliasing -fno-common -ffixed-r8 -nostdinc -isystem /home/ray/workplace/git_download/HiSTB_origin/HiSTBLinux/tools/linux/toolchains/arm-histbv310-linux/bin/../lib/gcc/arm-gcc492_glibc224-linux-gnueabi/4.9.2/include  -fno-builtin -ffreestanding  -pipe -marm  -mabi=aapcs-linux -mfloat-abi=soft -mno-thumb-interwork -Wall -Wstrict-prototypes -fno-stack-protector -I/home/ray/workplace/git_download/HiSTB_origin/HiSTBLinux/out/hi3798mv100/hi3798mv100_out/obj/source/boot/fastboot/include -mcpu=cortex-a7 -Werror -Wall -D_GNU_SOURCE -D_XOPEN_SOURCE=600 -O2 -fPIC -DCHIP_TYPE_hi3798mv100 -DSDK_VERSION="HiSTBLinuxV100R005C00SPC050_20170731" -DHI_LOG_SUPPORT=1 -DHI_LOG_LEVEL=4 -DLOG_NETWORK_SUPPORT -DLOG_UDISK_SUPPORT -DHI_PROC_SUPPORT=1 -DHI_HDMI_SUPPORT_1_4 -DHI_PVR_SUPPORT -DHI_VI_SUPPORT -DHI_VENC_SUPPORT -DHI_PQ_V3_0  -I/home/ray/workplace/git_download/HiSTB_origin/HiSTBLinux/out/hi3798mv100/hi3798mv100_out/obj/source/boot/product/driver/include -I/home/ray/workplace/git_download/HiSTB_origin/HiSTBLinux/out/hi3798mv100/hi3798mv100_out/obj/source/boot/product/driver/include_inc -I/home/ray/workplace/git_download/HiSTB_origin/HiSTBLinux/out/hi3798mv100/hi3798mv100_out/obj/source/boot/product/loader/schedule -I/home/ray/workplace/git_download/HiSTB_origin/HiSTBLinux/out/hi3798mv100/hi3798mv100_out/obj/source/boot/product/logo/include -I/home/ray/workplace/git_download/HiSTB_origin/HiSTBLinux/out/hi3798mv100/hi3798mv100_out/obj/source/boot/product/driver/graphic/include -I/home/ray/workplace/git_download/HiSTB_origin/HiSTBLinux/out/hi3798mv100/hi3798mv100_out/obj/source/boot/product/adp/include -I/home/ray/workplace/git_download/HiSTB_origin/HiSTBLinux/out/hi3798mv100/hi3798mv100_out/obj/source/boot/product/pdm/include -I/home/ray/workplace/git_download/HiSTB_origin/HiSTBLinux/source/common/include -I/home/ray/workplace/git_download/HiSTB_origin/HiSTBLinux/source/common/drv/include -I/home/ray/workplace/git_download/HiSTB_origin/HiSTBLinux/out/hi3798mv100/hi3798mv100_out/obj/source/boot/miniboot/app -DCONFIG_ARM -D__ARM__ -DHI_PM_POWERUP_MODE1_SUPPORT -DHI_AVS_SUPPORT -I/home/ray/workplace/git_download/HiSTB_origin/HiSTBLinux/out/hi3798mv100/hi3798mv100_out/obj/source/boot/product/driver/include -I/home/ray/workplace/git_download/HiSTB_origin/HiSTBLinux/out/hi3798mv100/hi3798mv100_out/obj/source/boot/product/driver/include_inc -I/home/ray/workplace/git_download/HiSTB_origin/HiSTBLinux/source/boot/fastboot/arch/arm/include -I/home/ray/workplace/git_download/HiSTB_origin/HiSTBLinux/source/boot/fastboot/include -I/home/ray/workplace/git_download/HiSTB_origin/HiSTBLinux/source/common/include -DHI_BOOT_LOG_SUPPORT   -c -o common_str.o common_str.c
  GEN     findutils/Kbuild
  GEN     findutils/Config.in
arm-histbv310-linux-gcc   fsck.fat.o boot.o check.o common.o fat.o file.o io.o lfn.o charconv.o   -o fsck.fat
  GEN     console-tools/Kbuild
gcc3
checking how to run the C preprocessor...   GEN     console-tools/Config.in
arm-histbv310-linux-gcc -g -Os -D__KERNEL__ -fno-strict-aliasing -fno-common -ffixed-r8 -nostdinc -isystem /home/ray/workplace/git_download/HiSTB_origin/HiSTBLinux/tools/linux/toolchains/arm-histbv310-linux/bin/../lib/gcc/arm-gcc492_glibc224-linux-gnueabi/4.9.2/include  -fno-builtin -ffreestanding  -pipe -marm  -mabi=aapcs-linux -mfloat-abi=soft -mno-thumb-interwork -Wall -Wstrict-prototypes -fno-stack-protector -I/home/ray/workplace/git_download/HiSTB_origin/HiSTBLinux/out/hi3798mv100/hi3798mv100_out/obj/source/boot/fastboot/include -mcpu=cortex-a7 -Werror -Wall -D_GNU_SOURCE -D_XOPEN_SOURCE=600 -O2 -fPIC -DCHIP_TYPE_hi3798mv100 -DSDK_VERSION="HiSTBLinuxV100R005C00SPC050_20170731" -DHI_LOG_SUPPORT=1 -DHI_LOG_LEVEL=4 -DLOG_NETWORK_SUPPORT -DLOG_UDISK_SUPPORT -DHI_PROC_SUPPORT=1 -DHI_HDMI_SUPPORT_1_4 -DHI_PVR_SUPPORT -DHI_VI_SUPPORT -DHI_VENC_SUPPORT -DHI_PQ_V3_0  -I/home/ray/workplace/git_download/HiSTB_origin/HiSTBLinux/out/hi3798mv100/hi3798mv100_out/obj/source/boot/product/driver/include -I/home/ray/workplace/git_download/HiSTB_origin/HiSTBLinux/out/hi3798mv100/hi3798mv100_out/obj/source/boot/product/driver/include_inc -I/home/ray/workplace/git_download/HiSTB_origin/HiSTBLinux/out/hi3798mv100/hi3798mv100_out/obj/source/boot/product/loader/schedule -I/home/ray/workplace/git_download/HiSTB_origin/HiSTBLinux/out/hi3798mv100/hi3798mv100_out/obj/source/boot/product/logo/include -I/home/ray/workplace/git_download/HiSTB_origin/HiSTBLinux/out/hi3798mv100/hi3798mv100_out/obj/source/boot/product/driver/graphic/include -I/home/ray/workplace/git_download/HiSTB_origin/HiSTBLinux/out/hi3798mv100/hi3798mv100_out/obj/source/boot/product/adp/include -I/home/ray/workplace/git_download/HiSTB_origin/HiSTBLinux/out/hi3798mv100/hi3798mv100_out/obj/source/boot/product/pdm/include -I/home/ray/workplace/git_download/HiSTB_origin/HiSTBLinux/source/common/include -I/home/ray/workplace/git_download/HiSTB_origin/HiSTBLinux/source/common/drv/include -I/home/ray/workplace/git_download/HiSTB_origin/HiSTBLinux/out/hi3798mv100/hi3798mv100_out/obj/source/boot/miniboot/app -DCONFIG_ARM -D__ARM__ -DHI_PM_POWERUP_MODE1_SUPPORT -DHI_AVS_SUPPORT -I/home/ray/workplace/git_download/HiSTB_origin/HiSTBLinux/out/hi3798mv100/hi3798mv100_out/obj/source/boot/product/driver/include -I/home/ray/workplace/git_download/HiSTB_origin/HiSTBLinux/out/hi3798mv100/hi3798mv100_out/obj/source/boot/product/driver/include_inc -I/home/ray/workplace/git_download/HiSTB_origin/HiSTBLinux/source/boot/fastboot/arch/arm/include -I/home/ray/workplace/git_download/HiSTB_origin/HiSTBLinux/source/boot/fastboot/include -I/home/ray/workplace/git_download/HiSTB_origin/HiSTBLinux/source/common/include -DHI_BOOT_LOG_SUPPORT   -c -o drv_sys.o drv_sys.c
  GEN     applets/Kbuild
arm-histbv310-linux-gcc -E
  GEN     coreutils/Kbuild
  GEN     coreutils/Config.in
arm-histbv310-linux-gcc -O2 -fomit-frame-pointer -D_GNU_SOURCE  -Wall -Wextra -Wno-sign-compare -Wno-missing-field-initializers -Wmissing-prototypes -Wstrict-prototypes -g   -c -o mkfs.fat.o src/mkfs.fat.c
  GEN     coreutils/libcoreutils/Kbuild
checking for grep that handles long lines and -e...   GEN     procps/Kbuild
/usr/bin/grep
checking for egrep... /usr/bin/grep -E
checking for ANSI C header files...   GEN     procps/Config.in
  GEN     sysklogd/Kbuild
  GEN     sysklogd/Config.in
arm-histbv310-linux-gcc -g -Os -D__KERNEL__ -fno-strict-aliasing -fno-common -ffixed-r8 -nostdinc -isystem /home/ray/workplace/git_download/HiSTB_origin/HiSTBLinux/tools/linux/toolchains/arm-histbv310-linux/bin/../lib/gcc/arm-gcc492_glibc224-linux-gnueabi/4.9.2/include  -fno-builtin -ffreestanding  -pipe -marm  -mabi=aapcs-linux -mfloat-abi=soft -mno-thumb-interwork -Wall -Wstrict-prototypes -fno-stack-protector -I/home/ray/workplace/git_download/HiSTB_origin/HiSTBLinux/out/hi3798mv100/hi3798mv100_out/obj/source/boot/fastboot/include -mcpu=cortex-a7 -Werror -Wall -D_GNU_SOURCE -D_XOPEN_SOURCE=600 -O2 -fPIC -DCHIP_TYPE_hi3798mv100 -DSDK_VERSION="HiSTBLinuxV100R005C00SPC050_20170731" -DHI_LOG_SUPPORT=1 -DHI_LOG_LEVEL=4 -DLOG_NETWORK_SUPPORT -DLOG_UDISK_SUPPORT -DHI_PROC_SUPPORT=1 -DHI_HDMI_SUPPORT_1_4 -DHI_PVR_SUPPORT -DHI_VI_SUPPORT -DHI_VENC_SUPPORT -DHI_PQ_V3_0  -I/home/ray/workplace/git_download/HiSTB_origin/HiSTBLinux/out/hi3798mv100/hi3798mv100_out/obj/source/boot/product/driver/include -I/home/ray/workplace/git_download/HiSTB_origin/HiSTBLinux/out/hi3798mv100/hi3798mv100_out/obj/source/boot/product/driver/include_inc -I/home/ray/workplace/git_download/HiSTB_origin/HiSTBLinux/out/hi3798mv100/hi3798mv100_out/obj/source/boot/product/loader/schedule -I/home/ray/workplace/git_download/HiSTB_origin/HiSTBLinux/out/hi3798mv100/hi3798mv100_out/obj/source/boot/product/logo/include -I/home/ray/workplace/git_download/HiSTB_origin/HiSTBLinux/out/hi3798mv100/hi3798mv100_out/obj/source/boot/product/driver/graphic/include -I/home/ray/workplace/git_download/HiSTB_origin/HiSTBLinux/out/hi3798mv100/hi3798mv100_out/obj/source/boot/product/adp/include -I/home/ray/workplace/git_download/HiSTB_origin/HiSTBLinux/out/hi3798mv100/hi3798mv100_out/obj/source/boot/product/pdm/include -I/home/ray/workplace/git_download/HiSTB_origin/HiSTBLinux/source/common/include -I/home/ray/workplace/git_download/HiSTB_origin/HiSTBLinux/source/common/drv/include -I/home/ray/workplace/git_download/HiSTB_origin/HiSTBLinux/out/hi3798mv100/hi3798mv100_out/obj/source/boot/miniboot/app -DCONFIG_ARM -D__ARM__ -DHI_PM_POWERUP_MODE1_SUPPORT -DHI_AVS_SUPPORT -I/home/ray/workplace/git_download/HiSTB_origin/HiSTBLinux/out/hi3798mv100/hi3798mv100_out/obj/source/boot/product/driver/include -I/home/ray/workplace/git_download/HiSTB_origin/HiSTBLinux/out/hi3798mv100/hi3798mv100_out/obj/source/boot/product/driver/include_inc -I/home/ray/workplace/git_download/HiSTB_origin/HiSTBLinux/source/boot/fastboot/arch/arm/include -I/home/ray/workplace/git_download/HiSTB_origin/HiSTBLinux/source/boot/fastboot/include -I/home/ray/workplace/git_download/HiSTB_origin/HiSTBLinux/source/common/include -DHI_BOOT_LOG_SUPPORT   -c -o drv_osal.o drv_osal.c
  GEN     scripts/Kbuild
yes
arm-histbv310-linux-gcc -g -Os -D__KERNEL__ -fno-strict-aliasing -fno-common -ffixed-r8 -nostdinc -isystem /home/ray/workplace/git_download/HiSTB_origin/HiSTBLinux/tools/linux/toolchains/arm-histbv310-linux/bin/../lib/gcc/arm-gcc492_glibc224-linux-gnueabi/4.9.2/include  -fno-builtin -ffreestanding  -pipe -marm  -mabi=aapcs-linux -mfloat-abi=soft -mno-thumb-interwork -Wall -Wstrict-prototypes -fno-stack-protector -I/home/ray/workplace/git_download/HiSTB_origin/HiSTBLinux/out/hi3798mv100/hi3798mv100_out/obj/source/boot/fastboot/include -mcpu=cortex-a7 -Werror -Wall -D_GNU_SOURCE -D_XOPEN_SOURCE=600 -O2 -fPIC -DCHIP_TYPE_hi3798mv100 -DSDK_VERSION="HiSTBLinuxV100R005C00SPC050_20170731" -DHI_LOG_SUPPORT=1 -DHI_LOG_LEVEL=4 -DLOG_NETWORK_SUPPORT -DLOG_UDISK_SUPPORT -DHI_PROC_SUPPORT=1 -DHI_HDMI_SUPPORT_1_4 -DHI_PVR_SUPPORT -DHI_VI_SUPPORT -DHI_VENC_SUPPORT -DHI_PQ_V3_0  -I/home/ray/workplace/git_download/HiSTB_origin/HiSTBLinux/out/hi3798mv100/hi3798mv100_out/obj/source/boot/product/driver/include -I/home/ray/workplace/git_download/HiSTB_origin/HiSTBLinux/out/hi3798mv100/hi3798mv100_out/obj/source/boot/product/driver/include_inc -I/home/ray/workplace/git_download/HiSTB_origin/HiSTBLinux/out/hi3798mv100/hi3798mv100_out/obj/source/boot/product/loader/schedule -I/home/ray/workplace/git_download/HiSTB_origin/HiSTBLinux/out/hi3798mv100/hi3798mv100_out/obj/source/boot/product/logo/include -I/home/ray/workplace/git_download/HiSTB_origin/HiSTBLinux/out/hi3798mv100/hi3798mv100_out/obj/source/boot/product/driver/graphic/include -I/home/ray/workplace/git_download/HiSTB_origin/HiSTBLinux/out/hi3798mv100/hi3798mv100_out/obj/source/boot/product/adp/include -I/home/ray/workplace/git_download/HiSTB_origin/HiSTBLinux/out/hi3798mv100/hi3798mv100_out/obj/source/boot/product/pdm/include -I/home/ray/workplace/git_download/HiSTB_origin/HiSTBLinux/source/common/include -I/home/ray/workplace/git_download/HiSTB_origin/HiSTBLinux/source/common/drv/include -I/home/ray/workplace/git_download/HiSTB_origin/HiSTBLinux/out/hi3798mv100/hi3798mv100_out/obj/source/boot/miniboot/app -DCONFIG_ARM -D__ARM__ -DHI_PM_POWERUP_MODE1_SUPPORT -DHI_AVS_SUPPORT -I/home/ray/workplace/git_download/HiSTB_origin/HiSTBLinux/out/hi3798mv100/hi3798mv100_out/obj/source/boot/product/driver/include -I/home/ray/workplace/git_download/HiSTB_origin/HiSTBLinux/out/hi3798mv100/hi3798mv100_out/obj/source/boot/product/driver/include_inc -I/home/ray/workplace/git_download/HiSTB_origin/HiSTBLinux/source/boot/fastboot/arch/arm/include -I/home/ray/workplace/git_download/HiSTB_origin/HiSTBLinux/source/boot/fastboot/include -I/home/ray/workplace/git_download/HiSTB_origin/HiSTBLinux/source/common/include -DHI_BOOT_LOG_SUPPORT   -c -o drv_reg_common.o drv_reg_common.c
checking for sys/types.h...   HOSTCC  scripts/basic/fixdep
yes
checking for sys/stat.h... make[4]: Leaving directory '/home/ray/workplace/git_download/HiSTB_origin/HiSTBLinux/out/hi3798mv100/hi3798mv100_out/obj/source/boot/product/driver/common'
make -C db all
make[4]: Entering directory '/home/ray/workplace/git_download/HiSTB_origin/HiSTBLinux/out/hi3798mv100/hi3798mv100_out/obj/source/boot/product/driver/db'
arm-histbv310-linux-gcc -g -Os -D__KERNEL__ -fno-strict-aliasing -fno-common -ffixed-r8 -nostdinc -isystem /home/ray/workplace/git_download/HiSTB_origin/HiSTBLinux/tools/linux/toolchains/arm-histbv310-linux/bin/../lib/gcc/arm-gcc492_glibc224-linux-gnueabi/4.9.2/include  -fno-builtin -ffreestanding  -pipe -marm  -mabi=aapcs-linux -mfloat-abi=soft -mno-thumb-interwork -Wall -Wstrict-prototypes -fno-stack-protector -I/home/ray/workplace/git_download/HiSTB_origin/HiSTBLinux/out/hi3798mv100/hi3798mv100_out/obj/source/boot/fastboot/include -mcpu=cortex-a7 -Werror -Wall -D_GNU_SOURCE -D_XOPEN_SOURCE=600 -O2 -fPIC -DCHIP_TYPE_hi3798mv100 -DSDK_VERSION="HiSTBLinuxV100R005C00SPC050_20170731" -DHI_LOG_SUPPORT=1 -DHI_LOG_LEVEL=4 -DLOG_NETWORK_SUPPORT -DLOG_UDISK_SUPPORT -DHI_PROC_SUPPORT=1 -DHI_HDMI_SUPPORT_1_4 -DHI_PVR_SUPPORT -DHI_VI_SUPPORT -DHI_VENC_SUPPORT -DHI_PQ_V3_0  -I/home/ray/workplace/git_download/HiSTB_origin/HiSTBLinux/out/hi3798mv100/hi3798mv100_out/obj/source/boot/product/driver/include -I/home/ray/workplace/git_download/HiSTB_origin/HiSTBLinux/out/hi3798mv100/hi3798mv100_out/obj/source/boot/product/driver/include_inc -I/home/ray/workplace/git_download/HiSTB_origin/HiSTBLinux/out/hi3798mv100/hi3798mv100_out/obj/source/boot/product/loader/schedule -I/home/ray/workplace/git_download/HiSTB_origin/HiSTBLinux/out/hi3798mv100/hi3798mv100_out/obj/source/boot/product/logo/include -I/home/ray/workplace/git_download/HiSTB_origin/HiSTBLinux/out/hi3798mv100/hi3798mv100_out/obj/source/boot/product/driver/graphic/include -I/home/ray/workplace/git_download/HiSTB_origin/HiSTBLinux/out/hi3798mv100/hi3798mv100_out/obj/source/boot/product/adp/include -I/home/ray/workplace/git_download/HiSTB_origin/HiSTBLinux/out/hi3798mv100/hi3798mv100_out/obj/source/boot/product/pdm/include -I/home/ray/workplace/git_download/HiSTB_origin/HiSTBLinux/source/common/include -I/home/ray/workplace/git_download/HiSTB_origin/HiSTBLinux/source/common/drv/include -I/home/ray/workplace/git_download/HiSTB_origin/HiSTBLinux/out/hi3798mv100/hi3798mv100_out/obj/source/boot/miniboot/app -DCONFIG_ARM -D__ARM__ -DHI_PM_POWERUP_MODE1_SUPPORT -DHI_AVS_SUPPORT -I/home/ray/workplace/git_download/HiSTB_origin/HiSTBLinux/out/hi3798mv100/hi3798mv100_out/obj/source/boot/product/driver/include -I/home/ray/workplace/git_download/HiSTB_origin/HiSTBLinux/out/hi3798mv100/hi3798mv100_out/obj/source/boot/product/driver/include_inc -I/home/ray/workplace/git_download/HiSTB_origin/HiSTBLinux/source/boot/fastboot/arch/arm/include -I/home/ray/workplace/git_download/HiSTB_origin/HiSTBLinux/source/boot/fastboot/include   -c -o hi_db.o hi_db.c
yes
checking for stdlib.h... yes
make[4]: Leaving directory '/home/ray/workplace/git_download/HiSTB_origin/HiSTBLinux/out/hi3798mv100/hi3798mv100_out/obj/source/boot/product/driver/db'
make -C flash all
  HOSTCC  scripts/basic/split-include
make[4]: Entering directory '/home/ray/workplace/git_download/HiSTB_origin/HiSTBLinux/out/hi3798mv100/hi3798mv100_out/obj/source/boot/product/driver/flash'
arm-histbv310-linux-gcc -g -Os -D__KERNEL__ -fno-strict-aliasing -fno-common -ffixed-r8 -nostdinc -isystem /home/ray/workplace/git_download/HiSTB_origin/HiSTBLinux/tools/linux/toolchains/arm-histbv310-linux/bin/../lib/gcc/arm-gcc492_glibc224-linux-gnueabi/4.9.2/include  -fno-builtin -ffreestanding  -pipe -marm  -mabi=aapcs-linux -mfloat-abi=soft -mno-thumb-interwork -Wall -Wstrict-prototypes -fno-stack-protector -I/home/ray/workplace/git_download/HiSTB_origin/HiSTBLinux/out/hi3798mv100/hi3798mv100_out/obj/source/boot/fastboot/include -mcpu=cortex-a7 -Werror -Wall -D_GNU_SOURCE -D_XOPEN_SOURCE=600 -O2 -fPIC -DCHIP_TYPE_hi3798mv100 -DSDK_VERSION="HiSTBLinuxV100R005C00SPC050_20170731" -DHI_LOG_SUPPORT=1 -DHI_LOG_LEVEL=4 -DLOG_NETWORK_SUPPORT -DLOG_UDISK_SUPPORT -DHI_PROC_SUPPORT=1 -DHI_HDMI_SUPPORT_1_4 -DHI_PVR_SUPPORT -DHI_VI_SUPPORT -DHI_VENC_SUPPORT -DHI_PQ_V3_0  -I/home/ray/workplace/git_download/HiSTB_origin/HiSTBLinux/out/hi3798mv100/hi3798mv100_out/obj/source/boot/product/driver/include -I/home/ray/workplace/git_download/HiSTB_origin/HiSTBLinux/out/hi3798mv100/hi3798mv100_out/obj/source/boot/product/driver/include_inc -I/home/ray/workplace/git_download/HiSTB_origin/HiSTBLinux/out/hi3798mv100/hi3798mv100_out/obj/source/boot/product/loader/schedule -I/home/ray/workplace/git_download/HiSTB_origin/HiSTBLinux/out/hi3798mv100/hi3798mv100_out/obj/source/boot/product/logo/include -I/home/ray/workplace/git_download/HiSTB_origin/HiSTBLinux/out/hi3798mv100/hi3798mv100_out/obj/source/boot/product/driver/graphic/include -I/home/ray/workplace/git_download/HiSTB_origin/HiSTBLinux/out/hi3798mv100/hi3798mv100_out/obj/source/boot/product/adp/include -I/home/ray/workplace/git_download/HiSTB_origin/HiSTBLinux/out/hi3798mv100/hi3798mv100_out/obj/source/boot/product/pdm/include -I/home/ray/workplace/git_download/HiSTB_origin/HiSTBLinux/source/common/include -I/home/ray/workplace/git_download/HiSTB_origin/HiSTBLinux/source/common/drv/include -I/home/ray/workplace/git_download/HiSTB_origin/HiSTBLinux/out/hi3798mv100/hi3798mv100_out/obj/source/boot/miniboot/app -DCONFIG_ARM -D__ARM__ -DHI_PM_POWERUP_MODE1_SUPPORT -DHI_AVS_SUPPORT -I/home/ray/workplace/git_download/HiSTB_origin/HiSTBLinux/out/hi3798mv100/hi3798mv100_out/obj/source/boot/product/driver/include -I/home/ray/workplace/git_download/HiSTB_origin/HiSTBLinux/out/hi3798mv100/hi3798mv100_out/obj/source/boot/product/driver/include_inc -I/home/ray/workplace/git_download/HiSTB_origin/HiSTBLinux/source/boot/fastboot/arch/arm/include -I/home/ray/workplace/git_download/HiSTB_origin/HiSTBLinux/source/boot/fastboot/include   -c -o hi_adp_flash_fastboot.o hi_adp_flash_fastboot.c
checking for string.h... scripts/basic/split-include.c: In function ‘main’:
scripts/basic/split-include.c:134:13: warning: ignoring return value of ‘fgets’ declared with attribute ‘warn_unused_result’ [-Wunused-result]
  134 |             fgets(old_line, buffer_size, fp_target);
      |             ^~~~~~~~~~~~~~~~~~~~~~~~~~~~~~~~~~~~~~~
yes
checking for memory.h... arm-histbv310-linux-gcc -g -Os -D__KERNEL__ -fno-strict-aliasing -fno-common -ffixed-r8 -nostdinc -isystem /home/ray/workplace/git_download/HiSTB_origin/HiSTBLinux/tools/linux/toolchains/arm-histbv310-linux/bin/../lib/gcc/arm-gcc492_glibc224-linux-gnueabi/4.9.2/include  -fno-builtin -ffreestanding  -pipe -marm  -mabi=aapcs-linux -mfloat-abi=soft -mno-thumb-interwork -Wall -Wstrict-prototypes -fno-stack-protector -I/home/ray/workplace/git_download/HiSTB_origin/HiSTBLinux/out/hi3798mv100/hi3798mv100_out/obj/source/boot/fastboot/include -mcpu=cortex-a7 -Werror -Wall -D_GNU_SOURCE -D_XOPEN_SOURCE=600 -O2 -fPIC -DCHIP_TYPE_hi3798mv100 -DSDK_VERSION="HiSTBLinuxV100R005C00SPC050_20170731" -DHI_LOG_SUPPORT=1 -DHI_LOG_LEVEL=4 -DLOG_NETWORK_SUPPORT -DLOG_UDISK_SUPPORT -DHI_PROC_SUPPORT=1 -DHI_HDMI_SUPPORT_1_4 -DHI_PVR_SUPPORT -DHI_VI_SUPPORT -DHI_VENC_SUPPORT -DHI_PQ_V3_0  -I/home/ray/workplace/git_download/HiSTB_origin/HiSTBLinux/out/hi3798mv100/hi3798mv100_out/obj/source/boot/product/driver/include -I/home/ray/workplace/git_download/HiSTB_origin/HiSTBLinux/out/hi3798mv100/hi3798mv100_out/obj/source/boot/product/driver/include_inc -I/home/ray/workplace/git_download/HiSTB_origin/HiSTBLinux/out/hi3798mv100/hi3798mv100_out/obj/source/boot/product/loader/schedule -I/home/ray/workplace/git_download/HiSTB_origin/HiSTBLinux/out/hi3798mv100/hi3798mv100_out/obj/source/boot/product/logo/include -I/home/ray/workplace/git_download/HiSTB_origin/HiSTBLinux/out/hi3798mv100/hi3798mv100_out/obj/source/boot/product/driver/graphic/include -I/home/ray/workplace/git_download/HiSTB_origin/HiSTBLinux/out/hi3798mv100/hi3798mv100_out/obj/source/boot/product/adp/include -I/home/ray/workplace/git_download/HiSTB_origin/HiSTBLinux/out/hi3798mv100/hi3798mv100_out/obj/source/boot/product/pdm/include -I/home/ray/workplace/git_download/HiSTB_origin/HiSTBLinux/source/common/include -I/home/ray/workplace/git_download/HiSTB_origin/HiSTBLinux/source/common/drv/include -I/home/ray/workplace/git_download/HiSTB_origin/HiSTBLinux/out/hi3798mv100/hi3798mv100_out/obj/source/boot/miniboot/app -DCONFIG_ARM -D__ARM__ -DHI_PM_POWERUP_MODE1_SUPPORT -DHI_AVS_SUPPORT -I/home/ray/workplace/git_download/HiSTB_origin/HiSTBLinux/out/hi3798mv100/hi3798mv100_out/obj/source/boot/product/driver/include -I/home/ray/workplace/git_download/HiSTB_origin/HiSTBLinux/out/hi3798mv100/hi3798mv100_out/obj/source/boot/product/driver/include_inc -I/home/ray/workplace/git_download/HiSTB_origin/HiSTBLinux/source/boot/fastboot/arch/arm/include -I/home/ray/workplace/git_download/HiSTB_origin/HiSTBLinux/source/boot/fastboot/include   -c -o mtd_part.o mtd_part.c
yes
  HOSTCC  scripts/basic/docproc
checking for strings.h... make[4]: Leaving directory '/home/ray/workplace/git_download/HiSTB_origin/HiSTBLinux/out/hi3798mv100/hi3798mv100_out/obj/source/boot/product/driver/flash'
make -C pq all
make[4]: Entering directory '/home/ray/workplace/git_download/HiSTB_origin/HiSTBLinux/out/hi3798mv100/hi3798mv100_out/obj/source/boot/product/driver/pq'
arm-histbv310-linux-gcc -g -Os -D__KERNEL__ -fno-strict-aliasing -fno-common -ffixed-r8 -nostdinc -isystem /home/ray/workplace/git_download/HiSTB_origin/HiSTBLinux/tools/linux/toolchains/arm-histbv310-linux/bin/../lib/gcc/arm-gcc492_glibc224-linux-gnueabi/4.9.2/include  -fno-builtin -ffreestanding  -pipe -marm  -mabi=aapcs-linux -mfloat-abi=soft -mno-thumb-interwork -Wall -Wstrict-prototypes -fno-stack-protector -I/home/ray/workplace/git_download/HiSTB_origin/HiSTBLinux/out/hi3798mv100/hi3798mv100_out/obj/source/boot/fastboot/include -mcpu=cortex-a7 -Werror -Wall -D_GNU_SOURCE -D_XOPEN_SOURCE=600 -O2 -fPIC -DCHIP_TYPE_hi3798mv100 -DSDK_VERSION="HiSTBLinuxV100R005C00SPC050_20170731" -DHI_LOG_SUPPORT=1 -DHI_LOG_LEVEL=4 -DLOG_NETWORK_SUPPORT -DLOG_UDISK_SUPPORT -DHI_PROC_SUPPORT=1 -DHI_HDMI_SUPPORT_1_4 -DHI_PVR_SUPPORT -DHI_VI_SUPPORT -DHI_VENC_SUPPORT -DHI_PQ_V3_0  -I/home/ray/workplace/git_download/HiSTB_origin/HiSTBLinux/out/hi3798mv100/hi3798mv100_out/obj/source/boot/product/driver/include -I/home/ray/workplace/git_download/HiSTB_origin/HiSTBLinux/out/hi3798mv100/hi3798mv100_out/obj/source/boot/product/driver/include_inc -I/home/ray/workplace/git_download/HiSTB_origin/HiSTBLinux/out/hi3798mv100/hi3798mv100_out/obj/source/boot/product/loader/schedule -I/home/ray/workplace/git_download/HiSTB_origin/HiSTBLinux/out/hi3798mv100/hi3798mv100_out/obj/source/boot/product/logo/include -I/home/ray/workplace/git_download/HiSTB_origin/HiSTBLinux/out/hi3798mv100/hi3798mv100_out/obj/source/boot/product/driver/graphic/include -I/home/ray/workplace/git_download/HiSTB_origin/HiSTBLinux/out/hi3798mv100/hi3798mv100_out/obj/source/boot/product/adp/include -I/home/ray/workplace/git_download/HiSTB_origin/HiSTBLinux/out/hi3798mv100/hi3798mv100_out/obj/source/boot/product/pdm/include -I/home/ray/workplace/git_download/HiSTB_origin/HiSTBLinux/source/common/include -I/home/ray/workplace/git_download/HiSTB_origin/HiSTBLinux/source/common/drv/include -I/home/ray/workplace/git_download/HiSTB_origin/HiSTBLinux/out/hi3798mv100/hi3798mv100_out/obj/source/boot/miniboot/app -DCONFIG_ARM -D__ARM__ -DHI_PM_POWERUP_MODE1_SUPPORT -DHI_AVS_SUPPORT -I/home/ray/workplace/git_download/HiSTB_origin/HiSTBLinux/out/hi3798mv100/hi3798mv100_out/obj/source/boot/product/driver/include -I/home/ray/workplace/git_download/HiSTB_origin/HiSTBLinux/out/hi3798mv100/hi3798mv100_out/obj/source/boot/product/driver/include_inc -I/home/ray/workplace/git_download/HiSTB_origin/HiSTBLinux/source/boot/fastboot/arch/arm/include -I/home/ray/workplace/git_download/HiSTB_origin/HiSTBLinux/source/boot/fastboot/include -DHI_BUILD_IN_BOOT -DHI_PQ_VERSION_V3   -c -o /home/ray/workplace/git_download/HiSTB_origin/HiSTBLinux/out/hi3798mv100/hi3798mv100_out/obj/source/boot/product/driver/pq/drv_pq.o /home/ray/workplace/git_download/HiSTB_origin/HiSTBLinux/out/hi3798mv100/hi3798mv100_out/obj/source/boot/product/driver/pq/drv_pq.c
yes
checking for inttypes.h... make[4]: Leaving directory '/home/ray/workplace/git_download/HiSTB_origin/HiSTBLinux/out/hi3798mv100/hi3798mv100_out/obj/source/boot/product/driver/pq'
make -C disp all
make[4]: Entering directory '/home/ray/workplace/git_download/HiSTB_origin/HiSTBLinux/out/hi3798mv100/hi3798mv100_out/obj/source/boot/product/driver/disp'
make[4]: Warning: File '/home/ray/workplace/git_download/HiSTB_origin/HiSTBLinux/out/hi3798mv100/hi3798mv100_out/obj/source/boot/product/driver/disp/vdp_v2_0/drv_disp_adp2unf.c' has modification time 0.43 s in the future
arm-histbv310-linux-gcc -g -Os -D__KERNEL__ -fno-strict-aliasing -fno-common -ffixed-r8 -nostdinc -isystem /home/ray/workplace/git_download/HiSTB_origin/HiSTBLinux/tools/linux/toolchains/arm-histbv310-linux/bin/../lib/gcc/arm-gcc492_glibc224-linux-gnueabi/4.9.2/include  -fno-builtin -ffreestanding  -pipe -marm  -mabi=aapcs-linux -mfloat-abi=soft -mno-thumb-interwork -Wall -Wstrict-prototypes -fno-stack-protector -I/home/ray/workplace/git_download/HiSTB_origin/HiSTBLinux/out/hi3798mv100/hi3798mv100_out/obj/source/boot/fastboot/include -mcpu=cortex-a7 -Werror -Wall -D_GNU_SOURCE -D_XOPEN_SOURCE=600 -O2 -fPIC -DCHIP_TYPE_hi3798mv100 -DSDK_VERSION="HiSTBLinuxV100R005C00SPC050_20170731" -DHI_LOG_SUPPORT=1 -DHI_LOG_LEVEL=4 -DLOG_NETWORK_SUPPORT -DLOG_UDISK_SUPPORT -DHI_PROC_SUPPORT=1 -DHI_HDMI_SUPPORT_1_4 -DHI_PVR_SUPPORT -DHI_VI_SUPPORT -DHI_VENC_SUPPORT -DHI_PQ_V3_0  -I/home/ray/workplace/git_download/HiSTB_origin/HiSTBLinux/out/hi3798mv100/hi3798mv100_out/obj/source/boot/product/driver/include -I/home/ray/workplace/git_download/HiSTB_origin/HiSTBLinux/out/hi3798mv100/hi3798mv100_out/obj/source/boot/product/driver/include_inc -I/home/ray/workplace/git_download/HiSTB_origin/HiSTBLinux/out/hi3798mv100/hi3798mv100_out/obj/source/boot/product/loader/schedule -I/home/ray/workplace/git_download/HiSTB_origin/HiSTBLinux/out/hi3798mv100/hi3798mv100_out/obj/source/boot/product/logo/include -I/home/ray/workplace/git_download/HiSTB_origin/HiSTBLinux/out/hi3798mv100/hi3798mv100_out/obj/source/boot/product/driver/graphic/include -I/home/ray/workplace/git_download/HiSTB_origin/HiSTBLinux/out/hi3798mv100/hi3798mv100_out/obj/source/boot/product/adp/include -I/home/ray/workplace/git_download/HiSTB_origin/HiSTBLinux/out/hi3798mv100/hi3798mv100_out/obj/source/boot/product/pdm/include -I/home/ray/workplace/git_download/HiSTB_origin/HiSTBLinux/source/common/include -I/home/ray/workplace/git_download/HiSTB_origin/HiSTBLinux/source/common/drv/include -I/home/ray/workplace/git_download/HiSTB_origin/HiSTBLinux/out/hi3798mv100/hi3798mv100_out/obj/source/boot/miniboot/app -DCONFIG_ARM -D__ARM__ -DHI_PM_POWERUP_MODE1_SUPPORT -DHI_AVS_SUPPORT -D__DISP_PLATFORM_BOOT__ -D__DISP_SELF_START__ -D__DISP_D0_FOLLOW_D1__ -DHI_BUILD_IN_BOOT -DHI_VO_VDAC_VIDEO_BUFFER -I/home/ray/workplace/git_download/HiSTB_origin/HiSTBLinux/out/hi3798mv100/hi3798mv100_out/obj/source/boot/product/driver/include -I/home/ray/workplace/git_download/HiSTB_origin/HiSTBLinux/out/hi3798mv100/hi3798mv100_out/obj/source/boot/product/driver/pq/ -I/home/ray/workplace/git_download/HiSTB_origin/HiSTBLinux/out/hi3798mv100/hi3798mv100_out/obj/source/boot/product/driver/include_inc -I/home/ray/workplace/git_download/HiSTB_origin/HiSTBLinux/source/boot/fastboot/arch/arm/include -I/home/ray/workplace/git_download/HiSTB_origin/HiSTBLinux/source/boot/fastboot/include -I/home/ray/workplace/git_download/HiSTB_origin/HiSTBLinux/source/boot/product/driver/include -I/home/ray/workplace/git_download/HiSTB_origin/HiSTBLinux/out/hi3798mv100/hi3798mv100_out/obj/source/boot/product/driver/disp/vdp_v2_0/alg -I/home/ray/workplace/git_download/HiSTB_origin/HiSTBLinux/out/hi3798mv100/hi3798mv100_out/obj/source/boot/product/driver/disp/vdp_v2_0/com -I/home/ray/workplace/git_download/HiSTB_origin/HiSTBLinux/out/hi3798mv100/hi3798mv100_out/obj/source/boot/product/driver/disp/vdp_v2_0/drv -I/home/ray/workplace/git_download/HiSTB_origin/HiSTBLinux/out/hi3798mv100/hi3798mv100_out/obj/source/boot/product/driver/disp/vdp_v2_0/hal/common -I/home/ray/workplace/git_download/HiSTB_origin/HiSTBLinux/out/hi3798mv100/hi3798mv100_out/obj/source/boot/product/driver/disp/vdp_v2_0/hal/3798m -I/home/ray/workplace/git_download/HiSTB_origin/HiSTBLinux/out/hi3798mv100/hi3798mv100_out/obj/source/boot/product/driver/disp/vdp_v2_0/hal/3798m/inc -I/home/ray/workplace/git_download/HiSTB_origin/HiSTBLinux/source/common/drv/include/hi3798cv200   -c -o /home/ray/workplace/git_download/HiSTB_origin/HiSTBLinux/out/hi3798mv100/hi3798mv100_out/obj/source/boot/product/driver/disp/vdp_v2_0/drv_disp_adp2unf.o /home/ray/workplace/git_download/HiSTB_origin/HiSTBLinux/out/hi3798mv100/hi3798mv100_out/obj/source/boot/product/driver/disp/vdp_v2_0/drv_disp_adp2unf.c
yes
make[1]: Leaving directory '/home/ray/workplace/git_download/HiSTB_origin/HiSTBLinux/source/common/api'
checking for stdint.h... arm-histbv310-linux-gcc   mkfs.fat.o   -o mkfs.fat
yes
checking for unistd.h... make[3]: Leaving directory '/home/ray/workplace/git_download/HiSTB_origin/HiSTBLinux/out/hi3798mv100/hi3798mv100_out/obj/source/rootfs/dosfstools/dosfstools-3.0.25'
'/home/ray/workplace/git_download/HiSTB_origin/HiSTBLinux/out/hi3798mv100/hi3798mv100_out/obj/source/rootfs/dosfstools/dosfstools-3.0.25/fsck.fat' -> '/home/ray/workplace/git_download/HiSTB_origin/HiSTBLinux/out/hi3798mv100/hi3798mv100_out/obj/rootfs/sbin/fsck.fat'
make[2]: Leaving directory '/home/ray/workplace/git_download/HiSTB_origin/HiSTBLinux/source/rootfs/dosfstools'
make[1]: Entering directory '/home/ray/workplace/git_download/HiSTB_origin/HiSTBLinux/source/msp/api/jpeg'
yes
checking minix/config.h usability... arm-histbv310-linux-gcc -g -Os -D__KERNEL__ -fno-strict-aliasing -fno-common -ffixed-r8 -nostdinc -isystem /home/ray/workplace/git_download/HiSTB_origin/HiSTBLinux/tools/linux/toolchains/arm-histbv310-linux/bin/../lib/gcc/arm-gcc492_glibc224-linux-gnueabi/4.9.2/include  -fno-builtin -ffreestanding  -pipe -marm  -mabi=aapcs-linux -mfloat-abi=soft -mno-thumb-interwork -Wall -Wstrict-prototypes -fno-stack-protector -I/home/ray/workplace/git_download/HiSTB_origin/HiSTBLinux/out/hi3798mv100/hi3798mv100_out/obj/source/boot/fastboot/include -mcpu=cortex-a7 -Werror -Wall -D_GNU_SOURCE -D_XOPEN_SOURCE=600 -O2 -fPIC -DCHIP_TYPE_hi3798mv100 -DSDK_VERSION="HiSTBLinuxV100R005C00SPC050_20170731" -DHI_LOG_SUPPORT=1 -DHI_LOG_LEVEL=4 -DLOG_NETWORK_SUPPORT -DLOG_UDISK_SUPPORT -DHI_PROC_SUPPORT=1 -DHI_HDMI_SUPPORT_1_4 -DHI_PVR_SUPPORT -DHI_VI_SUPPORT -DHI_VENC_SUPPORT -DHI_PQ_V3_0  -I/home/ray/workplace/git_download/HiSTB_origin/HiSTBLinux/out/hi3798mv100/hi3798mv100_out/obj/source/boot/product/driver/include -I/home/ray/workplace/git_download/HiSTB_origin/HiSTBLinux/out/hi3798mv100/hi3798mv100_out/obj/source/boot/product/driver/include_inc -I/home/ray/workplace/git_download/HiSTB_origin/HiSTBLinux/out/hi3798mv100/hi3798mv100_out/obj/source/boot/product/loader/schedule -I/home/ray/workplace/git_download/HiSTB_origin/HiSTBLinux/out/hi3798mv100/hi3798mv100_out/obj/source/boot/product/logo/include -I/home/ray/workplace/git_download/HiSTB_origin/HiSTBLinux/out/hi3798mv100/hi3798mv100_out/obj/source/boot/product/driver/graphic/include -I/home/ray/workplace/git_download/HiSTB_origin/HiSTBLinux/out/hi3798mv100/hi3798mv100_out/obj/source/boot/product/adp/include -I/home/ray/workplace/git_download/HiSTB_origin/HiSTBLinux/out/hi3798mv100/hi3798mv100_out/obj/source/boot/product/pdm/include -I/home/ray/workplace/git_download/HiSTB_origin/HiSTBLinux/source/common/include -I/home/ray/workplace/git_download/HiSTB_origin/HiSTBLinux/source/common/drv/include -I/home/ray/workplace/git_download/HiSTB_origin/HiSTBLinux/out/hi3798mv100/hi3798mv100_out/obj/source/boot/miniboot/app -DCONFIG_ARM -D__ARM__ -DHI_PM_POWERUP_MODE1_SUPPORT -DHI_AVS_SUPPORT -D__DISP_PLATFORM_BOOT__ -D__DISP_SELF_START__ -D__DISP_D0_FOLLOW_D1__ -DHI_BUILD_IN_BOOT -DHI_VO_VDAC_VIDEO_BUFFER -I/home/ray/workplace/git_download/HiSTB_origin/HiSTBLinux/out/hi3798mv100/hi3798mv100_out/obj/source/boot/product/driver/include -I/home/ray/workplace/git_download/HiSTB_origin/HiSTBLinux/out/hi3798mv100/hi3798mv100_out/obj/source/boot/product/driver/pq/ -I/home/ray/workplace/git_download/HiSTB_origin/HiSTBLinux/out/hi3798mv100/hi3798mv100_out/obj/source/boot/product/driver/include_inc -I/home/ray/workplace/git_download/HiSTB_origin/HiSTBLinux/source/boot/fastboot/arch/arm/include -I/home/ray/workplace/git_download/HiSTB_origin/HiSTBLinux/source/boot/fastboot/include -I/home/ray/workplace/git_download/HiSTB_origin/HiSTBLinux/source/boot/product/driver/include -I/home/ray/workplace/git_download/HiSTB_origin/HiSTBLinux/out/hi3798mv100/hi3798mv100_out/obj/source/boot/product/driver/disp/vdp_v2_0/alg -I/home/ray/workplace/git_download/HiSTB_origin/HiSTBLinux/out/hi3798mv100/hi3798mv100_out/obj/source/boot/product/driver/disp/vdp_v2_0/com -I/home/ray/workplace/git_download/HiSTB_origin/HiSTBLinux/out/hi3798mv100/hi3798mv100_out/obj/source/boot/product/driver/disp/vdp_v2_0/drv -I/home/ray/workplace/git_download/HiSTB_origin/HiSTBLinux/out/hi3798mv100/hi3798mv100_out/obj/source/boot/product/driver/disp/vdp_v2_0/hal/common -I/home/ray/workplace/git_download/HiSTB_origin/HiSTBLinux/out/hi3798mv100/hi3798mv100_out/obj/source/boot/product/driver/disp/vdp_v2_0/hal/3798m -I/home/ray/workplace/git_download/HiSTB_origin/HiSTBLinux/out/hi3798mv100/hi3798mv100_out/obj/source/boot/product/driver/disp/vdp_v2_0/hal/3798m/inc -I/home/ray/workplace/git_download/HiSTB_origin/HiSTBLinux/source/common/drv/include/hi3798cv200   -c -o /home/ray/workplace/git_download/HiSTB_origin/HiSTBLinux/out/hi3798mv100/hi3798mv100_out/obj/source/boot/product/driver/disp/vdp_v2_0/drv/drv_display.o /home/ray/workplace/git_download/HiSTB_origin/HiSTBLinux/out/hi3798mv100/hi3798mv100_out/obj/source/boot/product/driver/disp/vdp_v2_0/drv/drv_display.c
no
checking minix/config.h presence... no
checking for minix/config.h... no
checking whether it is safe to define __EXTENSIONS__... yes
checking for special C compiler options needed for large files... no
checking for _FILE_OFFSET_BITS value needed for large files... 