make[1]: Entering directory '/home/amiya/workplace/hi3798/HiSTBLinux/source/kernel'
make[2]: Entering directory '/home/amiya/workplace/hi3798/HiSTBLinux/source/kernel/linux-4.4.y'
make[3]: Entering directory '/home/amiya/workplace/hi3798/HiSTBLinux/out/hi3798mv100/hi3798mv100_out/obj/source/kernel/linux-4.4.y'
  HOSTCC  scripts/basic/fixdep
  GEN     ./Makefile
  HOSTCC  scripts/kconfig/conf.o
  SHIPPED scripts/kconfig/zconf.tab.c
  SHIPPED scripts/kconfig/zconf.lex.c
  SHIPPED scripts/kconfig/zconf.hash.c
  HOSTCC  scripts/kconfig/zconf.tab.o
  HOSTLD  scripts/kconfig/conf
#
# configuration written to .config
#
make[3]: Leaving directory '/home/amiya/workplace/hi3798/HiSTBLinux/out/hi3798mv100/hi3798mv100_out/obj/source/kernel/linux-4.4.y'
make[2]: Leaving directory '/home/amiya/workplace/hi3798/HiSTBLinux/source/kernel/linux-4.4.y'
make pcie_config
make[2]: Entering directory '/home/amiya/workplace/hi3798/HiSTBLinux/source/kernel'
make[2]: Nothing to be done for 'pcie_config'.
make[2]: Leaving directory '/home/amiya/workplace/hi3798/HiSTBLinux/source/kernel'
make[2]: Entering directory '/home/amiya/workplace/hi3798/HiSTBLinux/source/kernel/linux-4.4.y'
make[3]: Entering directory '/home/amiya/workplace/hi3798/HiSTBLinux/out/hi3798mv100/hi3798mv100_out/obj/source/kernel/linux-4.4.y'
  GEN     ./Makefile
scripts/kconfig/conf  --oldconfig Kconfig
#
# configuration written to .config
#
make[3]: Leaving directory '/home/amiya/workplace/hi3798/HiSTBLinux/out/hi3798mv100/hi3798mv100_out/obj/source/kernel/linux-4.4.y'
make[2]: Leaving directory '/home/amiya/workplace/hi3798/HiSTBLinux/source/kernel/linux-4.4.y'
make -C /home/amiya/workplace/hi3798/HiSTBLinux/source/kernel/linux-4.4.y ARCH=arm \
	CROSS_COMPILE=arm-histbv310-linux- \
	O=/home/amiya/workplace/hi3798/HiSTBLinux/out/hi3798mv100/hi3798mv100_out/obj/source/kernel/linux-4.4.y \
	CONFIG_MSP=y \
	HI_CONFIG_WIFI=y \
	HI_CONFIG_BLUETOOTH= \
	CONFIG_ADVCA= \
	 \
	CFLAGS_KERNEL= AFLAGS_KERNEL= uImage modules
make[2]: Entering directory '/home/amiya/workplace/hi3798/HiSTBLinux/source/kernel/linux-4.4.y'
make[3]: Entering directory '/home/amiya/workplace/hi3798/HiSTBLinux/out/hi3798mv100/hi3798mv100_out/obj/source/kernel/linux-4.4.y'
  GEN     ./Makefile
scripts/kconfig/conf  --silentoldconfig Kconfig
  CHK     include/config/kernel.release
  UPD     include/config/kernel.release
  Using /home/amiya/workplace/hi3798/HiSTBLinux/source/kernel/linux-4.4.y as source for kernel
  GEN     ./Makefile
  WRAP    arch/arm/include/generated/asm/bitsperlong.h
  WRAP    arch/arm/include/generated/asm/cputime.h
  WRAP    arch/arm/include/generated/asm/current.h
  WRAP    arch/arm/include/generated/asm/emergency-restart.h
  WRAP    arch/arm/include/generated/asm/errno.h
  WRAP    arch/arm/include/generated/asm/exec.h
  WRAP    arch/arm/include/generated/asm/ioctl.h
  WRAP    arch/arm/include/generated/asm/ipcbuf.h
  WRAP    arch/arm/include/generated/asm/irq_regs.h
  WRAP    arch/arm/include/generated/asm/kdebug.h
  WRAP    arch/arm/include/generated/asm/local.h
  WRAP    arch/arm/include/generated/asm/local64.h
  WRAP    arch/arm/include/generated/asm/mm-arch-hooks.h
  WRAP    arch/arm/include/generated/asm/msgbuf.h
  WRAP    arch/arm/include/generated/asm/msi.h
  WRAP    arch/arm/include/generated/asm/param.h
  WRAP    arch/arm/include/generated/asm/parport.h
  WRAP    arch/arm/include/generated/asm/poll.h
  WRAP    arch/arm/include/generated/asm/preempt.h
  WRAP    arch/arm/include/generated/asm/resource.h
  WRAP    arch/arm/include/generated/asm/rwsem.h
  WRAP    arch/arm/include/generated/asm/seccomp.h
  WRAP    arch/arm/include/generated/asm/sections.h
  WRAP    arch/arm/include/generated/asm/segment.h
  WRAP    arch/arm/include/generated/asm/sembuf.h
  WRAP    arch/arm/include/generated/asm/serial.h
  WRAP    arch/arm/include/generated/asm/shmbuf.h
  WRAP    arch/arm/include/generated/asm/siginfo.h
  WRAP    arch/arm/include/generated/asm/simd.h
  WRAP    arch/arm/include/generated/asm/sizes.h
  WRAP    arch/arm/include/generated/asm/socket.h
  WRAP    arch/arm/include/generated/asm/sockios.h
  WRAP    arch/arm/include/generated/asm/termbits.h
  WRAP    arch/arm/include/generated/asm/termios.h
  WRAP    arch/arm/include/generated/asm/timex.h
  WRAP    arch/arm/include/generated/asm/trace_clock.h
  WRAP    arch/arm/include/generated/asm/unaligned.h
  CHK     include/generated/uapi/linux/version.h
  UPD     include/generated/uapi/linux/version.h
  CHK     include/generated/utsrelease.h
  UPD     include/generated/utsrelease.h
  HOSTCC  scripts/basic/bin2c
  Generating include/generated/mach-types.h
  CC      kernel/bounds.s
  CHK     include/generated/bounds.h
  UPD     include/generated/bounds.h
  CHK     include/generated/timeconst.h
  UPD     include/generated/timeconst.h
  CC      arch/arm/kernel/asm-offsets.s
  CHK     include/generated/asm-offsets.h
  UPD     include/generated/asm-offsets.h
  CALL    /home/amiya/workplace/hi3798/HiSTBLinux/source/kernel/linux-4.4.y/scripts/checksyscalls.sh
  HOSTCC  scripts/dtc/dtc.o
  HOSTCC  scripts/dtc/flattree.o
  HOSTCC  scripts/dtc/fstree.o
  HOSTCC  scripts/dtc/data.o
  HOSTCC  scripts/dtc/livetree.o
  HOSTCC  scripts/dtc/treesource.o
  HOSTCC  scripts/dtc/srcpos.o
  HOSTCC  scripts/dtc/checks.o
  HOSTCC  scripts/dtc/util.o
  SHIPPED scripts/dtc/dtc-lexer.lex.c
  SHIPPED scripts/dtc/dtc-parser.tab.h
  HOSTCC  scripts/dtc/dtc-lexer.lex.o
  SHIPPED scripts/dtc/dtc-parser.tab.c
  HOSTCC  scripts/dtc/dtc-parser.tab.o
  HOSTLD  scripts/dtc/dtc
  CC      scripts/mod/empty.o
  HOSTCC  scripts/mod/mk_elfconfig
  MKELF   scripts/mod/elfconfig.h
  HOSTCC  scripts/mod/modpost.o
  CC      scripts/mod/devicetable-offsets.s
  GEN     scripts/mod/devicetable-offsets.h
  HOSTCC  scripts/mod/file2alias.o
  HOSTCC  scripts/mod/sumversion.o
  HOSTLD  scripts/mod/modpost
  HOSTCC  scripts/kallsyms
  HOSTCC  scripts/conmakehash
  HOSTCC  scripts/recordmcount
  HOSTCC  scripts/sortextable
  CC      init/main.o
  CHK     include/generated/compile.h
  UPD     include/generated/compile.h
  CC      init/version.o
  CC      init/do_mounts.o
  CC      init/do_mounts_rd.o
  CC      init/do_mounts_initrd.o
  LD      init/mounts.o
  CC      init/noinitramfs.o
  CC      init/initramfs.o
  CC      init/calibrate.o
  CC      init/init_task.o
  LD      init/built-in.o
  HOSTCC  usr/gen_init_cpio
  GEN     usr/initramfs_data.cpio.gz
  AS      usr/initramfs_data.o
  LD      usr/built-in.o
  CC      arch/arm/nwfpe/fpa11.o
  CC      arch/arm/nwfpe/fpa11_cpdo.o
  CC      arch/arm/nwfpe/fpa11_cpdt.o
  CC      arch/arm/nwfpe/fpa11_cprt.o
  CC      arch/arm/nwfpe/fpmodule.o
  CC      arch/arm/nwfpe/fpopcode.o
  CC      arch/arm/nwfpe/softfloat.o
  CC      arch/arm/nwfpe/single_cpdo.o
  CC      arch/arm/nwfpe/double_cpdo.o
  AS      arch/arm/nwfpe/entry.o
  CC      arch/arm/nwfpe/extended_cpdo.o
  LD      arch/arm/nwfpe/nwfpe.o
  LD      arch/arm/nwfpe/built-in.o
  CC      arch/arm/vfp/vfpmodule.o
  AS      arch/arm/vfp/entry.o
  AS      arch/arm/vfp/vfphw.o
  CC      arch/arm/vfp/vfpsingle.o
  CC      arch/arm/vfp/vfpdouble.o
  LD      arch/arm/vfp/vfp.o
  LD      arch/arm/vfp/built-in.o
  LDS     arch/arm/vdso/vdso.lds
  CC      arch/arm/vdso/vgettimeofday.o
  AS      arch/arm/vdso/datapage.o
  VDSO    arch/arm/vdso/vdso.so.raw
  HOSTCC  arch/arm/vdso/vdsomunge
  MUNGE   arch/arm/vdso/vdso.so.dbg
  OBJCOPY arch/arm/vdso/vdso.so
  AS      arch/arm/vdso/vdso.o
  LD      arch/arm/vdso/built-in.o
  CC      arch/arm/kernel/elf.o
  AS      arch/arm/kernel/entry-common.o
  CC      arch/arm/kernel/irq.o
  CC      arch/arm/kernel/opcodes.o
  CC      arch/arm/kernel/process.o
  CC      arch/arm/kernel/ptrace.o
  CC      arch/arm/kernel/reboot.o
  CC      arch/arm/kernel/return_address.o
  CC      arch/arm/kernel/setup.o
  CC      arch/arm/kernel/signal.o
  AS      arch/arm/kernel/sigreturn_codes.o
  CC      arch/arm/kernel/stacktrace.o
  CC      arch/arm/kernel/sys_arm.o
  CC      arch/arm/kernel/time.o
  CC      arch/arm/kernel/traps.o
  CC      arch/arm/kernel/atags_parse.o
  AS      arch/arm/kernel/entry-armv.o
  CC      arch/arm/kernel/armksyms.o
  CC      arch/arm/kernel/module.o
  CC      arch/arm/kernel/bios32.o
  CC      arch/arm/kernel/isa.o
  AS      arch/arm/kernel/sleep.o
  CC      arch/arm/kernel/suspend.o
  CC      arch/arm/kernel/smp.o
  CC      arch/arm/kernel/smp_tlb.o
  CC      arch/arm/kernel/arch_timer.o
  AS      arch/arm/kernel/entry-ftrace.o
  CC      arch/arm/kernel/ftrace.o
  CC      arch/arm/kernel/insn.o
  CC      arch/arm/kernel/sys_oabi-compat.o
  CC      arch/arm/kernel/unwind.o
  CC      arch/arm/kernel/devtree.o
  CC      arch/arm/kernel/swp_emulate.o
  CC      arch/arm/kernel/hw_breakpoint.o
  CC      arch/arm/kernel/perf_regs.o
  CC      arch/arm/kernel/perf_callchain.o
  CC      arch/arm/kernel/perf_event_xscale.o
  CC      arch/arm/kernel/perf_event_v6.o
  CC      arch/arm/kernel/perf_event_v7.o
  CC      arch/arm/kernel/topology.o
  CC      arch/arm/kernel/vdso.o
  CC      arch/arm/kernel/io.o
  AS      arch/arm/kernel/hyp-stub.o
  CC      arch/arm/kernel/psci_smp.o
  AS      arch/arm/kernel/smccc-call.o
  LD      arch/arm/kernel/built-in.o
  AS      arch/arm/kernel/head.o
  LDS     arch/arm/kernel/vmlinux.lds
  CC      arch/arm/mm/dma-mapping.o
  CC      arch/arm/mm/extable.o
  CC      arch/arm/mm/fault.o
  CC      arch/arm/mm/init.o
  CC      arch/arm/mm/iomap.o
  CC      arch/arm/mm/fault-armv.o
  CC      arch/arm/mm/flush.o
  CC      arch/arm/mm/idmap.o
  CC      arch/arm/mm/ioremap.o
  CC      arch/arm/mm/mmap.o
  CC      arch/arm/mm/pgd.o
  CC      arch/arm/mm/mmu.o
  CC      arch/arm/mm/pageattr.o
  CC      arch/arm/mm/proc-syms.o
  CC      arch/arm/mm/alignment.o
  CC      arch/arm/mm/highmem.o
  AS      arch/arm/mm/abort-ev7.o
  AS      arch/arm/mm/pabort-v7.o
  AS      arch/arm/mm/cache-v7.o
  CC      arch/arm/mm/copypage-v6.o
  CC      arch/arm/mm/context.o
  AS      arch/arm/mm/tlb-v7.o
  AS      arch/arm/mm/proc-v7.o
  LD      arch/arm/mm/built-in.o
  CC      arch/arm/common/firmware.o
  LD      arch/arm/common/built-in.o
  LD      arch/arm/probes/built-in.o
  LD      arch/arm/net/built-in.o
  LD      arch/arm/crypto/built-in.o
  LD      arch/arm/firmware/built-in.o
  CC      arch/arm/mach-hi3798mx/core.o
  CC      arch/arm/mach-hi3798mx/pmu.o
  CC      arch/arm/mach-hi3798mx/platsmp.o
  AS      arch/arm/mach-hi3798mx/headsmp.o
  CC      arch/arm/mach-hi3798mx/hotplug.o
  LD      arch/arm/mach-hi3798mx/built-in.o
  CC      kernel/fork.o
  CC      kernel/exec_domain.o
  CC      kernel/panic.o
  CC      kernel/cpu.o
  CC      kernel/exit.o
  CC      kernel/softirq.o
  CC      kernel/resource.o
  CC      kernel/sysctl.o
  CC      kernel/sysctl_binary.o
  CC      kernel/capability.o
  CC      kernel/ptrace.o
  CC      kernel/user.o
  CC      kernel/signal.o
  CC      kernel/sys.o
  CC      kernel/kmod.o
  CC      kernel/workqueue.o
  CC      kernel/pid.o
  CC      kernel/task_work.o
  CC      kernel/extable.o
  CC      kernel/params.o
  CC      kernel/kthread.o
  CC      kernel/sys_ni.o
  CC      kernel/nsproxy.o
  CC      kernel/notifier.o
  CC      kernel/ksysfs.o
  CC      kernel/cred.o
  CC      kernel/reboot.o
  CC      kernel/async.o
  CC      kernel/range.o
  CC      kernel/smpboot.o
  CC      kernel/groups.o
  CC      kernel/bpf/core.o
  LD      kernel/bpf/built-in.o
  CC      kernel/events/core.o
  CC      kernel/events/ring_buffer.o
  CC      kernel/events/callchain.o
  CC      kernel/events/hw_breakpoint.o
  LD      kernel/events/built-in.o
  CC      kernel/irq/irqdesc.o
  CC      kernel/irq/handle.o
  CC      kernel/irq/manage.o
  CC      kernel/irq/spurious.o
  CC      kernel/irq/resend.o
  CC      kernel/irq/chip.o
  CC      kernel/irq/dummychip.o
  CC      kernel/irq/devres.o
  CC      kernel/irq/autoprobe.o
  CC      kernel/irq/irqdomain.o
  CC      kernel/irq/proc.o
  CC      kernel/irq/pm.o
  LD      kernel/irq/built-in.o
  LD      kernel/livepatch/built-in.o
  CC      kernel/locking/mutex.o
  CC      kernel/locking/semaphore.o
  CC      kernel/locking/rwsem.o
  CC      kernel/locking/percpu-rwsem.o
  CC      kernel/locking/spinlock.o
  CC      kernel/locking/osq_lock.o
  CC      kernel/locking/lglock.o
  CC      kernel/locking/rtmutex.o
  CC      kernel/locking/rwsem-xadd.o
  LD      kernel/locking/built-in.o
  CC      kernel/power/qos.o
  CC      kernel/power/main.o
  CC      kernel/power/console.o
  CC      kernel/power/process.o
  CC      kernel/power/suspend.o
  CC      kernel/power/poweroff.o
  CC      kernel/power/wakeup_reason.o
  LD      kernel/power/built-in.o
  CC      kernel/printk/printk.o
  LD      kernel/printk/built-in.o
  CC      kernel/rcu/update.o
  CC      kernel/rcu/sync.o
  CC      kernel/rcu/srcu.o
  CC      kernel/rcu/tree.o
  LD      kernel/rcu/built-in.o
  CC      kernel/sched/core.o
  CC      kernel/sched/loadavg.o
  CC      kernel/sched/clock.o
  CC      kernel/sched/cputime.o
  CC      kernel/sched/idle_task.o
  CC      kernel/sched/fair.o
  CC      kernel/sched/rt.o
  CC      kernel/sched/deadline.o
  CC      kernel/sched/stop_task.o
  CC      kernel/sched/wait.o
  CC      kernel/sched/completion.o
  CC      kernel/sched/idle.o
  CC      kernel/sched/cpupri.o
  CC      kernel/sched/cpudeadline.o
  CC      kernel/sched/energy.o
  CC      kernel/sched/auto_group.o
  CC      kernel/sched/cpuacct.o
  LD      kernel/sched/built-in.o
  CC      kernel/time/time.o
  CC      kernel/time/timer.o
  CC      kernel/time/hrtimer.o
  CC      kernel/time/itimer.o
  CC      kernel/time/posix-timers.o
  CC      kernel/time/posix-cpu-timers.o
  CC      kernel/time/timekeeping.o
  CC      kernel/time/ntp.o
  CC      kernel/time/clocksource.o
  CC      kernel/time/jiffies.o
  CC      kernel/time/timer_list.o
  CC      kernel/time/timeconv.o
  CC      kernel/time/timecounter.o
  CC      kernel/time/posix-clock.o
  CC      kernel/time/alarmtimer.o
  CC      kernel/time/clockevents.o
  CC      kernel/time/tick-common.o
  CC      kernel/time/tick-broadcast.o
  CC      kernel/time/tick-broadcast-hrtimer.o
  CC      kernel/time/sched_clock.o
  CC      kernel/time/tick-oneshot.o
  CC      kernel/time/tick-sched.o
  CC      kernel/time/timekeeping_debug.o
  LD      kernel/time/built-in.o
  CC      kernel/trace/trace_clock.o
  CC      kernel/trace/ftrace.o
  LD      kernel/trace/libftrace.o
  CC      kernel/trace/ring_buffer.o
  CC      kernel/trace/trace.o
  CC      kernel/trace/trace_output.o
  CC      kernel/trace/trace_seq.o
  CC      kernel/trace/trace_stat.o
  CC      kernel/trace/trace_printk.o
  CC      kernel/trace/trace_sched_switch.o
  CC      kernel/trace/trace_functions.o
  CC      kernel/trace/trace_nop.o
  CC      kernel/trace/trace_functions_graph.o
  CC      kernel/trace/blktrace.o
  CC      kernel/trace/trace_events.o
  CC      kernel/trace/trace_export.o
  CC      kernel/trace/trace_event_perf.o
  CC      kernel/trace/trace_events_filter.o
  CC      kernel/trace/trace_events_trigger.o
  CC      kernel/trace/power-traces.o
  CC      kernel/trace/rpm-traces.o
  LD      kernel/trace/built-in.o
  CC      kernel/freezer.o
  CC      kernel/profile.o
  CC      kernel/stacktrace.o
  CC      kernel/futex.o
  CC      kernel/smp.o
  CC      kernel/uid16.o
  CC      kernel/module.o
  CC      kernel/kallsyms.o
  CC      kernel/cgroup.o
  CC      kernel/cgroup_freezer.o
  CC      kernel/cgroup_pids.o
  CC      kernel/cpuset.o
  CC      kernel/utsname.o
  CC      kernel/pid_namespace.o
  GZIP    kernel/config_data.gz
  CHK     kernel/config_data.h
  UPD     kernel/config_data.h
  CC      kernel/configs.o
  CC      kernel/stop_machine.o
  CC      kernel/audit.o
  CC      kernel/auditfilter.o
  CC      kernel/relay.o
  CC      kernel/utsname_sysctl.o
  CC      kernel/tracepoint.o
  CC      kernel/elfcore.o
  CC      kernel/irq_work.o
  CC      kernel/cpu_pm.o
  CC      kernel/context_tracking.o
  CC      kernel/membarrier.o
  CC      kernel/memremap.o
  LD      kernel/built-in.o
  LD      certs/built-in.o
  CC      mm/filemap.o
  CC      mm/mempool.o
  CC      mm/oom_kill.o
  CC      mm/maccess.o
  CC      mm/page_alloc.o
  CC      mm/page-writeback.o
  CC      mm/readahead.o
  CC      mm/swap.o
  CC      mm/truncate.o
  CC      mm/vmscan.o
  CC      mm/shmem.o
  CC      mm/util.o
  CC      mm/mmzone.o
  CC      mm/vmstat.o
  CC      mm/backing-dev.o
  CC      mm/mm_init.o
  CC      mm/mmu_context.o
  CC      mm/percpu.o
  CC      mm/slab_common.o
  CC      mm/compaction.o
  CC      mm/vmacache.o
  CC      mm/interval_tree.o
  CC      mm/list_lru.o
  CC      mm/workingset.o
  CC      mm/debug.o
  CC      mm/gup.o
  CC      mm/highmem.o
  CC      mm/memory.o
  CC      mm/mincore.o
  CC      mm/mlock.o
  CC      mm/mmap.o
  CC      mm/mprotect.o
  CC      mm/mremap.o
  CC      mm/msync.o
  CC      mm/rmap.o
  CC      mm/vmalloc.o
  CC      mm/pagewalk.o
  CC      mm/pgtable-generic.o
  CC      mm/process_vm_access.o
  CC      mm/init-mm.o
  CC      mm/nobootmem.o
  CC      mm/fadvise.o
  CC      mm/madvise.o
  CC      mm/memblock.o
  CC      mm/dmapool.o
  CC      mm/ksm.o
  CC      mm/slub.o
  CC      mm/migrate.o
  CC      mm/page_counter.o
  CC      mm/memcontrol.o
/home/amiya/workplace/hi3798/HiSTBLinux/source/kernel/linux-4.4.y/mm/memcontrol.c:5355:12: warning: initialization from incompatible pointer type
  .attach = mem_cgroup_move_task,
            ^
/home/amiya/workplace/hi3798/HiSTBLinux/source/kernel/linux-4.4.y/mm/memcontrol.c:5355:12: warning: (near initialization for 'memory_cgrp_subsys.attach')
/home/amiya/workplace/hi3798/HiSTBLinux/source/kernel/linux-4.4.y/mm/memcontrol.c:4153:27: warning: 'mem_cgroup_id_get_online' defined but not used [-Wunused-function]
 static struct mem_cgroup *mem_cgroup_id_get_online(struct mem_cgroup *memcg)
                           ^
  CC      mm/vmpressure.o
  CC      mm/page_isolation.o
  CC      mm/cma.o
  CC      mm/frame_vector.o
  LD      mm/built-in.o
  CC      fs/open.o
  CC      fs/read_write.o
  CC      fs/file_table.o
  CC      fs/super.o
  CC      fs/char_dev.o
  CC      fs/stat.o
  CC      fs/exec.o
  CC      fs/pipe.o
  CC      fs/namei.o
  CC      fs/fcntl.o
  CC      fs/ioctl.o
  CC      fs/readdir.o
  CC      fs/select.o
  CC      fs/dcache.o
  CC      fs/inode.o
  CC      fs/attr.o
  CC      fs/bad_inode.o
  CC      fs/file.o
  CC      fs/filesystems.o
  CC      fs/namespace.o
  CC      fs/seq_file.o
  CC      fs/xattr.o
  CC      fs/libfs.o
  CC      fs/fs-writeback.o
  CC      fs/pnode.o
  CC      fs/splice.o
  CC      fs/sync.o
  CC      fs/utimes.o
  CC      fs/stack.o
  CC      fs/fs_struct.o
  CC      fs/statfs.o
  CC      fs/fs_pin.o
  CC      fs/nsfs.o
  CC      fs/buffer.o
  CC      fs/block_dev.o
  CC      fs/direct-io.o
  CC      fs/mpage.o
  CC      fs/proc_namespace.o
  LD      fs/autofs4/built-in.o
  CC [M]  fs/autofs4/init.o
  CC [M]  fs/autofs4/inode.o
  CC [M]  fs/autofs4/root.o
  CC [M]  fs/autofs4/symlink.o
  CC [M]  fs/autofs4/waitq.o
  CC [M]  fs/autofs4/expire.o
  CC [M]  fs/autofs4/dev-ioctl.o
  LD [M]  fs/autofs4/autofs4.o
  CC      fs/configfs/inode.o
  CC      fs/configfs/file.o
  CC      fs/configfs/dir.o
  CC      fs/configfs/symlink.o
  CC      fs/configfs/mount.o
  CC      fs/configfs/item.o
  LD      fs/configfs/configfs.o
  LD      fs/configfs/built-in.o
  CC      fs/cramfs/inode.o
  CC      fs/cramfs/uncompress.o
  LD      fs/cramfs/cramfs.o
  LD      fs/cramfs/built-in.o
  CC      fs/debugfs/inode.o
  CC      fs/debugfs/file.o
  LD      fs/debugfs/debugfs.o
  LD      fs/debugfs/built-in.o
  CC      fs/devpts/inode.o
  LD      fs/devpts/devpts.o
  LD      fs/devpts/built-in.o
  LD      fs/exofs/built-in.o
  CC      fs/exportfs/expfs.o
  LD      fs/exportfs/exportfs.o
  LD      fs/exportfs/built-in.o
  CC      fs/ext2/balloc.o
  CC      fs/ext2/dir.o
  CC      fs/ext2/file.o
  CC      fs/ext2/ialloc.o
  CC      fs/ext2/inode.o
  CC      fs/ext2/ioctl.o
  CC      fs/ext2/namei.o
  CC      fs/ext2/super.o
  CC      fs/ext2/symlink.o
  CC      fs/ext2/xattr.o
  CC      fs/ext2/xattr_user.o
  CC      fs/ext2/xattr_trusted.o
  CC      fs/ext2/acl.o
  CC      fs/ext2/xattr_security.o
  LD      fs/ext2/ext2.o
  LD      fs/ext2/built-in.o
  CC      fs/ext4/balloc.o
  CC      fs/ext4/bitmap.o
  CC      fs/ext4/dir.o
  CC      fs/ext4/file.o
  CC      fs/ext4/fsync.o
  CC      fs/ext4/ialloc.o
  CC      fs/ext4/inode.o
  CC      fs/ext4/page-io.o
  CC      fs/ext4/ioctl.o
  CC      fs/ext4/namei.o
  CC      fs/ext4/super.o
  CC      fs/ext4/symlink.o
  CC      fs/ext4/hash.o
  CC      fs/ext4/resize.o
  CC      fs/ext4/extents.o
  CC      fs/ext4/ext4_jbd2.o
  CC      fs/ext4/migrate.o
  CC      fs/ext4/mballoc.o
  CC      fs/ext4/block_validity.o
  CC      fs/ext4/move_extent.o
  CC      fs/ext4/mmp.o
  CC      fs/ext4/indirect.o
  CC      fs/ext4/extents_status.o
  CC      fs/ext4/xattr.o
  CC      fs/ext4/xattr_user.o
  CC      fs/ext4/xattr_trusted.o
  CC      fs/ext4/inline.o
  CC      fs/ext4/readpage.o
  CC      fs/ext4/sysfs.o
  CC      fs/ext4/acl.o
  CC      fs/ext4/xattr_security.o
  LD      fs/ext4/ext4.o
  LD      fs/ext4/built-in.o
  CC      fs/fat/cache.o
  CC      fs/fat/dir.o
  CC      fs/fat/fatent.o
  CC      fs/fat/file.o
  CC      fs/fat/inode.o
  CC      fs/fat/misc.o
  CC      fs/fat/nfs.o
  LD      fs/fat/fat.o
  CC      fs/fat/namei_vfat.o
  LD      fs/fat/vfat.o
  CC      fs/fat/namei_msdos.o
  LD      fs/fat/msdos.o
  LD      fs/fat/built-in.o
  CC      fs/fuse/dev.o
  CC      fs/fuse/dir.o
  CC      fs/fuse/file.o
  CC      fs/fuse/inode.o
  CC      fs/fuse/control.o
  LD      fs/fuse/fuse.o
  LD      fs/fuse/built-in.o
  CC      fs/isofs/namei.o
  CC      fs/isofs/inode.o
  CC      fs/isofs/dir.o
  CC      fs/isofs/util.o
  CC      fs/isofs/rock.o
  CC      fs/isofs/export.o
  LD      fs/isofs/isofs.o
  LD      fs/isofs/built-in.o
  CC      fs/jbd2/transaction.o
  CC      fs/jbd2/commit.o
  CC      fs/jbd2/recovery.o
  CC      fs/jbd2/checkpoint.o
  CC      fs/jbd2/revoke.o
  CC      fs/jbd2/journal.o
  LD      fs/jbd2/jbd2.o
  LD      fs/jbd2/built-in.o
  CC      fs/jffs2/compr.o
  CC      fs/jffs2/dir.o
  CC      fs/jffs2/file.o
  CC      fs/jffs2/ioctl.o
  CC      fs/jffs2/nodelist.o
  CC      fs/jffs2/malloc.o
  CC      fs/jffs2/read.o
  CC      fs/jffs2/nodemgmt.o
  CC      fs/jffs2/readinode.o
  CC      fs/jffs2/write.o
  CC      fs/jffs2/scan.o
  CC      fs/jffs2/gc.o
  CC      fs/jffs2/symlink.o
  CC      fs/jffs2/build.o
  CC      fs/jffs2/erase.o
  CC      fs/jffs2/background.o
  CC      fs/jffs2/fs.o
  CC      fs/jffs2/writev.o
  CC      fs/jffs2/super.o
  CC      fs/jffs2/debug.o
  CC      fs/jffs2/wbuf.o
  CC      fs/jffs2/compr_rtime.o
  CC      fs/jffs2/compr_zlib.o
  LD      fs/jffs2/jffs2.o
  LD      fs/jffs2/built-in.o
  LD      fs/jfs/built-in.o
  CC [M]  fs/jfs/super.o
  CC [M]  fs/jfs/file.o
  CC [M]  fs/jfs/inode.o
  CC [M]  fs/jfs/namei.o
  CC [M]  fs/jfs/jfs_mount.o
  CC [M]  fs/jfs/jfs_umount.o
  CC [M]  fs/jfs/jfs_xtree.o
  CC [M]  fs/jfs/jfs_imap.o
  CC [M]  fs/jfs/jfs_debug.o
  CC [M]  fs/jfs/jfs_dmap.o
  CC [M]  fs/jfs/jfs_unicode.o
  CC [M]  fs/jfs/jfs_dtree.o
  CC [M]  fs/jfs/jfs_inode.o
  CC [M]  fs/jfs/jfs_discard.o
  CC [M]  fs/jfs/jfs_extent.o
  CC [M]  fs/jfs/symlink.o
  CC [M]  fs/jfs/jfs_metapage.o
  CC [M]  fs/jfs/jfs_logmgr.o
  CC [M]  fs/jfs/jfs_txnmgr.o
  CC [M]  fs/jfs/jfs_uniupr.o
  CC [M]  fs/jfs/resize.o
  CC [M]  fs/jfs/xattr.o
  CC [M]  fs/jfs/ioctl.o
  CC [M]  fs/jfs/acl.o
  LD [M]  fs/jfs/jfs.o
  CC      fs/kernfs/mount.o
  CC      fs/kernfs/inode.o
  CC      fs/kernfs/dir.o
  CC      fs/kernfs/file.o
  CC      fs/kernfs/symlink.o
  LD      fs/kernfs/built-in.o
  CC      fs/lockd/clntlock.o
  CC      fs/lockd/clntproc.o
  CC      fs/lockd/clntxdr.o
  CC      fs/lockd/host.o
  CC      fs/lockd/svc.o
  CC      fs/lockd/svclock.o
  CC      fs/lockd/svcshare.o
  CC      fs/lockd/svcproc.o
  CC      fs/lockd/svcsubs.o
  CC      fs/lockd/mon.o
  CC      fs/lockd/xdr.o
  CC      fs/lockd/clnt4xdr.o
  CC      fs/lockd/xdr4.o
  CC      fs/lockd/svc4proc.o
  CC      fs/lockd/procfs.o
  LD      fs/lockd/lockd.o
  LD      fs/lockd/built-in.o
  CC      fs/nfs/client.o
  CC      fs/nfs/dir.o
  CC      fs/nfs/file.o
  CC      fs/nfs/getroot.o
  CC      fs/nfs/inode.o
  CC      fs/nfs/super.o
  CC      fs/nfs/direct.o
  CC      fs/nfs/pagelist.o
  CC      fs/nfs/read.o
  CC      fs/nfs/symlink.o
  CC      fs/nfs/unlink.o
  CC      fs/nfs/write.o
  CC      fs/nfs/namespace.o
  CC      fs/nfs/mount_clnt.o
  CC      fs/nfs/nfstrace.o
  CC      fs/nfs/sysctl.o
  LD      fs/nfs/nfs.o
  CC      fs/nfs/nfs2super.o
  CC      fs/nfs/proc.o
  CC      fs/nfs/nfs2xdr.o
  LD      fs/nfs/nfsv2.o
  CC      fs/nfs/nfs3super.o
  CC      fs/nfs/nfs3client.o
  CC      fs/nfs/nfs3proc.o
  CC      fs/nfs/nfs3xdr.o
  CC      fs/nfs/nfs3acl.o
  LD      fs/nfs/nfsv3.o
  LD      fs/nfs/built-in.o
  CC      fs/nfs_common/nfsacl.o
  LD      fs/nfs_common/nfs_acl.o
  CC      fs/nfs_common/grace.o
  LD      fs/nfs_common/built-in.o
  CC      fs/nls/nls_base.o
  CC      fs/nls/nls_cp437.o
  CC      fs/nls/nls_cp936.o
  CC      fs/nls/nls_ascii.o
  CC      fs/nls/nls_iso8859-1.o
  CC      fs/nls/nls_utf8.o
  LD      fs/nls/built-in.o
  CC [M]  fs/nls/nls_cp737.o
  CC [M]  fs/nls/nls_cp775.o
  CC [M]  fs/nls/nls_cp850.o
  CC [M]  fs/nls/nls_cp852.o
  CC [M]  fs/nls/nls_cp855.o
  CC [M]  fs/nls/nls_cp857.o
  CC [M]  fs/nls/nls_cp860.o
  CC [M]  fs/nls/nls_cp861.o
  CC [M]  fs/nls/nls_cp862.o
  CC [M]  fs/nls/nls_cp863.o
  CC [M]  fs/nls/nls_cp864.o
  CC [M]  fs/nls/nls_cp865.o
  CC [M]  fs/nls/nls_cp866.o
  CC [M]  fs/nls/nls_cp869.o
  CC [M]  fs/nls/nls_cp874.o
  CC [M]  fs/nls/nls_cp932.o
  CC [M]  fs/nls/nls_euc-jp.o
  CC [M]  fs/nls/nls_cp949.o
  CC [M]  fs/nls/nls_cp950.o
  CC [M]  fs/nls/nls_cp1250.o
  CC [M]  fs/nls/nls_cp1251.o
  CC [M]  fs/nls/nls_iso8859-2.o
  CC [M]  fs/nls/nls_iso8859-3.o
  CC [M]  fs/nls/nls_iso8859-4.o
  CC [M]  fs/nls/nls_iso8859-5.o
  CC [M]  fs/nls/nls_iso8859-6.o
  CC [M]  fs/nls/nls_iso8859-7.o
  CC [M]  fs/nls/nls_cp1255.o
  CC [M]  fs/nls/nls_iso8859-9.o
  CC [M]  fs/nls/nls_iso8859-13.o
  CC [M]  fs/nls/nls_iso8859-14.o
  CC [M]  fs/nls/nls_iso8859-15.o
  CC [M]  fs/nls/nls_koi8-r.o
  CC [M]  fs/nls/nls_koi8-u.o
  CC [M]  fs/nls/nls_koi8-ru.o
  CC      fs/notify/fsnotify.o
  CC      fs/notify/notification.o
  CC      fs/notify/group.o
  CC      fs/notify/inode_mark.o
  CC      fs/notify/mark.o
  CC      fs/notify/vfsmount_mark.o
  CC      fs/notify/fdinfo.o
  CC      fs/notify/dnotify/dnotify.o
  LD      fs/notify/dnotify/built-in.o
  LD      fs/notify/fanotify/built-in.o
  CC      fs/notify/inotify/inotify_fsnotify.o
  CC      fs/notify/inotify/inotify_user.o
  LD      fs/notify/inotify/built-in.o
  LD      fs/notify/built-in.o
  CC      fs/proc/task_mmu.o
  CC      fs/proc/inode.o
  CC      fs/proc/root.o
  CC      fs/proc/base.o
  CC      fs/proc/generic.o
  CC      fs/proc/array.o
  CC      fs/proc/fd.o
  CC      fs/proc/proc_tty.o
  CC      fs/proc/cmdline.o
  CC      fs/proc/consoles.o
  CC      fs/proc/cpuinfo.o
  CC      fs/proc/devices.o
  CC      fs/proc/interrupts.o
  CC      fs/proc/loadavg.o
  CC      fs/proc/meminfo.o
  CC      fs/proc/stat.o
  CC      fs/proc/uptime.o
  CC      fs/proc/version.o
  CC      fs/proc/softirqs.o
  CC      fs/proc/namespaces.o
  CC      fs/proc/self.o
  CC      fs/proc/thread_self.o
  CC      fs/proc/proc_sysctl.o
  CC      fs/proc/proc_net.o
  CC      fs/proc/kmsg.o
  CC      fs/proc/page.o
  LD      fs/proc/proc.o
  LD      fs/proc/built-in.o
  CC      fs/quota/dquot.o
  CC      fs/quota/quota.o
  CC      fs/quota/kqid.o
  LD      fs/quota/built-in.o
  CC [M]  fs/quota/quota_v1.o
  CC [M]  fs/quota/quota_v2.o
  CC [M]  fs/quota/quota_tree.o
  CC      fs/ramfs/inode.o
  CC      fs/ramfs/file-mmu.o
  LD      fs/ramfs/ramfs.o
  LD      fs/ramfs/built-in.o
  LD      fs/reiserfs/built-in.o
  CC [M]  fs/reiserfs/bitmap.o
  CC [M]  fs/reiserfs/do_balan.o
  CC [M]  fs/reiserfs/namei.o
  CC [M]  fs/reiserfs/inode.o
  CC [M]  fs/reiserfs/file.o
  CC [M]  fs/reiserfs/dir.o
  CC [M]  fs/reiserfs/fix_node.o
  CC [M]  fs/reiserfs/super.o
  CC [M]  fs/reiserfs/prints.o
  CC [M]  fs/reiserfs/objectid.o
  CC [M]  fs/reiserfs/lbalance.o
  CC [M]  fs/reiserfs/ibalance.o
  CC [M]  fs/reiserfs/stree.o
  CC [M]  fs/reiserfs/hashes.o
  CC [M]  fs/reiserfs/tail_conversion.o
  CC [M]  fs/reiserfs/journal.o
  CC [M]  fs/reiserfs/resize.o
  CC [M]  fs/reiserfs/item_ops.o
  CC [M]  fs/reiserfs/ioctl.o
  CC [M]  fs/reiserfs/xattr.o
  CC [M]  fs/reiserfs/lock.o
  CC [M]  fs/reiserfs/procfs.o
  CC [M]  fs/reiserfs/xattr_user.o
  CC [M]  fs/reiserfs/xattr_trusted.o
  CC [M]  fs/reiserfs/xattr_security.o
  CC [M]  fs/reiserfs/xattr_acl.o
  LD [M]  fs/reiserfs/reiserfs.o
  CC      fs/squashfs/block.o
  CC      fs/squashfs/cache.o
  CC      fs/squashfs/dir.o
  CC      fs/squashfs/export.o
  CC      fs/squashfs/file.o
  CC      fs/squashfs/fragment.o
  CC      fs/squashfs/id.o
  CC      fs/squashfs/inode.o
  CC      fs/squashfs/namei.o
  CC      fs/squashfs/super.o
  CC      fs/squashfs/symlink.o
  CC      fs/squashfs/decompressor.o
  CC      fs/squashfs/file_cache.o
  CC      fs/squashfs/decompressor_single.o
  CC      fs/squashfs/lzo_wrapper.o
  CC      fs/squashfs/xz_wrapper.o
  CC      fs/squashfs/zlib_wrapper.o
  LD      fs/squashfs/squashfs.o
  LD      fs/squashfs/built-in.o
  CC      fs/sysfs/file.o
  CC      fs/sysfs/dir.o
  CC      fs/sysfs/symlink.o
  CC      fs/sysfs/mount.o
  CC      fs/sysfs/group.o
  LD      fs/sysfs/built-in.o
  CC      fs/tracefs/inode.o
  LD      fs/tracefs/tracefs.o
  LD      fs/tracefs/built-in.o
  CC      fs/ubifs/shrinker.o
  CC      fs/ubifs/journal.o
  CC      fs/ubifs/file.o
  CC      fs/ubifs/dir.o
  CC      fs/ubifs/super.o
  CC      fs/ubifs/sb.o
  CC      fs/ubifs/io.o
  CC      fs/ubifs/tnc.o
  CC      fs/ubifs/master.o
  CC      fs/ubifs/scan.o
  CC      fs/ubifs/replay.o
  CC      fs/ubifs/log.o
  CC      fs/ubifs/commit.o
  CC      fs/ubifs/gc.o
  CC      fs/ubifs/orphan.o
  CC      fs/ubifs/budget.o
  CC      fs/ubifs/find.o
  CC      fs/ubifs/tnc_commit.o
  CC      fs/ubifs/compress.o
  CC      fs/ubifs/lpt.o
  CC      fs/ubifs/lprops.o
  CC      fs/ubifs/recovery.o
  CC      fs/ubifs/ioctl.o
  CC      fs/ubifs/lpt_commit.o
  CC      fs/ubifs/tnc_misc.o
  CC      fs/ubifs/xattr.o
  CC      fs/ubifs/debug.o
  LD      fs/ubifs/ubifs.o
  LD      fs/ubifs/built-in.o
  CC      fs/udf/balloc.o
  CC      fs/udf/dir.o
  CC      fs/udf/file.o
  CC      fs/udf/ialloc.o
  CC      fs/udf/inode.o
  CC      fs/udf/lowlevel.o
  CC      fs/udf/namei.o
  CC      fs/udf/partition.o
  CC      fs/udf/super.o
  CC      fs/udf/truncate.o
  CC      fs/udf/symlink.o
  CC      fs/udf/directory.o
  CC      fs/udf/misc.o
  CC      fs/udf/udftime.o
  CC      fs/udf/unicode.o
  LD      fs/udf/udf.o
  LD      fs/udf/built-in.o
  LD      fs/xfs/built-in.o
  CC [M]  fs/xfs/xfs_trace.o
  CC [M]  fs/xfs/libxfs/xfs_alloc.o
  CC [M]  fs/xfs/libxfs/xfs_alloc_btree.o
  CC [M]  fs/xfs/libxfs/xfs_attr.o
  CC [M]  fs/xfs/libxfs/xfs_attr_leaf.o
  CC [M]  fs/xfs/libxfs/xfs_attr_remote.o
  CC [M]  fs/xfs/libxfs/xfs_bit.o
  CC [M]  fs/xfs/libxfs/xfs_bmap.o
  CC [M]  fs/xfs/libxfs/xfs_bmap_btree.o
  CC [M]  fs/xfs/libxfs/xfs_btree.o
  CC [M]  fs/xfs/libxfs/xfs_da_btree.o
  CC [M]  fs/xfs/libxfs/xfs_da_format.o
  CC [M]  fs/xfs/libxfs/xfs_dir2.o
  CC [M]  fs/xfs/libxfs/xfs_dir2_block.o
  CC [M]  fs/xfs/libxfs/xfs_dir2_data.o
  CC [M]  fs/xfs/libxfs/xfs_dir2_leaf.o
  CC [M]  fs/xfs/libxfs/xfs_dir2_node.o
  CC [M]  fs/xfs/libxfs/xfs_dir2_sf.o
  CC [M]  fs/xfs/libxfs/xfs_dquot_buf.o
  CC [M]  fs/xfs/libxfs/xfs_ialloc.o
  CC [M]  fs/xfs/libxfs/xfs_ialloc_btree.o
  CC [M]  fs/xfs/libxfs/xfs_inode_fork.o
  CC [M]  fs/xfs/libxfs/xfs_inode_buf.o
  CC [M]  fs/xfs/libxfs/xfs_log_rlimit.o
  CC [M]  fs/xfs/libxfs/xfs_sb.o
  CC [M]  fs/xfs/libxfs/xfs_symlink_remote.o
  CC [M]  fs/xfs/libxfs/xfs_trans_resv.o
  CC [M]  fs/xfs/libxfs/xfs_rtbitmap.o
  CC [M]  fs/xfs/xfs_aops.o
  CC [M]  fs/xfs/xfs_attr_inactive.o
  CC [M]  fs/xfs/xfs_attr_list.o
  CC [M]  fs/xfs/xfs_bmap_util.o
  CC [M]  fs/xfs/xfs_buf.o
  CC [M]  fs/xfs/xfs_dir2_readdir.o
  CC [M]  fs/xfs/xfs_discard.o
  CC [M]  fs/xfs/xfs_error.o
  CC [M]  fs/xfs/xfs_export.o
  CC [M]  fs/xfs/xfs_extent_busy.o
  CC [M]  fs/xfs/xfs_file.o
  CC [M]  fs/xfs/xfs_filestream.o
  CC [M]  fs/xfs/xfs_fsops.o
  CC [M]  fs/xfs/xfs_globals.o
  CC [M]  fs/xfs/xfs_icache.o
  CC [M]  fs/xfs/xfs_ioctl.o
  CC [M]  fs/xfs/xfs_iomap.o
  CC [M]  fs/xfs/xfs_iops.o
  CC [M]  fs/xfs/xfs_inode.o
  CC [M]  fs/xfs/xfs_itable.o
  CC [M]  fs/xfs/xfs_message.o
  CC [M]  fs/xfs/xfs_mount.o
  CC [M]  fs/xfs/xfs_mru_cache.o
  CC [M]  fs/xfs/xfs_stats.o
  CC [M]  fs/xfs/xfs_super.o
  CC [M]  fs/xfs/xfs_symlink.o
  CC [M]  fs/xfs/xfs_sysfs.o
  CC [M]  fs/xfs/xfs_trans.o
  CC [M]  fs/xfs/xfs_xattr.o
  CC [M]  fs/xfs/kmem.o
  CC [M]  fs/xfs/uuid.o
  CC [M]  fs/xfs/xfs_log.o
  CC [M]  fs/xfs/xfs_log_cil.o
  CC [M]  fs/xfs/xfs_buf_item.o
  CC [M]  fs/xfs/xfs_extfree_item.o
  CC [M]  fs/xfs/xfs_icreate_item.o
  CC [M]  fs/xfs/xfs_inode_item.o
  CC [M]  fs/xfs/xfs_log_recover.o
  CC [M]  fs/xfs/xfs_trans_ail.o
  CC [M]  fs/xfs/xfs_trans_buf.o
  CC [M]  fs/xfs/xfs_trans_extfree.o
  CC [M]  fs/xfs/xfs_trans_inode.o
  CC [M]  fs/xfs/xfs_dquot.o
  CC [M]  fs/xfs/xfs_dquot_item.o
  CC [M]  fs/xfs/xfs_trans_dquot.o
  CC [M]  fs/xfs/xfs_qm_syscalls.o
  CC [M]  fs/xfs/xfs_qm_bhv.o
  CC [M]  fs/xfs/xfs_qm.o
  CC [M]  fs/xfs/xfs_quotaops.o
  CC [M]  fs/xfs/xfs_rtalloc.o
  CC [M]  fs/xfs/xfs_acl.o
  CC [M]  fs/xfs/xfs_sysctl.o
  LD [M]  fs/xfs/xfs.o
  CC      fs/yaffs2/yaffs_ecc.o
  CC      fs/yaffs2/yaffs_vfs.o
  CC      fs/yaffs2/yaffs_guts.o
  CC      fs/yaffs2/yaffs_checkptrw.o
  CC      fs/yaffs2/yaffs_packedtags1.o
  CC      fs/yaffs2/yaffs_packedtags2.o
  CC      fs/yaffs2/yaffs_nand.o
  CC      fs/yaffs2/yaffs_tagscompat.o
  CC      fs/yaffs2/yaffs_tagsmarshall.o
  CC      fs/yaffs2/yaffs_mtdif.o
  CC      fs/yaffs2/yaffs_nameval.o
  CC      fs/yaffs2/yaffs_attribs.o
  CC      fs/yaffs2/yaffs_allocator.o
  CC      fs/yaffs2/yaffs_yaffs1.o
  CC      fs/yaffs2/yaffs_yaffs2.o
  CC      fs/yaffs2/yaffs_bitmap.o
  CC      fs/yaffs2/yaffs_summary.o
  CC      fs/yaffs2/yaffs_verify.o
  LD      fs/yaffs2/yaffs.o
  LD      fs/yaffs2/built-in.o
  CC      fs/eventpoll.o
  CC      fs/anon_inodes.o
  CC      fs/signalfd.o
  CC      fs/timerfd.o
  CC      fs/eventfd.o
  CC      fs/aio.o
  CC      fs/locks.o
  CC      fs/binfmt_script.o
  CC      fs/binfmt_elf.o
  CC      fs/mbcache.o
  CC      fs/posix_acl.o
  CC      fs/coredump.o
  CC      fs/drop_caches.o
  CC      fs/fhandle.o
  CC      fs/dcookies.o
  LD      fs/built-in.o
  CC      ipc/util.o
  CC      ipc/msgutil.o
  CC      ipc/msg.o
  CC      ipc/sem.o
  CC      ipc/shm.o
  CC      ipc/syscall.o
  CC      ipc/ipc_sysctl.o
  CC      ipc/mqueue.o
  CC      ipc/namespace.o
  CC      ipc/mq_sysctl.o
  LD      ipc/built-in.o
  CC      security/commoncap.o
  CC      security/min_addr.o
  CC      security/security.o
  CC      security/lsm_audit.o
  CC      security/device_cgroup.o
  CC      security/integrity/iint.o
  CC      security/integrity/integrity_audit.o
  LD      security/integrity/integrity.o
  LD      security/integrity/built-in.o
  LD      security/built-in.o
  CC      crypto/api.o
  CC      crypto/cipher.o
  CC      crypto/compress.o
  CC      crypto/memneq.o
  LD      crypto/crypto.o
  CC      crypto/crypto_wq.o
  CC      crypto/algapi.o
  CC      crypto/scatterwalk.o
  CC      crypto/proc.o
  LD      crypto/crypto_algapi.o
  CC      crypto/aead.o
  CC      crypto/ablkcipher.o
  CC      crypto/blkcipher.o
  CC      crypto/skcipher.o
  LD      crypto/crypto_blkcipher.o
  CC      crypto/chainiv.o
  CC      crypto/eseqiv.o
  CC      crypto/ahash.o
  CC      crypto/shash.o
  LD      crypto/crypto_hash.o
  CC      crypto/pcompress.o
  CC      crypto/akcipher.o
  CC      crypto/algboss.o
  CC      crypto/testmgr.o
  LD      crypto/cryptomgr.o
  CC      crypto/cmac.o
  CC      crypto/hmac.o
  CC      crypto/crypto_null.o
  CC      crypto/md5.o
  CC      crypto/sha1_generic.o
  CC      crypto/sha256_generic.o
  CC      crypto/ecb.o
  CC      crypto/cbc.o
  CC      crypto/des_generic.o
  CC      crypto/blowfish_generic.o
  CC      crypto/blowfish_common.o
  CC      crypto/aes_generic.o
  CC      crypto/arc4.o
  CC      crypto/deflate.o
  CC      crypto/zlib.o
  CC      crypto/crc32c_generic.o
  CC      crypto/authenc.o
  CC      crypto/authencesn.o
  CC      crypto/lzo.o
  CC      crypto/lz4.o
  CC      crypto/rng.o
  CC      crypto/ansi_cprng.o
  CC      crypto/af_alg.o
  CC      crypto/algif_hash.o
  LD      crypto/built-in.o
  CC [M]  crypto/seqiv.o
  CC [M]  crypto/echainiv.o
  CC [M]  crypto/gf128mul.o
  CC [M]  crypto/ctr.o
  CC [M]  crypto/gcm.o
  CC [M]  crypto/ccm.o
  CC [M]  crypto/drbg.o
  CC [M]  crypto/jitterentropy.o
  CC [M]  crypto/jitterentropy-kcapi.o
  LD [M]  crypto/jitterentropy_rng.o
  CC [M]  crypto/ghash-generic.o
  CC      block/bio.o
  CC      block/elevator.o
  CC      block/blk-core.o
  CC      block/blk-tag.o
  CC      block/blk-sysfs.o
  CC      block/blk-flush.o
  CC      block/blk-settings.o
  CC      block/blk-ioc.o
  CC      block/blk-map.o
/home/amiya/workplace/hi3798/HiSTBLinux/source/kernel/linux-4.4.y/block/blk-map.c: In function 'blk_rq_map_user_iov':
/home/amiya/workplace/hi3798/HiSTBLinux/source/kernel/linux-4.4.y/block/blk-map.c:93:21: warning: passing argument 1 of 'iter_is_iovec' discards 'const' qualifier from pointer target type
  if (!iter_is_iovec(iter))
                     ^
In file included from /home/amiya/workplace/hi3798/HiSTBLinux/source/kernel/linux-4.4.y/block/blk-map.c:8:0:
/home/amiya/workplace/hi3798/HiSTBLinux/source/kernel/linux-4.4.y/include/linux/uio.h:109:20: note: expected 'struct iov_iter *' but argument is of type 'const struct iov_iter *'
 static inline bool iter_is_iovec(struct iov_iter *i)
                    ^
  CC      block/blk-exec.o
  CC      block/blk-merge.o
  CC      block/blk-softirq.o
  CC      block/blk-timeout.o
  CC      block/blk-iopoll.o
  CC      block/blk-lib.o
  CC      block/blk-mq.o
  CC      block/blk-mq-tag.o
  CC      block/blk-mq-sysfs.o
  CC      block/blk-mq-cpu.o
  CC      block/blk-mq-cpumap.o
  CC      block/ioctl.o
  CC      block/genhd.o
  CC      block/scsi_ioctl.o
  CC      block/partition-generic.o
  CC      block/ioprio.o
  CC      block/partitions/check.o
  CC      block/partitions/cmdline.o
  CC      block/partitions/msdos.o
  CC      block/partitions/efi.o
  LD      block/partitions/built-in.o
  CC      block/bounce.o
  CC      block/bsg.o
  CC      block/blk-cgroup.o
  CC      block/noop-iosched.o
  CC      block/deadline-iosched.o
  CC      block/cfq-iosched.o
  CC      block/cmdline-parser.o
  LD      block/built-in.o
  CC      drivers/amba/bus.o
  LD      drivers/amba/built-in.o
  LD      drivers/android/built-in.o
  LD      drivers/auxdisplay/built-in.o
  CC      drivers/base/component.o
  CC      drivers/base/core.o
  CC      drivers/base/bus.o
  CC      drivers/base/dd.o
  CC      drivers/base/syscore.o
  CC      drivers/base/driver.o
  CC      drivers/base/class.o
  CC      drivers/base/platform.o
  CC      drivers/base/cpu.o
  CC      drivers/base/firmware.o
  CC      drivers/base/init.o
  CC      drivers/base/map.o
  CC      drivers/base/devres.o
  CC      drivers/base/attribute_container.o
  CC      drivers/base/transport_class.o
  CC      drivers/base/topology.o
  CC      drivers/base/container.o
  CC      drivers/base/property.o
  CC      drivers/base/cacheinfo.o
  CC      drivers/base/devtmpfs.o
  CC      drivers/base/dma-contiguous.o
  CC      drivers/base/power/sysfs.o
  CC      drivers/base/power/generic_ops.o
  CC      drivers/base/power/common.o
  CC      drivers/base/power/qos.o
  CC      drivers/base/power/runtime.o
  CC      drivers/base/power/wakeirq.o
  CC      drivers/base/power/main.o
  CC      drivers/base/power/wakeup.o
  CC      drivers/base/power/opp/core.o
  CC      drivers/base/power/opp/cpu.o
  CC      drivers/base/power/opp/debugfs.o
  LD      drivers/base/power/opp/built-in.o
  CC      drivers/base/power/clock_ops.o
  LD      drivers/base/power/built-in.o
  CC      drivers/base/regmap/regmap.o
  CC      drivers/base/regmap/regcache.o
  CC      drivers/base/regmap/regcache-rbtree.o
  CC      drivers/base/regmap/regcache-lzo.o
  CC      drivers/base/regmap/regcache-flat.o
  CC      drivers/base/regmap/regmap-debugfs.o
  CC      drivers/base/regmap/regmap-i2c.o
  CC      drivers/base/regmap/regmap-spi.o
  LD      drivers/base/regmap/built-in.o
  CC      drivers/base/dma-mapping.o
  CC      drivers/base/dma-coherent.o
  CC      drivers/base/firmware_class.o
  CC      drivers/base/module.o
  LD      drivers/base/built-in.o
  CC      drivers/block/brd.o
  CC      drivers/block/loop.o
  LD      drivers/block/built-in.o
  CC      drivers/bluetooth/btusb.o
  CC      drivers/bluetooth/btintel.o
  LD      drivers/bluetooth/built-in.o
  LD      drivers/bus/built-in.o
  LD      drivers/cdrom/built-in.o
  CC      drivers/char/mem.o
  CC      drivers/char/random.o
  CC      drivers/char/misc.o
  CC      drivers/char/apm-emulation.o
  LD      drivers/char/agp/built-in.o
  LD      drivers/char/built-in.o
  CC      drivers/clk/clk-devres.o
  CC      drivers/clk/clkdev.o
  CC      drivers/clk/clk.o
  CC      drivers/clk/clk-divider.o
  CC      drivers/clk/clk-fixed-factor.o
  CC      drivers/clk/clk-fixed-rate.o
  CC      drivers/clk/clk-gate.o
  CC      drivers/clk/clk-multiplier.o
  CC      drivers/clk/clk-mux.o
  CC      drivers/clk/clk-composite.o
  CC      drivers/clk/clk-fractional-divider.o
  CC      drivers/clk/clk-gpio.o
  CC      drivers/clk/clk-conf.o
  LD      drivers/clk/bcm/built-in.o
  LD      drivers/clk/built-in.o
  CC      drivers/clocksource/clksrc-probe.o
  CC      drivers/clocksource/mmio.o
  CC      drivers/clocksource/arm_arch_timer.o
  CC      drivers/clocksource/timer-sp804.o
  CC      drivers/clocksource/dummy_timer.o
  LD      drivers/clocksource/built-in.o
  LD      drivers/common/built-in.o
  CC [M]  drivers/common/himedia/himedia_base.o
  CC [M]  drivers/common/himedia/himedia.o
  LD [M]  drivers/common/hi_media.o
  CC [M]  drivers/common/mmz/drv_mmz_ext_k.o
  CC [M]  drivers/common/mmz/drv_mmz_intf.o
  CC [M]  drivers/common/mmz/drv_tzsmmu.o
  CC [M]  drivers/common/mmz/drv_mmz_userdev.o
  CC [M]  drivers/common/mmz/drv_media_mem.o
  LD [M]  drivers/common/hi_mmz.o
  CC [M]  drivers/common/sys/drv_base_ext_k.o
  CC [M]  drivers/common/sys/drv_sys_ext_k.o
  CC [M]  drivers/common/dev/drv_dev_ext_k.o
  CC [M]  drivers/common/stat/drv_stat_ext_k.o
  CC [M]  drivers/common/proc/drv_proc_ext_k.o
  CC [M]  drivers/common/log/drv_log_ext_k.o
  CC [M]  drivers/common/sys/drv_base_ext.o
  CC [M]  drivers/common/sys/drv_sys_ext.o
  CC [M]  drivers/common/sys/drv_reg_common.o
  CC [M]  drivers/common/stat/drv_stat_ext.o
  CC [M]  drivers/common/mem/drv_mutils.o
  CC [M]  drivers/common/module/drv_module_ext.o
  CC [M]  drivers/common/file/drv_file_ext.o
  CC [M]  drivers/common/proc/drv_proc_ext.o
  CC [M]  drivers/common/log/drv_log_ext.o
  CC [M]  drivers/common/memdev/drv_memdev.o
  CC [M]  drivers/common/userproc/drv_userproc.o
  CC [M]  drivers/common/osal/drv_osal.o
  LD [M]  drivers/common/hi_common.o
  CC      drivers/cpufreq/cpufreq.o
  CC      drivers/cpufreq/freq_table.o
  CC      drivers/cpufreq/cpufreq_stats.o
  CC      drivers/cpufreq/cpufreq_performance.o
  CC      drivers/cpufreq/cpufreq_powersave.o
  CC      drivers/cpufreq/cpufreq_userspace.o
  CC      drivers/cpufreq/cpufreq_ondemand.o
  CC      drivers/cpufreq/cpufreq_conservative.o
  CC      drivers/cpufreq/cpufreq_interactive.o
  CC      drivers/cpufreq/cpufreq_governor.o
  LD      drivers/cpufreq/built-in.o
  LD      drivers/crypto/built-in.o
  CC      drivers/dma/dmaengine.o
  CC      drivers/dma/of-dma.o
  LD      drivers/dma/xilinx/built-in.o
  LD      drivers/dma/built-in.o
  CC      drivers/dma-buf/dma-buf.o
  CC      drivers/dma-buf/fence.o
  CC      drivers/dma-buf/reservation.o
  CC      drivers/dma-buf/seqno-fence.o
  LD      drivers/dma-buf/built-in.o
  LD      drivers/firewire/built-in.o
  CC      drivers/firmware/psci.o
  LD      drivers/firmware/broadcom/built-in.o
  LD      drivers/firmware/built-in.o
  CC      drivers/gpio/devres.o
  CC      drivers/gpio/gpiolib.o
  CC      drivers/gpio/gpiolib-legacy.o
  CC      drivers/gpio/gpiolib-of.o
  CC      drivers/gpio/gpiolib-sysfs.o
  CC      drivers/gpio/gpio-generic.o
  CC      drivers/gpio/gpio-pl061.o
  LD      drivers/gpio/built-in.o
  CC      drivers/gpu/drm/drm_auth.o
  CC      drivers/gpu/drm/drm_bufs.o
  CC      drivers/gpu/drm/drm_cache.o
  CC      drivers/gpu/drm/drm_context.o
  CC      drivers/gpu/drm/drm_dma.o
  CC      drivers/gpu/drm/drm_fops.o
  CC      drivers/gpu/drm/drm_gem.o
  CC      drivers/gpu/drm/drm_ioctl.o
  CC      drivers/gpu/drm/drm_irq.o
  CC      drivers/gpu/drm/drm_lock.o
  CC      drivers/gpu/drm/drm_memory.o
  CC      drivers/gpu/drm/drm_drv.o
  CC      drivers/gpu/drm/drm_vm.o
  CC      drivers/gpu/drm/drm_scatter.o
  CC      drivers/gpu/drm/drm_pci.o
  CC      drivers/gpu/drm/drm_platform.o
  CC      drivers/gpu/drm/drm_sysfs.o
  CC      drivers/gpu/drm/drm_hashtab.o
  CC      drivers/gpu/drm/drm_mm.o
  CC      drivers/gpu/drm/drm_crtc.o
  CC      drivers/gpu/drm/drm_modes.o
  CC      drivers/gpu/drm/drm_edid.o
  CC      drivers/gpu/drm/drm_info.o
  CC      drivers/gpu/drm/drm_debugfs.o
  CC      drivers/gpu/drm/drm_encoder_slave.o
  CC      drivers/gpu/drm/drm_trace_points.o
  CC      drivers/gpu/drm/drm_global.o
  CC      drivers/gpu/drm/drm_prime.o
  CC      drivers/gpu/drm/drm_rect.o
  CC      drivers/gpu/drm/drm_vma_manager.o
  CC      drivers/gpu/drm/drm_flip_work.o
  CC      drivers/gpu/drm/drm_modeset_lock.o
  CC      drivers/gpu/drm/drm_atomic.o
  CC      drivers/gpu/drm/drm_bridge.o
  CC      drivers/gpu/drm/ati_pcigart.o
  CC      drivers/gpu/drm/drm_of.o
  LD      drivers/gpu/drm/drm.o
  LD      drivers/gpu/drm/bridge/built-in.o
  LD      drivers/gpu/drm/i2c/built-in.o
  LD      drivers/gpu/drm/panel/built-in.o
  LD      drivers/gpu/drm/tilcdc/built-in.o
  LD      drivers/gpu/drm/built-in.o
  CC      drivers/gpu/vga/vgaarb.o
  LD      drivers/gpu/vga/built-in.o
  LD      drivers/gpu/built-in.o
  CC      drivers/hid/hid-core.o
  CC      drivers/hid/hid-input.o
  CC      drivers/hid/hid-debug.o
  LD      drivers/hid/hid.o
  CC      drivers/hid/uhid.o
  CC      drivers/hid/hid-generic.o
  CC      drivers/hid/hid-a4tech.o
  CC      drivers/hid/hid-apple.o
  CC      drivers/hid/hid-belkin.o
  CC      drivers/hid/hid-cherry.o
  CC      drivers/hid/hid-chicony.o
  CC      drivers/hid/hid-cypress.o
  CC      drivers/hid/hid-ezkey.o
  CC      drivers/hid/hid-kensington.o
  CC      drivers/hid/hid-lg.o
  CC      drivers/hid/hid-lgff.o
  CC      drivers/hid/hid-lg2ff.o
  CC      drivers/hid/hid-lg3ff.o
  CC      drivers/hid/hid-lg4ff.o
  LD      drivers/hid/hid-logitech.o
  CC      drivers/hid/hid-microsoft.o
  CC      drivers/hid/hid-monterey.o
  CC      drivers/hid/usbhid/hid-core.o
  CC      drivers/hid/usbhid/hid-quirks.o
  LD      drivers/hid/usbhid/usbhid.o
  LD      drivers/hid/usbhid/built-in.o
  LD      drivers/hid/built-in.o
  CC      drivers/hisilicon/atags/atags2fdt.o
/home/amiya/workplace/hi3798/HiSTBLinux/source/kernel/linux-4.4.y/drivers/hisilicon/atags/atags2fdt.c: In function 'deal_atags':
/home/amiya/workplace/hi3798/HiSTBLinux/source/kernel/linux-4.4.y/drivers/hisilicon/atags/atags2fdt.c:274:15: warning: unused variable 'node' [-Wunused-variable]
  int memsize, node;
               ^
  CC      drivers/hisilicon/atags/atags.o
  CC      drivers/hisilicon/atags/tag-param.o
  CC      drivers/hisilicon/atags/tag-sdkver.o
  CC      drivers/hisilicon/atags/tag-net.o
  CC      drivers/hisilicon/atags/tag-chiptrim.o
  CC      drivers/hisilicon/atags/tag-emmc.o
  CC      drivers/hisilicon/atags/tag-bootreg.o
  LD      drivers/hisilicon/atags/built-in.o
  CC      drivers/hisilicon/clk/hi3798mx/clk-hi3798mv100.o
  CC      drivers/hisilicon/clk/hi3798mx/clk-hiusb2.o
  CC      drivers/hisilicon/clk/hi3798mx/clk-hiusb3.o
  CC      drivers/hisilicon/clk/hi3798mx/clk-hiir.o
  LD      drivers/hisilicon/clk/hi3798mx/built-in.o
  CC      drivers/hisilicon/clk/clk-hisi.o
  LD      drivers/hisilicon/clk/built-in.o
  CC      drivers/hisilicon/cma/hi_cma.o
  LD      drivers/hisilicon/cma/built-in.o
  CC      drivers/hisilicon/flash_stats/flash_stats.o
  CC      drivers/hisilicon/flash_stats/stats_rwe.o
  CC      drivers/hisilicon/flash_stats/stats_ecc.o
  CC      drivers/hisilicon/flash_stats/stats_read_retry.o
  LD      drivers/hisilicon/flash_stats/built-in.o
  CC      drivers/hisilicon/hash_vrf_dev/verify.o
/home/amiya/workplace/hi3798/HiSTBLinux/source/kernel/linux-4.4.y/drivers/hisilicon/hash_vrf_dev/verify.c: In function 'part_find_num':
/home/amiya/workplace/hi3798/HiSTBLinux/source/kernel/linux-4.4.y/drivers/hisilicon/hash_vrf_dev/verify.c:84:12: warning: passing argument 1 of 'strim' from incompatible pointer type
  b = strim(buffer);
            ^
In file included from /home/amiya/workplace/hi3798/HiSTBLinux/source/kernel/linux-4.4.y/include/linux/bitmap.h:8:0,
                 from /home/amiya/workplace/hi3798/HiSTBLinux/source/kernel/linux-4.4.y/include/linux/nodemask.h:92,
                 from /home/amiya/workplace/hi3798/HiSTBLinux/source/kernel/linux-4.4.y/include/linux/mmzone.h:16,
                 from /home/amiya/workplace/hi3798/HiSTBLinux/source/kernel/linux-4.4.y/include/linux/gfp.h:5,
                 from /home/amiya/workplace/hi3798/HiSTBLinux/source/kernel/linux-4.4.y/include/linux/kmod.h:22,
                 from /home/amiya/workplace/hi3798/HiSTBLinux/source/kernel/linux-4.4.y/include/linux/module.h:13,
                 from /home/amiya/workplace/hi3798/HiSTBLinux/source/kernel/linux-4.4.y/drivers/hisilicon/hash_vrf_dev/verify.c:9:
/home/amiya/workplace/hi3798/HiSTBLinux/source/kernel/linux-4.4.y/include/linux/string.h:66:14: note: expected 'char *' but argument is of type 'char **'
 extern char *strim(char *);
              ^
/home/amiya/workplace/hi3798/HiSTBLinux/source/kernel/linux-4.4.y/drivers/hisilicon/hash_vrf_dev/verify.c:79:9: warning: unused variable 'has_st' [-Wunused-variable]
  char * has_st ;
         ^
/home/amiya/workplace/hi3798/HiSTBLinux/source/kernel/linux-4.4.y/drivers/hisilicon/hash_vrf_dev/verify.c:76:9: warning: unused variable 'haspart' [-Wunused-variable]
  char * haspart;
         ^
/home/amiya/workplace/hi3798/HiSTBLinux/source/kernel/linux-4.4.y/drivers/hisilicon/hash_vrf_dev/verify.c: In function 'early_verify_paramter':
/home/amiya/workplace/hi3798/HiSTBLinux/source/kernel/linux-4.4.y/drivers/hisilicon/hash_vrf_dev/verify.c:106:12: warning: passing argument 1 of 'strim' from incompatible pointer type
  b = strim(buffer);
            ^
In file included from /home/amiya/workplace/hi3798/HiSTBLinux/source/kernel/linux-4.4.y/include/linux/bitmap.h:8:0,
                 from /home/amiya/workplace/hi3798/HiSTBLinux/source/kernel/linux-4.4.y/include/linux/nodemask.h:92,
                 from /home/amiya/workplace/hi3798/HiSTBLinux/source/kernel/linux-4.4.y/include/linux/mmzone.h:16,
                 from /home/amiya/workplace/hi3798/HiSTBLinux/source/kernel/linux-4.4.y/include/linux/gfp.h:5,
                 from /home/amiya/workplace/hi3798/HiSTBLinux/source/kernel/linux-4.4.y/include/linux/kmod.h:22,
                 from /home/amiya/workplace/hi3798/HiSTBLinux/source/kernel/linux-4.4.y/include/linux/module.h:13,
                 from /home/amiya/workplace/hi3798/HiSTBLinux/source/kernel/linux-4.4.y/drivers/hisilicon/hash_vrf_dev/verify.c:9:
/home/amiya/workplace/hi3798/HiSTBLinux/source/kernel/linux-4.4.y/include/linux/string.h:66:14: note: expected 'char *' but argument is of type 'char **'
 extern char *strim(char *);
              ^
/home/amiya/workplace/hi3798/HiSTBLinux/source/kernel/linux-4.4.y/drivers/hisilicon/hash_vrf_dev/verify.c: In function 'sha256_string':
/home/amiya/workplace/hi3798/HiSTBLinux/source/kernel/linux-4.4.y/drivers/hisilicon/hash_vrf_dev/verify.c:265:6: warning: unused variable 'readlen' [-Wunused-variable]
  int readlen;
      ^
/home/amiya/workplace/hi3798/HiSTBLinux/source/kernel/linux-4.4.y/drivers/hisilicon/hash_vrf_dev/verify.c: At top level:
/home/amiya/workplace/hi3798/HiSTBLinux/source/kernel/linux-4.4.y/drivers/hisilicon/hash_vrf_dev/verify.c:235:13: warning: 'compose_num' defined but not used [-Wunused-function]
 static char compose_num(char a,char b)
             ^
  LD      drivers/hisilicon/hash_vrf_dev/built-in.o
  CC      drivers/hisilicon/initfile/initfile.o
  LD      drivers/hisilicon/initfile/built-in.o
  CC      drivers/hisilicon/initmrd/initmrd.o
  LD      drivers/hisilicon/initmrd/built-in.o
  LD      drivers/hisilicon/ir/built-in.o
  CC      drivers/hisilicon/kapi/sem.o
  CC      drivers/hisilicon/kapi/mem.o
  CC      drivers/hisilicon/kapi/param.o
  CC      drivers/hisilicon/kapi/ultohstr.o
  CC      drivers/hisilicon/kapi/match.o
  CC      drivers/hisilicon/kapi/pdm.o
  CC      drivers/hisilicon/kapi/sram.o
/home/amiya/workplace/hi3798/HiSTBLinux/source/kernel/linux-4.4.y/drivers/hisilicon/kapi/sram.c:84:27: warning: 'sram_pm_syscore_ops' defined but not used [-Wunused-variable]
 static struct syscore_ops sram_pm_syscore_ops = {
                           ^
  LD      drivers/hisilicon/kapi/built-in.o
  CC      drivers/hisilicon/misc/hisp804-timer.o
  CC      drivers/hisilicon/misc/hifixtimer.o
  CC      drivers/hisilicon/misc/romblock.o
  CC      drivers/hisilicon/misc/export_sym.o
  CC      drivers/hisilicon/misc/part-change.o
  CC      drivers/hisilicon/misc/i2c-hisi.o
  CC      drivers/hisilicon/misc/hw_breakpoint.o
  LD      drivers/hisilicon/misc/built-in.o
  CC [M]  drivers/hisilicon/misc/hrtimer_test.o
  CC      drivers/hisilicon/soc/cputable.o
  CC      drivers/hisilicon/soc/hi3798mv100/cpu-hi3798mv100.o
  CC      drivers/hisilicon/soc/hi3798mv100/hipm.o
/home/amiya/workplace/hi3798/HiSTBLinux/source/kernel/linux-4.4.y/drivers/hisilicon/soc/hi3798mv100/hipm.c: In function 'do_ca_pm_suspend':
/home/amiya/workplace/hi3798/HiSTBLinux/source/kernel/linux-4.4.y/drivers/hisilicon/soc/hi3798mv100/hipm.c:52:6: warning: unused variable 'ret' [-Wunused-variable]
  int ret = 0;
      ^
  AS      drivers/hisilicon/soc/hi3798mv100/hipm_sleep.o
  LD      drivers/hisilicon/soc/hi3798mv100/built-in.o
  LD      drivers/hisilicon/soc/built-in.o
  CC      drivers/hisilicon/usbotg/hiotg.o
  LD      drivers/hisilicon/usbotg/built-in.o
  LD      drivers/hisilicon/built-in.o
  LD      drivers/hsi/clients/built-in.o
  LD      drivers/hsi/controllers/built-in.o
  LD      drivers/hsi/built-in.o
  LD      drivers/hwtracing/intel_th/built-in.o
  CC      drivers/i2c/i2c-boardinfo.o
  CC      drivers/i2c/i2c-core.o
  CC      drivers/i2c/i2c-dev.o
  CC      drivers/i2c/i2c-mux.o
  CC      drivers/i2c/algos/i2c-algo-bit.o
  LD      drivers/i2c/algos/built-in.o
  LD      drivers/i2c/busses/built-in.o
  LD      drivers/i2c/muxes/built-in.o
  LD      drivers/i2c/built-in.o
  LD      drivers/idle/built-in.o
  CC      drivers/input/input.o
  CC      drivers/input/input-compat.o
  CC      drivers/input/input-mt.o
  CC      drivers/input/ff-core.o
  LD      drivers/input/input-core.o
  CC      drivers/input/ff-memless.o
  CC      drivers/input/input-leds.o
  CC      drivers/input/mousedev.o
  CC      drivers/input/joydev.o
  CC      drivers/input/evdev.o
  CC      drivers/input/joystick/xpad.o
  LD      drivers/input/joystick/built-in.o
  CC      drivers/input/keyboard/atkbd.o
  LD      drivers/input/keyboard/built-in.o
  CC      drivers/input/misc/uinput.o
  LD      drivers/input/misc/built-in.o
  CC      drivers/input/mouse/psmouse-base.o
  CC      drivers/input/mouse/synaptics.o
  CC      drivers/input/mouse/focaltech.o
  CC      drivers/input/mouse/alps.o
  CC      drivers/input/mouse/logips2pp.o
  CC      drivers/input/mouse/trackpoint.o
  CC      drivers/input/mouse/cypress_ps2.o
  LD      drivers/input/mouse/psmouse.o
  LD      drivers/input/mouse/built-in.o
  LD      drivers/input/tablet/built-in.o
  CC [M]  drivers/input/tablet/wacom_serial4.o
  LD      drivers/input/built-in.o
  CC      drivers/input/gameport/gameport.o
  LD      drivers/input/gameport/built-in.o
  CC      drivers/input/serio/serio.o
  CC      drivers/input/serio/serport.o
  CC      drivers/input/serio/libps2.o
  LD      drivers/input/serio/built-in.o
  LD      drivers/iommu/built-in.o
  CC      drivers/irqchip/irqchip.o
  CC      drivers/irqchip/irq-gic.o
  CC      drivers/irqchip/irq-gic-common.o
  LD      drivers/irqchip/built-in.o
  CC      drivers/leds/led-core.o
  CC      drivers/leds/led-class.o
  CC      drivers/leds/led-triggers.o
  LD      drivers/leds/trigger/built-in.o
  LD      drivers/leds/built-in.o
  LD      drivers/lguest/built-in.o
  LD      drivers/macintosh/built-in.o
  LD      drivers/media/common/b2c2/built-in.o
  LD      drivers/media/common/saa7146/built-in.o
  LD      drivers/media/common/siano/built-in.o
  LD      drivers/media/common/built-in.o
  LD      drivers/media/firewire/built-in.o
  LD      drivers/media/i2c/soc_camera/built-in.o
  CC      drivers/media/i2c/ir-kbd-i2c.o
  LD      drivers/media/i2c/built-in.o
  LD      drivers/media/mmc/siano/built-in.o
  LD      drivers/media/mmc/built-in.o
  LD      drivers/media/pci/b2c2/built-in.o
  LD      drivers/media/pci/ddbridge/built-in.o
  LD      drivers/media/pci/dm1105/built-in.o
  LD      drivers/media/pci/mantis/built-in.o
  LD      drivers/media/pci/netup_unidvb/built-in.o
  LD      drivers/media/pci/ngene/built-in.o
  LD      drivers/media/pci/pluto2/built-in.o
  LD      drivers/media/pci/pt1/built-in.o
  LD      drivers/media/pci/pt3/built-in.o
  LD      drivers/media/pci/saa7146/built-in.o
  LD      drivers/media/pci/smipcie/built-in.o
  LD      drivers/media/pci/ttpci/built-in.o
  LD      drivers/media/pci/built-in.o
  LD      drivers/media/platform/omap/built-in.o
  LD      drivers/media/platform/built-in.o
  LD      drivers/media/radio/built-in.o
  CC      drivers/media/rc/keymaps/rc-adstech-dvb-t-pci.o
  CC      drivers/media/rc/keymaps/rc-alink-dtu-m.o
  CC      drivers/media/rc/keymaps/rc-anysee.o
  CC      drivers/media/rc/keymaps/rc-apac-viewcomp.o
  CC      drivers/media/rc/keymaps/rc-asus-pc39.o
  CC      drivers/media/rc/keymaps/rc-asus-ps3-100.o
  CC      drivers/media/rc/keymaps/rc-ati-tv-wonder-hd-600.o
  CC      drivers/media/rc/keymaps/rc-ati-x10.o
  CC      drivers/media/rc/keymaps/rc-avermedia-a16d.o
  CC      drivers/media/rc/keymaps/rc-avermedia.o
  CC      drivers/media/rc/keymaps/rc-avermedia-cardbus.o
  CC      drivers/media/rc/keymaps/rc-avermedia-dvbt.o
  CC      drivers/media/rc/keymaps/rc-avermedia-m135a.o
  CC      drivers/media/rc/keymaps/rc-avermedia-m733a-rm-k6.o
  CC      drivers/media/rc/keymaps/rc-avermedia-rm-ks.o
  CC      drivers/media/rc/keymaps/rc-avertv-303.o
  CC      drivers/media/rc/keymaps/rc-azurewave-ad-tu700.o
  CC      drivers/media/rc/keymaps/rc-behold.o
  CC      drivers/media/rc/keymaps/rc-behold-columbus.o
  CC      drivers/media/rc/keymaps/rc-budget-ci-old.o
  CC      drivers/media/rc/keymaps/rc-cinergy-1400.o
  CC      drivers/media/rc/keymaps/rc-cinergy.o
  CC      drivers/media/rc/keymaps/rc-delock-61959.o
  CC      drivers/media/rc/keymaps/rc-dib0700-nec.o
  CC      drivers/media/rc/keymaps/rc-dib0700-rc5.o
  CC      drivers/media/rc/keymaps/rc-digitalnow-tinytwin.o
  CC      drivers/media/rc/keymaps/rc-digittrade.o
  CC      drivers/media/rc/keymaps/rc-dm1105-nec.o
  CC      drivers/media/rc/keymaps/rc-dntv-live-dvb-t.o
  CC      drivers/media/rc/keymaps/rc-dntv-live-dvbt-pro.o
  CC      drivers/media/rc/keymaps/rc-dvbsky.o
  CC      drivers/media/rc/keymaps/rc-em-terratec.o
  CC      drivers/media/rc/keymaps/rc-encore-enltv2.o
  CC      drivers/media/rc/keymaps/rc-encore-enltv.o
  CC      drivers/media/rc/keymaps/rc-encore-enltv-fm53.o
  CC      drivers/media/rc/keymaps/rc-evga-indtube.o
  CC      drivers/media/rc/keymaps/rc-eztv.o
  CC      drivers/media/rc/keymaps/rc-flydvb.o
  CC      drivers/media/rc/keymaps/rc-flyvideo.o
  CC      drivers/media/rc/keymaps/rc-fusionhdtv-mce.o
  CC      drivers/media/rc/keymaps/rc-gadmei-rm008z.o
  CC      drivers/media/rc/keymaps/rc-genius-tvgo-a11mce.o
  CC      drivers/media/rc/keymaps/rc-gotview7135.o
  CC      drivers/media/rc/keymaps/rc-imon-mce.o
  CC      drivers/media/rc/keymaps/rc-imon-pad.o
  CC      drivers/media/rc/keymaps/rc-iodata-bctv7e.o
  CC      drivers/media/rc/keymaps/rc-it913x-v1.o
  CC      drivers/media/rc/keymaps/rc-it913x-v2.o
  CC      drivers/media/rc/keymaps/rc-kaiomy.o
  CC      drivers/media/rc/keymaps/rc-kworld-315u.o
  CC      drivers/media/rc/keymaps/rc-kworld-pc150u.o
  CC      drivers/media/rc/keymaps/rc-kworld-plus-tv-analog.o
  CC      drivers/media/rc/keymaps/rc-leadtek-y04g0051.o
  CC      drivers/media/rc/keymaps/rc-lirc.o
  CC      drivers/media/rc/keymaps/rc-lme2510.o
  CC      drivers/media/rc/keymaps/rc-manli.o
  CC      drivers/media/rc/keymaps/rc-medion-x10.o
  CC      drivers/media/rc/keymaps/rc-medion-x10-digitainer.o
  CC      drivers/media/rc/keymaps/rc-medion-x10-or2x.o
  CC      drivers/media/rc/keymaps/rc-msi-digivox-ii.o
  CC      drivers/media/rc/keymaps/rc-msi-digivox-iii.o
  CC      drivers/media/rc/keymaps/rc-msi-tvanywhere.o
  CC      drivers/media/rc/keymaps/rc-msi-tvanywhere-plus.o
  CC      drivers/media/rc/keymaps/rc-nebula.o
  CC      drivers/media/rc/keymaps/rc-nec-terratec-cinergy-xs.o
  CC      drivers/media/rc/keymaps/rc-norwood.o
  CC      drivers/media/rc/keymaps/rc-npgtech.o
  CC      drivers/media/rc/keymaps/rc-pctv-sedna.o
  CC      drivers/media/rc/keymaps/rc-pinnacle-color.o
  CC      drivers/media/rc/keymaps/rc-pinnacle-grey.o
  CC      drivers/media/rc/keymaps/rc-pinnacle-pctv-hd.o
  CC      drivers/media/rc/keymaps/rc-pixelview.o
  CC      drivers/media/rc/keymaps/rc-pixelview-mk12.o
  CC      drivers/media/rc/keymaps/rc-pixelview-002t.o
  CC      drivers/media/rc/keymaps/rc-pixelview-new.o
  CC      drivers/media/rc/keymaps/rc-powercolor-real-angel.o
  CC      drivers/media/rc/keymaps/rc-proteus-2309.o
  CC      drivers/media/rc/keymaps/rc-purpletv.o
  CC      drivers/media/rc/keymaps/rc-pv951.o
  CC      drivers/media/rc/keymaps/rc-hauppauge.o
  CC      drivers/media/rc/keymaps/rc-rc6-mce.o
  CC      drivers/media/rc/keymaps/rc-real-audio-220-32-keys.o
  CC      drivers/media/rc/keymaps/rc-reddo.o
  CC      drivers/media/rc/keymaps/rc-snapstream-firefly.o
  CC      drivers/media/rc/keymaps/rc-streamzap.o
  CC      drivers/media/rc/keymaps/rc-tbs-nec.o
  CC      drivers/media/rc/keymaps/rc-technisat-ts35.o
  CC      drivers/media/rc/keymaps/rc-technisat-usb2.o
  CC      drivers/media/rc/keymaps/rc-terratec-cinergy-c-pci.o
  CC      drivers/media/rc/keymaps/rc-terratec-cinergy-s2-hd.o
  CC      drivers/media/rc/keymaps/rc-terratec-cinergy-xs.o
  CC      drivers/media/rc/keymaps/rc-terratec-slim.o
  CC      drivers/media/rc/keymaps/rc-terratec-slim-2.o
  CC      drivers/media/rc/keymaps/rc-tevii-nec.o
  CC      drivers/media/rc/keymaps/rc-tivo.o
  CC      drivers/media/rc/keymaps/rc-total-media-in-hand.o
  CC      drivers/media/rc/keymaps/rc-total-media-in-hand-02.o
  CC      drivers/media/rc/keymaps/rc-trekstor.o
  CC      drivers/media/rc/keymaps/rc-tt-1500.o
  CC      drivers/media/rc/keymaps/rc-twinhan-dtv-cab-ci.o
  CC      drivers/media/rc/keymaps/rc-twinhan1027.o
  CC      drivers/media/rc/keymaps/rc-videomate-m1f.o
  CC      drivers/media/rc/keymaps/rc-videomate-s350.o
  CC      drivers/media/rc/keymaps/rc-videomate-tv-pvr.o
  CC      drivers/media/rc/keymaps/rc-winfast.o
  CC      drivers/media/rc/keymaps/rc-winfast-usbii-deluxe.o
  CC      drivers/media/rc/keymaps/rc-su3000.o
  LD      drivers/media/rc/keymaps/built-in.o
  CC      drivers/media/rc/rc-main.o
  CC      drivers/media/rc/rc-ir-raw.o
  LD      drivers/media/rc/rc-core.o
  CC      drivers/media/rc/ir-nec-decoder.o
  CC      drivers/media/rc/ir-rc5-decoder.o
  CC      drivers/media/rc/ir-rc6-decoder.o
  CC      drivers/media/rc/ir-jvc-decoder.o
  CC      drivers/media/rc/ir-sony-decoder.o
  CC      drivers/media/rc/ir-sanyo-decoder.o
  CC      drivers/media/rc/ir-sharp-decoder.o
  CC      drivers/media/rc/ir-mce_kbd-decoder.o
  CC      drivers/media/rc/ir-xmp-decoder.o
  LD      drivers/media/rc/built-in.o
  CC      drivers/media/tuners/tuner-xc2028.o
  CC      drivers/media/tuners/tuner-simple.o
  CC      drivers/media/tuners/tuner-types.o
  CC      drivers/media/tuners/mt20xx.o
  CC      drivers/media/tuners/tda8290.o
  CC      drivers/media/tuners/tda9887.o
  CC      drivers/media/tuners/tda827x.o
  CC      drivers/media/tuners/tda18271-maps.o
  CC      drivers/media/tuners/tda18271-common.o
  CC      drivers/media/tuners/tda18271-fe.o
  LD      drivers/media/tuners/tda18271.o
  CC      drivers/media/tuners/xc5000.o
  CC      drivers/media/tuners/xc4000.o
  CC      drivers/media/tuners/mc44s803.o
  LD      drivers/media/tuners/built-in.o
  LD      drivers/media/usb/b2c2/built-in.o
  LD      drivers/media/usb/dvb-usb/built-in.o
  LD      drivers/media/usb/dvb-usb-v2/built-in.o
  LD      drivers/media/usb/gspca/built-in.o
  CC [M]  drivers/media/usb/gspca/gspca.o
  CC [M]  drivers/media/usb/gspca/autogain_functions.o
  LD [M]  drivers/media/usb/gspca/gspca_main.o
  LD      drivers/media/usb/s2255/built-in.o
  LD      drivers/media/usb/siano/built-in.o
  LD      drivers/media/usb/stkwebcam/built-in.o
  LD      drivers/media/usb/ttusb-budget/built-in.o
  LD      drivers/media/usb/ttusb-dec/built-in.o
  CC      drivers/media/usb/uvc/uvc_driver.o
  CC      drivers/media/usb/uvc/uvc_queue.o
  CC      drivers/media/usb/uvc/uvc_v4l2.o
  CC      drivers/media/usb/uvc/uvc_video.o
  CC      drivers/media/usb/uvc/uvc_ctrl.o
  CC      drivers/media/usb/uvc/uvc_status.o
  CC      drivers/media/usb/uvc/uvc_isight.o
  CC      drivers/media/usb/uvc/uvc_debugfs.o
  CC      drivers/media/usb/uvc/uvc_entity.o
  LD      drivers/media/usb/uvc/uvcvideo.o
  LD      drivers/media/usb/uvc/built-in.o
  LD      drivers/media/usb/zr364xx/built-in.o
  LD      drivers/media/usb/built-in.o
  CC      drivers/media/v4l2-core/v4l2-dev.o
  CC      drivers/media/v4l2-core/v4l2-ioctl.o
  CC      drivers/media/v4l2-core/v4l2-device.o
  CC      drivers/media/v4l2-core/v4l2-fh.o
  CC      drivers/media/v4l2-core/v4l2-event.o
  CC      drivers/media/v4l2-core/v4l2-ctrls.o
  CC      drivers/media/v4l2-core/v4l2-subdev.o
  CC      drivers/media/v4l2-core/v4l2-clk.o
  CC      drivers/media/v4l2-core/v4l2-async.o
  CC      drivers/media/v4l2-core/v4l2-of.o
  CC      drivers/media/v4l2-core/vb2-trace.o
  CC      drivers/media/v4l2-core/v4l2-trace.o
  LD      drivers/media/v4l2-core/videodev.o
  CC      drivers/media/v4l2-core/v4l2-common.o
  CC      drivers/media/v4l2-core/v4l2-dv-timings.o
  CC      drivers/media/v4l2-core/videobuf2-core.o
  CC      drivers/media/v4l2-core/videobuf2-v4l2.o
  CC      drivers/media/v4l2-core/videobuf2-memops.o
  CC      drivers/media/v4l2-core/videobuf2-vmalloc.o
  LD      drivers/media/v4l2-core/built-in.o
  CC      drivers/media/media-device.o
  CC      drivers/media/media-devnode.o
  CC      drivers/media/media-entity.o
  LD      drivers/media/media.o
  LD      drivers/media/built-in.o
  LD      drivers/mfd/built-in.o
  LD      drivers/misc/cb710/built-in.o
  LD      drivers/misc/eeprom/built-in.o
  LD      drivers/misc/lis3lv02d/built-in.o
  LD      drivers/misc/mic/bus/built-in.o
  LD      drivers/misc/mic/built-in.o
  LD      drivers/misc/ti-st/built-in.o
  LD      drivers/misc/built-in.o
  CC      drivers/mmc/card/block.o
  CC      drivers/mmc/card/queue.o
  LD      drivers/mmc/card/mmc_block.o
  LD      drivers/mmc/card/built-in.o
  CC      drivers/mmc/core/core.o
  CC      drivers/mmc/core/bus.o
  CC      drivers/mmc/core/host.o
  CC      drivers/mmc/core/mmc.o
  CC      drivers/mmc/core/mmc_ops.o
  CC      drivers/mmc/core/sd.o
  CC      drivers/mmc/core/sd_ops.o
  CC      drivers/mmc/core/sdio.o
  CC      drivers/mmc/core/sdio_ops.o
  CC      drivers/mmc/core/sdio_bus.o
  CC      drivers/mmc/core/sdio_cis.o
  CC      drivers/mmc/core/sdio_io.o
  CC      drivers/mmc/core/sdio_irq.o
  CC      drivers/mmc/core/quirks.o
  CC      drivers/mmc/core/slot-gpio.o
  CC      drivers/mmc/core/pwrseq.o
  CC      drivers/mmc/core/pwrseq_simple.o
  CC      drivers/mmc/core/pwrseq_emmc.o
  CC      drivers/mmc/core/debugfs.o
  LD      drivers/mmc/core/mmc_core.o
  LD      drivers/mmc/core/built-in.o
  CC      drivers/mmc/host/himciv200/himciv200.o
  CC      drivers/mmc/host/himciv200/himciv200_dbg.o
  LD      drivers/mmc/host/himciv200/built-in.o
  LD      drivers/mmc/host/built-in.o
  LD      drivers/mmc/built-in.o
  LD      drivers/msp/adac/slic/built-in.o
  CC [M]  drivers/msp/adac/slic/./profiles/profiles8.o
  CC [M]  drivers/msp/adac/slic/./hal/vp_hal.o
  CC [M]  drivers/msp/adac/slic/./hal/sys_service.o
  CC [M]  drivers/msp/adac/slic/./common/vp_api_init.o
  CC [M]  drivers/msp/adac/slic/./common/vp_api_control.o
  CC [M]  drivers/msp/adac/slic/./common/vp_api_query.o
  CC [M]  drivers/msp/adac/slic/./common/vp_api_common.o
  CC [M]  drivers/msp/adac/slic/./common/vp_api_cslac_seq.o
  CC [M]  drivers/msp/adac/slic/./common/vp_api_config.o
  CC [M]  drivers/msp/adac/slic/./common/vp_debug.o
  CC [M]  drivers/msp/adac/slic/./common/vp_api_test.o
  CC [M]  drivers/msp/adac/slic/./vp890_api/vp890_config.o
  CC [M]  drivers/msp/adac/slic/./vp890_api/vp890_init.o
  CC [M]  drivers/msp/adac/slic/./vp890_api/vp890_control.o
  CC [M]  drivers/msp/adac/slic/./vp890_api/vp890_common.o
  CC [M]  drivers/msp/adac/slic/./vp890_api/vp890_apiCal.o
  CC [M]  drivers/msp/adac/slic/./vp890_api/vp890_query.o
  CC [M]  drivers/msp/adac/slic/./vp890_api/vp890_seq.o
  CC [M]  drivers/msp/adac/slic/./vp890_api/vp890_fxo_control.o
  CC [M]  drivers/msp/adac/slic/./vp890_api/vp890_fxs_control.o
  CC [M]  drivers/msp/adac/slic/./vp890_api/vp890_lp_control.o
  CC [M]  drivers/msp/adac/slic/./slac.o
  CC [M]  drivers/msp/adac/slic/./slac89116.o
  LD [M]  drivers/msp/adac/slic/hi_slic.o
  LD      drivers/msp/adac/built-in.o
  LD      drivers/msp/adec/adec_v1_1/built-in.o
  CC [M]  drivers/msp/adec/adec_v1_1/drv_adec.o
  CC [M]  drivers/msp/adec/adec_v1_1/drv_adec_k.o
  LD [M]  drivers/msp/adec/adec_v1_1/hi_adec.o
  LD      drivers/msp/adec/built-in.o
  LD      drivers/msp/adsp/adsp_v1_1/built-in.o
  CC [M]  drivers/msp/adsp/adsp_v1_1/drv_adsp_intf.o
  CC [M]  drivers/msp/adsp/adsp_v1_1/drv_adsp.o
  CC [M]  drivers/msp/adsp/adsp_v1_1/drv_adsp_hal.o
  CC [M]  drivers/msp/adsp/adsp_v1_1/drv_adsp_proc.o
  CC [M]  drivers/msp/adsp/adsp_v1_1/osal/adsp_osal.o
  AS [M]  drivers/msp/adsp/adsp_v1_1/./hifi_32bit/common/linear/linear.o
  AS [M]  drivers/msp/adsp/adsp_v1_1/./hifi_32bit/common/mem/dsp_mem.o
  AS [M]  drivers/msp/adsp/adsp_v1_1/./hifi_32bit/common/resampler/resample_rom.o
  AS [M]  drivers/msp/adsp/adsp_v1_1/./hifi_32bit/common/resampler/resample.o
  AS [M]  drivers/msp/adsp/adsp_v1_1/./hifi_32bit/common/util/dsp_util.o
  AS [M]  drivers/msp/adsp/adsp_v1_1/./hifi_32bit/common/ringbuf/dsp_ringbuf.o
  AS [M]  drivers/msp/adsp/adsp_v1_1/./hifi_32bit/common/basicop/basicop.o
  AS [M]  drivers/msp/adsp/adsp_v1_1/./hifi_32bit/common/timer/system_timer.o
  AS [M]  drivers/msp/adsp/adsp_v1_1/./hifi_32bit/sw_main.o
  AS [M]  drivers/msp/adsp/adsp_v1_1/./hifi_32bit/aoe/src/aop/aoe_aop.o
  AS [M]  drivers/msp/adsp/adsp_v1_1/./hifi_32bit/aoe/src/aop/aoe_cast.o
  AS [M]  drivers/msp/adsp/adsp_v1_1/./hifi_32bit/aoe/src/aip/aoe_aip.o
  AS [M]  drivers/msp/adsp/adsp_v1_1/./hifi_32bit/aoe/src/engine/aoe_engine.o
  AS [M]  drivers/msp/adsp/adsp_v1_1/./hifi_32bit/aoe/src/aoe_main.o
  AS [M]  drivers/msp/adsp/adsp_v1_1/./hifi_32bit/aoe/src/aoe_reg.o
  LD [M]  drivers/msp/adsp/adsp_v1_1/hi_adsp.o
  LD      drivers/msp/adsp/built-in.o
  LD      drivers/msp/advca/built-in.o
  CC [M]  drivers/msp/advca/drv_advca_intf.o
  CC [M]  drivers/msp/advca/drv_advca.o
  CC [M]  drivers/msp/advca/drv_advca_common.o
  CC [M]  drivers/msp/advca/drv_tee_advca.o
  CC [M]  drivers/msp/advca/V300/hal_advca_v300.o
  CC [M]  drivers/msp/advca/V300/drv_advca_v300.o
  CC [M]  drivers/msp/advca/ca_otp/ca_otpv200/drv_ca_otp_v200.o
  CC [M]  drivers/msp/advca/runtime/sha1.o
  CC [M]  drivers/msp/advca/runtime/runtime_module.o
  LD [M]  drivers/msp/advca/hi_advca.o
  LD      drivers/msp/aenc/built-in.o
  CC [M]  drivers/msp/aenc/drv_aenc.o
  LD [M]  drivers/msp/aenc/hi_aenc.o
  LD      drivers/msp/aiao/aiao_v1_1/built-in.o
  CC [M]  drivers/msp/aiao/aiao_v1_1/drv_aiao_module.o
  CC [M]  drivers/msp/aiao/aiao_v1_1/common/src/audio_util.o
  CC [M]  drivers/msp/aiao/aiao_v1_1/common/src/hal_aiao.o
  CC [M]  drivers/msp/aiao/aiao_v1_1/common/src/hal_aiao_func.o
  CC [M]  drivers/msp/aiao/aiao_v1_1/common/src/hal_aiao_priv.o
  CC [M]  drivers/msp/aiao/aiao_v1_1/common/src/hal_tianlai_adac.o
  CC [M]  drivers/msp/aiao/aiao_v1_1/ao/drv_ao.o
  CC [M]  drivers/msp/aiao/aiao_v1_1/ao/drv_ao_op.o
  CC [M]  drivers/msp/aiao/aiao_v1_1/ao/drv_ao_track.o
  CC [M]  drivers/msp/aiao/aiao_v1_1/ao/hal_aoe_func.o
  CC [M]  drivers/msp/aiao/aiao_v1_1/ao/hal_aoe.o
  CC [M]  drivers/msp/aiao/aiao_v1_1/ao/drv_ao_intf.o
  CC [M]  drivers/msp/aiao/aiao_v1_1/ao/drv_ao_cast.o
  CC [M]  drivers/msp/aiao/aiao_v1_1/ao/hal_cast.o
  CC [M]  drivers/msp/aiao/aiao_v1_1/common/src/hal_tianlai_adac_v500.o
  CC [M]  drivers/msp/aiao/aiao_v1_1/timer/drv_timer.o
  CC [M]  drivers/msp/aiao/aiao_v1_1/ai/drv_ai_intf.o
  CC [M]  drivers/msp/aiao/aiao_v1_1/ai/drv_ai.o
  CC [M]  drivers/msp/aiao/aiao_v1_1/alsa/dsp_mix_v2/hiaiao_card.o
  CC [M]  drivers/msp/aiao/aiao_v1_1/alsa/dsp_mix_v2/hiaiao_dma.o
  CC [M]  drivers/msp/aiao/aiao_v1_1/alsa/dsp_mix_v2/hiaiao_codec.o
  CC [M]  drivers/msp/aiao/aiao_v1_1/alsa/dsp_mix_v2/hiaiao_i2s.o
  CC [M]  drivers/msp/aiao/aiao_v1_1/alsa/dsp_mix_v2/alsa_aiao_proc_func.o
  CC [M]  drivers/msp/aiao/aiao_v1_1/alsa/dsp_mix_v2/drv_ao_func.o
  CC [M]  drivers/msp/aiao/aiao_v1_1/alsa/dsp_mix_v2/alsa_aiao_volume_func.o
  CC [M]  drivers/msp/aiao/aiao_v1_1/alsa/dsp_mix_v2/alsa_i2c.o
/home/amiya/workplace/hi3798/HiSTBLinux/source/kernel/linux-4.4.y/drivers/msp/aiao/aiao_v1_1/alsa/dsp_mix_v2/alsa_i2c.c: In function 'i2c_pin_mf_config':
/home/amiya/workplace/hi3798/HiSTBLinux/source/kernel/linux-4.4.y/drivers/msp/aiao/aiao_v1_1/alsa/dsp_mix_v2/alsa_i2c.c:128:15: error: 'HI_REG_IO_S' has no member named 'ioshare_reg20'
     g_pstRegIO->ioshare_reg20.u32 = 0x0;  //set tlv320 reset pin
               ^
/home/amiya/workplace/hi3798/HiSTBLinux/source/kernel/linux-4.4.y/drivers/msp/aiao/aiao_v1_1/alsa/dsp_mix_v2/alsa_i2c.c:129:15: error: 'HI_REG_IO_S' has no member named 'ioshare_reg17'
     g_pstRegIO->ioshare_reg17.u32 = 0x0;  //set I2C2_SCL pin
               ^
/home/amiya/workplace/hi3798/HiSTBLinux/source/kernel/linux-4.4.y/drivers/msp/aiao/aiao_v1_1/alsa/dsp_mix_v2/alsa_i2c.c:130:15: error: 'HI_REG_IO_S' has no member named 'ioshare_reg18'
     g_pstRegIO->ioshare_reg18.u32 = 0x0;  //set I2C2_SDA pin
               ^
/home/amiya/workplace/hi3798/HiSTBLinux/source/kernel/linux-4.4.y/drivers/msp/aiao/aiao_v1_1/alsa/dsp_mix_v2/alsa_i2c.c: In function 'i2c_pin_init':
/home/amiya/workplace/hi3798/HiSTBLinux/source/kernel/linux-4.4.y/drivers/msp/aiao/aiao_v1_1/alsa/dsp_mix_v2/alsa_i2c.c:62:16: error: 'SDA_GPIO_GNUM_S40' undeclared (first use in this function)
 #define SDA (((SDA_GPIO_GNUM_S40) * 8) + (SDA_GPIO_PNUM_S40))
                ^
/home/amiya/workplace/hi3798/HiSTBLinux/source/kernel/linux-4.4.y/drivers/msp/aiao/aiao_v1_1/alsa/dsp_mix_v2/alsa_i2c.c:101:27: note: in definition of macro 'HI_gpio_dir_OUT'
     HI_DRV_GPIO_SetDirBit(x,HI_FALSE )
                           ^
/home/amiya/workplace/hi3798/HiSTBLinux/source/kernel/linux-4.4.y/drivers/msp/aiao/aiao_v1_1/alsa/dsp_mix_v2/alsa_i2c.c:160:21: note: in expansion of macro 'SDA'
     HI_gpio_dir_OUT(SDA);
                     ^
/home/amiya/workplace/hi3798/HiSTBLinux/source/kernel/linux-4.4.y/drivers/msp/aiao/aiao_v1_1/alsa/dsp_mix_v2/alsa_i2c.c:62:16: note: each undeclared identifier is reported only once for each function it appears in
 #define SDA (((SDA_GPIO_GNUM_S40) * 8) + (SDA_GPIO_PNUM_S40))
                ^
/home/amiya/workplace/hi3798/HiSTBLinux/source/kernel/linux-4.4.y/drivers/msp/aiao/aiao_v1_1/alsa/dsp_mix_v2/alsa_i2c.c:101:27: note: in definition of macro 'HI_gpio_dir_OUT'
     HI_DRV_GPIO_SetDirBit(x,HI_FALSE )
                           ^
/home/amiya/workplace/hi3798/HiSTBLinux/source/kernel/linux-4.4.y/drivers/msp/aiao/aiao_v1_1/alsa/dsp_mix_v2/alsa_i2c.c:160:21: note: in expansion of macro 'SDA'
     HI_gpio_dir_OUT(SDA);
                     ^
/home/amiya/workplace/hi3798/HiSTBLinux/source/kernel/linux-4.4.y/drivers/msp/aiao/aiao_v1_1/alsa/dsp_mix_v2/alsa_i2c.c:62:43: error: 'SDA_GPIO_PNUM_S40' undeclared (first use in this function)
 #define SDA (((SDA_GPIO_GNUM_S40) * 8) + (SDA_GPIO_PNUM_S40))
                                           ^
/home/amiya/workplace/hi3798/HiSTBLinux/source/kernel/linux-4.4.y/drivers/msp/aiao/aiao_v1_1/alsa/dsp_mix_v2/alsa_i2c.c:101:27: note: in definition of macro 'HI_gpio_dir_OUT'
     HI_DRV_GPIO_SetDirBit(x,HI_FALSE )
                           ^
/home/amiya/workplace/hi3798/HiSTBLinux/source/kernel/linux-4.4.y/drivers/msp/aiao/aiao_v1_1/alsa/dsp_mix_v2/alsa_i2c.c:160:21: note: in expansion of macro 'SDA'
     HI_gpio_dir_OUT(SDA);
                     ^
/home/amiya/workplace/hi3798/HiSTBLinux/source/kernel/linux-4.4.y/drivers/msp/aiao/aiao_v1_1/alsa/dsp_mix_v2/alsa_i2c.c:63:16: error: 'SCL_GPIO_GNUM_S40' undeclared (first use in this function)
 #define SCL (((SCL_GPIO_GNUM_S40) * 8) + (SCL_GPIO_PNUM_S40))
                ^
/home/amiya/workplace/hi3798/HiSTBLinux/source/kernel/linux-4.4.y/drivers/msp/aiao/aiao_v1_1/alsa/dsp_mix_v2/alsa_i2c.c:101:27: note: in definition of macro 'HI_gpio_dir_OUT'
     HI_DRV_GPIO_SetDirBit(x,HI_FALSE )
                           ^
/home/amiya/workplace/hi3798/HiSTBLinux/source/kernel/linux-4.4.y/drivers/msp/aiao/aiao_v1_1/alsa/dsp_mix_v2/alsa_i2c.c:161:21: note: in expansion of macro 'SCL'
     HI_gpio_dir_OUT(SCL);
                     ^
/home/amiya/workplace/hi3798/HiSTBLinux/source/kernel/linux-4.4.y/drivers/msp/aiao/aiao_v1_1/alsa/dsp_mix_v2/alsa_i2c.c:63:43: error: 'SCL_GPIO_PNUM_S40' undeclared (first use in this function)
 #define SCL (((SCL_GPIO_GNUM_S40) * 8) + (SCL_GPIO_PNUM_S40))
                                           ^
/home/amiya/workplace/hi3798/HiSTBLinux/source/kernel/linux-4.4.y/drivers/msp/aiao/aiao_v1_1/alsa/dsp_mix_v2/alsa_i2c.c:101:27: note: in definition of macro 'HI_gpio_dir_OUT'
     HI_DRV_GPIO_SetDirBit(x,HI_FALSE )
                           ^
/home/amiya/workplace/hi3798/HiSTBLinux/source/kernel/linux-4.4.y/drivers/msp/aiao/aiao_v1_1/alsa/dsp_mix_v2/alsa_i2c.c:161:21: note: in expansion of macro 'SCL'
     HI_gpio_dir_OUT(SCL);
                     ^
/home/amiya/workplace/hi3798/HiSTBLinux/source/kernel/linux-4.4.y/drivers/msp/aiao/aiao_v1_1/alsa/dsp_mix_v2/alsa_i2c.c: In function 'i2c_pin_release':
/home/amiya/workplace/hi3798/HiSTBLinux/source/kernel/linux-4.4.y/drivers/msp/aiao/aiao_v1_1/alsa/dsp_mix_v2/alsa_i2c.c:62:16: error: 'SDA_GPIO_GNUM_S40' undeclared (first use in this function)
 #define SDA (((SDA_GPIO_GNUM_S40) * 8) + (SDA_GPIO_PNUM_S40))
                ^
/home/amiya/workplace/hi3798/HiSTBLinux/source/kernel/linux-4.4.y/drivers/msp/aiao/aiao_v1_1/alsa/dsp_mix_v2/alsa_i2c.c:104:27: note: in definition of macro 'HI_gpio_dir_IN'
     HI_DRV_GPIO_SetDirBit(x, HI_TRUE)
                           ^
/home/amiya/workplace/hi3798/HiSTBLinux/source/kernel/linux-4.4.y/drivers/msp/aiao/aiao_v1_1/alsa/dsp_mix_v2/alsa_i2c.c:169:20: note: in expansion of macro 'SDA'
     HI_gpio_dir_IN(SDA);
                    ^
/home/amiya/workplace/hi3798/HiSTBLinux/source/kernel/linux-4.4.y/drivers/msp/aiao/aiao_v1_1/alsa/dsp_mix_v2/alsa_i2c.c:62:43: error: 'SDA_GPIO_PNUM_S40' undeclared (first use in this function)
 #define SDA (((SDA_GPIO_GNUM_S40) * 8) + (SDA_GPIO_PNUM_S40))
                                           ^
/home/amiya/workplace/hi3798/HiSTBLinux/source/kernel/linux-4.4.y/drivers/msp/aiao/aiao_v1_1/alsa/dsp_mix_v2/alsa_i2c.c:104:27: note: in definition of macro 'HI_gpio_dir_IN'
     HI_DRV_GPIO_SetDirBit(x, HI_TRUE)
                           ^
/home/amiya/workplace/hi3798/HiSTBLinux/source/kernel/linux-4.4.y/drivers/msp/aiao/aiao_v1_1/alsa/dsp_mix_v2/alsa_i2c.c:169:20: note: in expansion of macro 'SDA'
     HI_gpio_dir_IN(SDA);
                    ^
/home/amiya/workplace/hi3798/HiSTBLinux/source/kernel/linux-4.4.y/drivers/msp/aiao/aiao_v1_1/alsa/dsp_mix_v2/alsa_i2c.c:63:16: error: 'SCL_GPIO_GNUM_S40' undeclared (first use in this function)
 #define SCL (((SCL_GPIO_GNUM_S40) * 8) + (SCL_GPIO_PNUM_S40))
                ^
/home/amiya/workplace/hi3798/HiSTBLinux/source/kernel/linux-4.4.y/drivers/msp/aiao/aiao_v1_1/alsa/dsp_mix_v2/alsa_i2c.c:104:27: note: in definition of macro 'HI_gpio_dir_IN'
     HI_DRV_GPIO_SetDirBit(x, HI_TRUE)
                           ^
/home/amiya/workplace/hi3798/HiSTBLinux/source/kernel/linux-4.4.y/drivers/msp/aiao/aiao_v1_1/alsa/dsp_mix_v2/alsa_i2c.c:170:20: note: in expansion of macro 'SCL'
     HI_gpio_dir_IN(SCL);
                    ^
/home/amiya/workplace/hi3798/HiSTBLinux/source/kernel/linux-4.4.y/drivers/msp/aiao/aiao_v1_1/alsa/dsp_mix_v2/alsa_i2c.c:63:43: error: 'SCL_GPIO_PNUM_S40' undeclared (first use in this function)
 #define SCL (((SCL_GPIO_GNUM_S40) * 8) + (SCL_GPIO_PNUM_S40))
                                           ^
/home/amiya/workplace/hi3798/HiSTBLinux/source/kernel/linux-4.4.y/drivers/msp/aiao/aiao_v1_1/alsa/dsp_mix_v2/alsa_i2c.c:104:27: note: in definition of macro 'HI_gpio_dir_IN'
     HI_DRV_GPIO_SetDirBit(x, HI_TRUE)
                           ^
/home/amiya/workplace/hi3798/HiSTBLinux/source/kernel/linux-4.4.y/drivers/msp/aiao/aiao_v1_1/alsa/dsp_mix_v2/alsa_i2c.c:170:20: note: in expansion of macro 'SCL'
     HI_gpio_dir_IN(SCL);
                    ^
/home/amiya/workplace/hi3798/HiSTBLinux/source/kernel/linux-4.4.y/drivers/msp/aiao/aiao_v1_1/alsa/dsp_mix_v2/alsa_i2c.c: In function 'hi_gpio_i2c_bit_getSDA':
/home/amiya/workplace/hi3798/HiSTBLinux/source/kernel/linux-4.4.y/drivers/msp/aiao/aiao_v1_1/alsa/dsp_mix_v2/alsa_i2c.c:62:16: error: 'SDA_GPIO_GNUM_S40' undeclared (first use in this function)
 #define SDA (((SDA_GPIO_GNUM_S40) * 8) + (SDA_GPIO_PNUM_S40))
                ^
/home/amiya/workplace/hi3798/HiSTBLinux/source/kernel/linux-4.4.y/drivers/msp/aiao/aiao_v1_1/alsa/dsp_mix_v2/alsa_i2c.c:104:27: note: in definition of macro 'HI_gpio_dir_IN'
     HI_DRV_GPIO_SetDirBit(x, HI_TRUE)
                           ^
/home/amiya/workplace/hi3798/HiSTBLinux/source/kernel/linux-4.4.y/drivers/msp/aiao/aiao_v1_1/alsa/dsp_mix_v2/alsa_i2c.c:178:20: note: in expansion of macro 'SDA'
     HI_gpio_dir_IN(SDA); 
                    ^
/home/amiya/workplace/hi3798/HiSTBLinux/source/kernel/linux-4.4.y/drivers/msp/aiao/aiao_v1_1/alsa/dsp_mix_v2/alsa_i2c.c:62:43: error: 'SDA_GPIO_PNUM_S40' undeclared (first use in this function)
 #define SDA (((SDA_GPIO_GNUM_S40) * 8) + (SDA_GPIO_PNUM_S40))
                                           ^
/home/amiya/workplace/hi3798/HiSTBLinux/source/kernel/linux-4.4.y/drivers/msp/aiao/aiao_v1_1/alsa/dsp_mix_v2/alsa_i2c.c:104:27: note: in definition of macro 'HI_gpio_dir_IN'
     HI_DRV_GPIO_SetDirBit(x, HI_TRUE)
                           ^
/home/amiya/workplace/hi3798/HiSTBLinux/source/kernel/linux-4.4.y/drivers/msp/aiao/aiao_v1_1/alsa/dsp_mix_v2/alsa_i2c.c:178:20: note: in expansion of macro 'SDA'
     HI_gpio_dir_IN(SDA); 
                    ^
/home/amiya/workplace/hi3798/HiSTBLinux/source/kernel/linux-4.4.y/drivers/msp/aiao/aiao_v1_1/alsa/dsp_mix_v2/alsa_i2c.c: In function 'hi_gpio_i2c_bit_setSDA':
/home/amiya/workplace/hi3798/HiSTBLinux/source/kernel/linux-4.4.y/drivers/msp/aiao/aiao_v1_1/alsa/dsp_mix_v2/alsa_i2c.c:62:16: error: 'SDA_GPIO_GNUM_S40' undeclared (first use in this function)
 #define SDA (((SDA_GPIO_GNUM_S40) * 8) + (SDA_GPIO_PNUM_S40))
                ^
/home/amiya/workplace/hi3798/HiSTBLinux/source/kernel/linux-4.4.y/drivers/msp/aiao/aiao_v1_1/alsa/dsp_mix_v2/alsa_i2c.c:101:27: note: in definition of macro 'HI_gpio_dir_OUT'
     HI_DRV_GPIO_SetDirBit(x,HI_FALSE )
                           ^
/home/amiya/workplace/hi3798/HiSTBLinux/source/kernel/linux-4.4.y/drivers/msp/aiao/aiao_v1_1/alsa/dsp_mix_v2/alsa_i2c.c:186:21: note: in expansion of macro 'SDA'
     HI_gpio_dir_OUT(SDA); 
                     ^
/home/amiya/workplace/hi3798/HiSTBLinux/source/kernel/linux-4.4.y/drivers/msp/aiao/aiao_v1_1/alsa/dsp_mix_v2/alsa_i2c.c:62:43: error: 'SDA_GPIO_PNUM_S40' undeclared (first use in this function)
 #define SDA (((SDA_GPIO_GNUM_S40) * 8) + (SDA_GPIO_PNUM_S40))
                                           ^
/home/amiya/workplace/hi3798/HiSTBLinux/source/kernel/linux-4.4.y/drivers/msp/aiao/aiao_v1_1/alsa/dsp_mix_v2/alsa_i2c.c:101:27: note: in definition of macro 'HI_gpio_dir_OUT'
     HI_DRV_GPIO_SetDirBit(x,HI_FALSE )
                           ^
/home/amiya/workplace/hi3798/HiSTBLinux/source/kernel/linux-4.4.y/drivers/msp/aiao/aiao_v1_1/alsa/dsp_mix_v2/alsa_i2c.c:186:21: note: in expansion of macro 'SDA'
     HI_gpio_dir_OUT(SDA); 
                     ^
/home/amiya/workplace/hi3798/HiSTBLinux/source/kernel/linux-4.4.y/drivers/msp/aiao/aiao_v1_1/alsa/dsp_mix_v2/alsa_i2c.c: In function 'hi_gpio_i2c_bit_getSCL':
/home/amiya/workplace/hi3798/HiSTBLinux/source/kernel/linux-4.4.y/drivers/msp/aiao/aiao_v1_1/alsa/dsp_mix_v2/alsa_i2c.c:63:16: error: 'SCL_GPIO_GNUM_S40' undeclared (first use in this function)
 #define SCL (((SCL_GPIO_GNUM_S40) * 8) + (SCL_GPIO_PNUM_S40))
                ^
/home/amiya/workplace/hi3798/HiSTBLinux/source/kernel/linux-4.4.y/drivers/msp/aiao/aiao_v1_1/alsa/dsp_mix_v2/alsa_i2c.c:104:27: note: in definition of macro 'HI_gpio_dir_IN'
     HI_DRV_GPIO_SetDirBit(x, HI_TRUE)
                           ^
/home/amiya/workplace/hi3798/HiSTBLinux/source/kernel/linux-4.4.y/drivers/msp/aiao/aiao_v1_1/alsa/dsp_mix_v2/alsa_i2c.c:197:20: note: in expansion of macro 'SCL'
     HI_gpio_dir_IN(SCL); 
                    ^
/home/amiya/workplace/hi3798/HiSTBLinux/source/kernel/linux-4.4.y/drivers/msp/aiao/aiao_v1_1/alsa/dsp_mix_v2/alsa_i2c.c:63:43: error: 'SCL_GPIO_PNUM_S40' undeclared (first use in this function)
 #define SCL (((SCL_GPIO_GNUM_S40) * 8) + (SCL_GPIO_PNUM_S40))
                                           ^
/home/amiya/workplace/hi3798/HiSTBLinux/source/kernel/linux-4.4.y/drivers/msp/aiao/aiao_v1_1/alsa/dsp_mix_v2/alsa_i2c.c:104:27: note: in definition of macro 'HI_gpio_dir_IN'
     HI_DRV_GPIO_SetDirBit(x, HI_TRUE)
                           ^
/home/amiya/workplace/hi3798/HiSTBLinux/source/kernel/linux-4.4.y/drivers/msp/aiao/aiao_v1_1/alsa/dsp_mix_v2/alsa_i2c.c:197:20: note: in expansion of macro 'SCL'
     HI_gpio_dir_IN(SCL); 
                    ^
/home/amiya/workplace/hi3798/HiSTBLinux/source/kernel/linux-4.4.y/drivers/msp/aiao/aiao_v1_1/alsa/dsp_mix_v2/alsa_i2c.c: In function 'hi_gpio_i2c_bit_setSCL':
/home/amiya/workplace/hi3798/HiSTBLinux/source/kernel/linux-4.4.y/drivers/msp/aiao/aiao_v1_1/alsa/dsp_mix_v2/alsa_i2c.c:63:16: error: 'SCL_GPIO_GNUM_S40' undeclared (first use in this function)
 #define SCL (((SCL_GPIO_GNUM_S40) * 8) + (SCL_GPIO_PNUM_S40))
                ^
/home/amiya/workplace/hi3798/HiSTBLinux/source/kernel/linux-4.4.y/drivers/msp/aiao/aiao_v1_1/alsa/dsp_mix_v2/alsa_i2c.c:101:27: note: in definition of macro 'HI_gpio_dir_OUT'
     HI_DRV_GPIO_SetDirBit(x,HI_FALSE )
                           ^
/home/amiya/workplace/hi3798/HiSTBLinux/source/kernel/linux-4.4.y/drivers/msp/aiao/aiao_v1_1/alsa/dsp_mix_v2/alsa_i2c.c:204:21: note: in expansion of macro 'SCL'
     HI_gpio_dir_OUT(SCL); 
                     ^
/home/amiya/workplace/hi3798/HiSTBLinux/source/kernel/linux-4.4.y/drivers/msp/aiao/aiao_v1_1/alsa/dsp_mix_v2/alsa_i2c.c:63:43: error: 'SCL_GPIO_PNUM_S40' undeclared (first use in this function)
 #define SCL (((SCL_GPIO_GNUM_S40) * 8) + (SCL_GPIO_PNUM_S40))
                                           ^
/home/amiya/workplace/hi3798/HiSTBLinux/source/kernel/linux-4.4.y/drivers/msp/aiao/aiao_v1_1/alsa/dsp_mix_v2/alsa_i2c.c:101:27: note: in definition of macro 'HI_gpio_dir_OUT'
     HI_DRV_GPIO_SetDirBit(x,HI_FALSE )
                           ^
/home/amiya/workplace/hi3798/HiSTBLinux/source/kernel/linux-4.4.y/drivers/msp/aiao/aiao_v1_1/alsa/dsp_mix_v2/alsa_i2c.c:204:21: note: in expansion of macro 'SCL'
     HI_gpio_dir_OUT(SCL); 
                     ^
/home/amiya/workplace/hi3798/HiSTBLinux/source/kernel/linux-4.4.y/drivers/msp/aiao/aiao_v1_1/alsa/dsp_mix_v2/alsa_i2c.c: In function 'remove_i2c':
/home/amiya/workplace/hi3798/HiSTBLinux/source/kernel/linux-4.4.y/drivers/msp/aiao/aiao_v1_1/alsa/dsp_mix_v2/alsa_i2c.c:286:5: error: ISO C90 forbids mixed declarations and code [-Werror=declaration-after-statement]
     struct i2c_algo_bit_data *bit_data = (struct i2c_algo_bit_data *)adapter->algo_data;
     ^
/home/amiya/workplace/hi3798/HiSTBLinux/source/kernel/linux-4.4.y/drivers/msp/aiao/aiao_v1_1/alsa/dsp_mix_v2/alsa_i2c.c: In function 'godbox_aic31_reset':
/home/amiya/workplace/hi3798/HiSTBLinux/source/kernel/linux-4.4.y/drivers/msp/aiao/aiao_v1_1/alsa/dsp_mix_v2/alsa_i2c.c:319:28: error: 'SLAC_RESET_GPIO_GNUM_S40' undeclared (first use in this function)
      HI_DRV_GPIO_SetDirBit(SLAC_RESET_GPIO_GNUM_S40*8+SLAC_RESET_GPIO_PNUM_S40, 0);
                            ^
/home/amiya/workplace/hi3798/HiSTBLinux/source/kernel/linux-4.4.y/drivers/msp/aiao/aiao_v1_1/alsa/dsp_mix_v2/alsa_i2c.c:319:55: error: 'SLAC_RESET_GPIO_PNUM_S40' undeclared (first use in this function)
      HI_DRV_GPIO_SetDirBit(SLAC_RESET_GPIO_GNUM_S40*8+SLAC_RESET_GPIO_PNUM_S40, 0);
                                                       ^
cc1: all warnings being treated as errors
make[7]: *** [/home/amiya/workplace/hi3798/HiSTBLinux/source/kernel/linux-4.4.y/scripts/Makefile.build:259: drivers/msp/aiao/aiao_v1_1/alsa/dsp_mix_v2/alsa_i2c.o] Error 1
make[6]: *** [/home/amiya/workplace/hi3798/HiSTBLinux/source/kernel/linux-4.4.y/scripts/Makefile.build:403: drivers/msp/aiao/aiao_v1_1] Error 2
make[5]: *** [/home/amiya/workplace/hi3798/HiSTBLinux/source/kernel/linux-4.4.y/scripts/Makefile.build:403: drivers/msp/aiao] Error 2
make[4]: *** [/home/amiya/workplace/hi3798/HiSTBLinux/source/kernel/linux-4.4.y/scripts/Makefile.build:403: drivers/msp] Error 2
make[3]: *** [/home/amiya/workplace/hi3798/HiSTBLinux/source/kernel/linux-4.4.y/Makefile:961: drivers] Error 2
make[3]: Leaving directory '/home/amiya/workplace/hi3798/HiSTBLinux/out/hi3798mv100/hi3798mv100_out/obj/source/kernel/linux-4.4.y'
make[2]: *** [Makefile:150: sub-make] Error 2
make[2]: Leaving directory '/home/amiya/workplace/hi3798/HiSTBLinux/source/kernel/linux-4.4.y'
make[1]: *** [Makefile:184: /home/amiya/workplace/hi3798/HiSTBLinux/out/hi3798mv100/hi3798mv100_out/obj/source/kernel/linux-4.4.y/arch/arm/boot/uImage] Error 2
make[1]: Leaving directory '/home/amiya/workplace/hi3798/HiSTBLinux/source/kernel'
make: *** [Makefile:154: linux] Error 2

[1;31m #### make target "KCFLAGS=-Wno-error linux" failed !!!(06:12 (mm:ss)) ####[1;0m

